Component: ARM Compiler 5.06 update 7 (build 960) Tool: armlink [4d3601]

==============================================================================

Section Cross References

    main.o(.rti_fn.1) refers to main.o(i.vtor_config) for vtor_config
    showmem.o(i.rt_hw_show_memory) refers to kservice.o(i.rt_assert_handler) for rt_assert_handler
    showmem.o(i.rt_hw_show_memory) refers to kservice.o(i.rt_kprintf) for rt_kprintf
    showmem.o(i.rt_hw_show_memory) refers to showmem.o(.constdata) for __FUNCTION__
    cpu_cache.o(i.rt_hw_cpu_dcache_disable) refers to cpu_cache.o(i.SCB_DisableDCache) for SCB_DisableDCache
    cpu_cache.o(i.rt_hw_cpu_dcache_enable) refers to cpu_cache.o(i.SCB_EnableDCache) for SCB_EnableDCache
    cpu_cache.o(i.rt_hw_cpu_dcache_ops) refers to cpu_cache.o(i.SCB_CleanInvalidateDCache_by_Addr) for SCB_CleanInvalidateDCache_by_Addr
    cpu_cache.o(i.rt_hw_cpu_dcache_ops) refers to cpu_cache.o(i.SCB_CleanDCache_by_Addr) for SCB_CleanDCache_by_Addr
    cpu_cache.o(i.rt_hw_cpu_dcache_ops) refers to cpu_cache.o(i.SCB_InvalidateDCache_by_Addr) for SCB_InvalidateDCache_by_Addr
    cpu_cache.o(i.rt_hw_cpu_dcache_ops) refers to kservice.o(i.rt_assert_handler) for rt_assert_handler
    cpu_cache.o(i.rt_hw_cpu_dcache_ops) refers to cpu_cache.o(.constdata) for __FUNCTION__
    cpu_cache.o(i.rt_hw_cpu_icache_enable) refers to cpu_cache.o(i.SCB_EnableICache) for SCB_EnableICache
    cpuport.o(i.bus_fault_track) refers to kservice.o(i.rt_kprintf) for rt_kprintf
    cpuport.o(i.hard_fault_track) refers to kservice.o(i.rt_kprintf) for rt_kprintf
    cpuport.o(i.hard_fault_track) refers to cpuport.o(i.bus_fault_track) for bus_fault_track
    cpuport.o(i.hard_fault_track) refers to cpuport.o(i.mem_manage_fault_track) for mem_manage_fault_track
    cpuport.o(i.hard_fault_track) refers to cpuport.o(i.usage_fault_track) for usage_fault_track
    cpuport.o(i.mem_manage_fault_track) refers to kservice.o(i.rt_kprintf) for rt_kprintf
    cpuport.o(i.rt_hw_cpu_shutdown) refers to kservice.o(i.rt_kprintf) for rt_kprintf
    cpuport.o(i.rt_hw_cpu_shutdown) refers to kservice.o(i.rt_assert_handler) for rt_assert_handler
    cpuport.o(i.rt_hw_cpu_shutdown) refers to cpuport.o(.constdata) for __FUNCTION__
    cpuport.o(i.rt_hw_exception_install) refers to cpuport.o(.data) for rt_exception_hook
    cpuport.o(i.rt_hw_hard_fault_exception) refers to kservice.o(i.rt_kprintf) for rt_kprintf
    cpuport.o(i.rt_hw_hard_fault_exception) refers to thread.o(i.rt_thread_self) for rt_thread_self
    cpuport.o(i.rt_hw_hard_fault_exception) refers to cmd.o(i.list_thread) for list_thread
    cpuport.o(i.rt_hw_hard_fault_exception) refers to cpuport.o(i.hard_fault_track) for hard_fault_track
    cpuport.o(i.rt_hw_hard_fault_exception) refers to cpuport.o(.data) for rt_exception_hook
    cpuport.o(i.usage_fault_track) refers to kservice.o(i.rt_kprintf) for rt_kprintf
    context_rvds.o(.text) refers to cpuport.o(i.rt_hw_hard_fault_exception) for rt_hw_hard_fault_exception
    context_rvds.o(.text) refers to cpuport.o(.data) for rt_thread_switch_interrupt_flag
    pin.o(i._pin_control) refers to kservice.o(i.rt_assert_handler) for rt_assert_handler
    pin.o(i._pin_control) refers to pin.o(.constdata) for __FUNCTION__
    pin.o(i._pin_read) refers to kservice.o(i.rt_assert_handler) for rt_assert_handler
    pin.o(i._pin_read) refers to pin.o(.constdata) for __FUNCTION__
    pin.o(i._pin_write) refers to kservice.o(i.rt_assert_handler) for rt_assert_handler
    pin.o(i._pin_write) refers to pin.o(.constdata) for __FUNCTION__
    pin.o(i.rt_device_pin_register) refers to device.o(i.rt_device_register) for rt_device_register
    pin.o(i.rt_device_pin_register) refers to pin.o(.bss) for _hw_pin
    pin.o(i.rt_device_pin_register) refers to pin.o(i._pin_read) for _pin_read
    pin.o(i.rt_device_pin_register) refers to pin.o(i._pin_write) for _pin_write
    pin.o(i.rt_device_pin_register) refers to pin.o(i._pin_control) for _pin_control
    pin.o(i.rt_pin_attach_irq) refers to kservice.o(i.rt_assert_handler) for rt_assert_handler
    pin.o(i.rt_pin_attach_irq) refers to pin.o(.bss) for _hw_pin
    pin.o(i.rt_pin_attach_irq) refers to pin.o(.constdata) for __FUNCTION__
    pin.o(i.rt_pin_detach_irq) refers to kservice.o(i.rt_assert_handler) for rt_assert_handler
    pin.o(i.rt_pin_detach_irq) refers to pin.o(.bss) for _hw_pin
    pin.o(i.rt_pin_detach_irq) refers to pin.o(.constdata) for __FUNCTION__
    pin.o(i.rt_pin_get) refers to kservice.o(i.rt_assert_handler) for rt_assert_handler
    pin.o(i.rt_pin_get) refers to pin.o(.bss) for _hw_pin
    pin.o(i.rt_pin_get) refers to pin.o(.constdata) for __FUNCTION__
    pin.o(i.rt_pin_irq_enable) refers to kservice.o(i.rt_assert_handler) for rt_assert_handler
    pin.o(i.rt_pin_irq_enable) refers to pin.o(.bss) for _hw_pin
    pin.o(i.rt_pin_irq_enable) refers to pin.o(.constdata) for __FUNCTION__
    pin.o(i.rt_pin_mode) refers to kservice.o(i.rt_assert_handler) for rt_assert_handler
[...]
    stm32h7xx_hal_rcc_ex.o(i.HAL_RCCEx_GetD1SysClockFreq) refers to stm32h7xx_hal_rcc.o(i.HAL_RCC_GetSysClockFreq) for HAL_RCC_GetSysClockFreq
    stm32h7xx_hal_rcc_ex.o(i.HAL_RCCEx_GetD1SysClockFreq) refers to system_stm32h7xx.o(.constdata) for D1CorePrescTable
    stm32h7xx_hal_rcc_ex.o(i.HAL_RCCEx_GetD1SysClockFreq) refers to system_stm32h7xx.o(.data) for SystemCoreClock
    stm32h7xx_hal_rcc_ex.o(i.HAL_RCCEx_GetD3PCLK1Freq) refers to stm32h7xx_hal_rcc.o(i.HAL_RCC_GetHCLKFreq) for HAL_RCC_GetHCLKFreq
    stm32h7xx_hal_rcc_ex.o(i.HAL_RCCEx_GetD3PCLK1Freq) refers to system_stm32h7xx.o(.constdata) for D1CorePrescTable
    stm32h7xx_hal_rcc_ex.o(i.HAL_RCCEx_GetPeriphCLKFreq) refers to stm32h7xx_hal_rcc_ex.o(i.HAL_RCCEx_GetPLL1ClockFreq) for HAL_RCCEx_GetPLL1ClockFreq
    stm32h7xx_hal_rcc_ex.o(i.HAL_RCCEx_GetPeriphCLKFreq) refers to stm32h7xx_hal_rcc_ex.o(i.HAL_RCCEx_GetPLL2ClockFreq) for HAL_RCCEx_GetPLL2ClockFreq
    stm32h7xx_hal_rcc_ex.o(i.HAL_RCCEx_GetPeriphCLKFreq) refers to stm32h7xx_hal_rcc_ex.o(i.HAL_RCCEx_GetPLL3ClockFreq) for HAL_RCCEx_GetPLL3ClockFreq
    stm32h7xx_hal_rcc_ex.o(i.HAL_RCCEx_PeriphCLKConfig) refers to stm32h7xx_hal_rcc_ex.o(i.RCCEx_PLL2_Config) for RCCEx_PLL2_Config
    stm32h7xx_hal_rcc_ex.o(i.HAL_RCCEx_PeriphCLKConfig) refers to stm32h7xx_hal_rcc_ex.o(i.RCCEx_PLL3_Config) for RCCEx_PLL3_Config
    stm32h7xx_hal_rcc_ex.o(i.HAL_RCCEx_PeriphCLKConfig) refers to drv_common.o(i.HAL_GetTick) for HAL_GetTick
    stm32h7xx_hal_rcc_ex.o(i.RCCEx_PLL2_Config) refers to drv_common.o(i.HAL_GetTick) for HAL_GetTick
    stm32h7xx_hal_rcc_ex.o(i.RCCEx_PLL3_Config) refers to drv_common.o(i.HAL_GetTick) for HAL_GetTick
    stm32h7xx_hal_gpio.o(i.HAL_GPIO_EXTI_IRQHandler) refers to drv_gpio.o(i.HAL_GPIO_EXTI_Callback) for HAL_GPIO_EXTI_Callback
    startup_stm32h750xx.o(RESET) refers to startup_stm32h750xx.o(STACK) for __initial_sp
    startup_stm32h750xx.o(RESET) refers to startup_stm32h750xx.o(.text) for Reset_Handler
    startup_stm32h750xx.o(RESET) refers to context_rvds.o(.text) for HardFault_Handler
    startup_stm32h750xx.o(RESET) refers to drv_common.o(i.SysTick_Handler) for SysTick_Handler
    startup_stm32h750xx.o(RESET) refers to drv_gpio.o(i.EXTI0_IRQHandler) for EXTI0_IRQHandler
    startup_stm32h750xx.o(RESET) refers to drv_gpio.o(i.EXTI1_IRQHandler) for EXTI1_IRQHandler
    startup_stm32h750xx.o(RESET) refers to drv_gpio.o(i.EXTI2_IRQHandler) for EXTI2_IRQHandler
    startup_stm32h750xx.o(RESET) refers to drv_gpio.o(i.EXTI3_IRQHandler) for EXTI3_IRQHandler
    startup_stm32h750xx.o(RESET) refers to drv_gpio.o(i.EXTI4_IRQHandler) for EXTI4_IRQHandler
    startup_stm32h750xx.o(RESET) refers to drv_gpio.o(i.EXTI9_5_IRQHandler) for EXTI9_5_IRQHandler
    startup_stm32h750xx.o(RESET) refers to drv_gpio.o(i.EXTI15_10_IRQHandler) for EXTI15_10_IRQHandler
    startup_stm32h750xx.o(RESET) refers to drv_usart.o(i.UART4_IRQHandler) for UART4_IRQHandler
    startup_stm32h750xx.o(.text) refers to system_stm32h7xx.o(i.SystemInit) for SystemInit
    startup_stm32h750xx.o(.text) refers to entry.o(.ARM.Collect$$$$00000000) for __main
    stm32h7xx_hal_uart.o(i.HAL_HalfDuplex_Init) refers to stm32h7xx_hal_msp.o(i.HAL_UART_MspInit) for HAL_UART_MspInit
    stm32h7xx_hal_uart.o(i.HAL_HalfDuplex_Init) refers to stm32h7xx_hal_uart.o(i.UART_SetConfig) for UART_SetConfig
    stm32h7xx_hal_uart.o(i.HAL_HalfDuplex_Init) refers to stm32h7xx_hal_uart.o(i.UART_AdvFeatureConfig) for UART_AdvFeatureConfig
    stm32h7xx_hal_uart.o(i.HAL_HalfDuplex_Init) refers to stm32h7xx_hal_uart.o(i.UART_CheckIdleState) for UART_CheckIdleState
    stm32h7xx_hal_uart.o(i.HAL_LIN_Init) refers to stm32h7xx_hal_msp.o(i.HAL_UART_MspInit) for HAL_UART_MspInit
    stm32h7xx_hal_uart.o(i.HAL_LIN_Init) refers to stm32h7xx_hal_uart.o(i.UART_SetConfig) for UART_SetConfig
    stm32h7xx_hal_uart.o(i.HAL_LIN_Init) refers to stm32h7xx_hal_uart.o(i.UART_AdvFeatureConfig) for UART_AdvFeatureConfig
    stm32h7xx_hal_uart.o(i.HAL_LIN_Init) refers to stm32h7xx_hal_uart.o(i.UART_CheckIdleState) for UART_CheckIdleState
    stm32h7xx_hal_uart.o(i.HAL_MultiProcessor_DisableMuteMode) refers to stm32h7xx_hal_uart.o(i.UART_CheckIdleState) for UART_CheckIdleState
    stm32h7xx_hal_uart.o(i.HAL_MultiProcessor_EnableMuteMode) refers to stm32h7xx_hal_uart.o(i.UART_CheckIdleState) for UART_CheckIdleState
    stm32h7xx_hal_uart.o(i.HAL_MultiProcessor_Init) refers to stm32h7xx_hal_msp.o(i.HAL_UART_MspInit) for HAL_UART_MspInit
    stm32h7xx_hal_uart.o(i.HAL_MultiProcessor_Init) refers to stm32h7xx_hal_uart.o(i.UART_SetConfig) for UART_SetConfig
    stm32h7xx_hal_uart.o(i.HAL_MultiProcessor_Init) refers to stm32h7xx_hal_uart.o(i.UART_AdvFeatureConfig) for UART_AdvFeatureConfig
    stm32h7xx_hal_uart.o(i.HAL_MultiProcessor_Init) refers to stm32h7xx_hal_uart.o(i.UART_CheckIdleState) for UART_CheckIdleState
    stm32h7xx_hal_uart.o(i.HAL_UART_Abort) refers to stm32h7xx_hal_dma.o(i.HAL_DMA_Abort) for HAL_DMA_Abort
    stm32h7xx_hal_uart.o(i.HAL_UART_Abort) refers to stm32h7xx_hal_dma.o(i.HAL_DMA_GetError) for HAL_DMA_GetError
    stm32h7xx_hal_uart.o(i.HAL_UART_AbortReceive) refers to stm32h7xx_hal_dma.o(i.HAL_DMA_Abort) for HAL_DMA_Abort
    stm32h7xx_hal_uart.o(i.HAL_UART_AbortReceive) refers to stm32h7xx_hal_dma.o(i.HAL_DMA_GetError) for HAL_DMA_GetError
    stm32h7xx_hal_uart.o(i.HAL_UART_AbortReceive_IT) refers to stm32h7xx_hal_dma.o(i.HAL_DMA_Abort_IT) for HAL_DMA_Abort_IT
    stm32h7xx_hal_uart.o(i.HAL_UART_AbortReceive_IT) refers to stm32h7xx_hal_uart.o(i.HAL_UART_AbortReceiveCpltCallback) for HAL_UART_AbortReceiveCpltCallback
    stm32h7xx_hal_uart.o(i.HAL_UART_AbortReceive_IT) refers to stm32h7xx_hal_uart.o(i.UART_DMARxOnlyAbortCallback) for UART_DMARxOnlyAbortCallback
    stm32h7xx_hal_uart.o(i.HAL_UART_AbortTransmit) refers to stm32h7xx_hal_dma.o(i.HAL_DMA_Abort) for HAL_DMA_Abort
    stm32h7xx_hal_uart.o(i.HAL_UART_AbortTransmit) refers to stm32h7xx_hal_dma.o(i.HAL_DMA_GetError) for HAL_DMA_GetError
    stm32h7xx_hal_uart.o(i.HAL_UART_AbortTransmit_IT) refers to stm32h7xx_hal_dma.o(i.HAL_DMA_Abort_IT) for HAL_DMA_Abort_IT
    stm32h7xx_hal_uart.o(i.HAL_UART_AbortTransmit_IT) refers to stm32h7xx_hal_uart.o(i.HAL_UART_AbortTransmitCpltCallback) for HAL_UART_AbortTransmitCpltCallback
    stm32h7xx_hal_uart.o(i.HAL_UART_AbortTransmit_IT) refers to stm32h7xx_hal_uart.o(i.UART_DMATxOnlyAbortCallback) for UART_DMATxOnlyAbortCallback
    stm32h7xx_hal_uart.o(i.HAL_UART_Abort_IT) refers to stm32h7xx_hal_dma.o(i.HAL_DMA_Abort_IT) for HAL_DMA_Abort_IT
    stm32h7xx_hal_uart.o(i.HAL_UART_Abort_IT) refers to stm32h7xx_hal_uart.o(i.HAL_UART_AbortCpltCallback) for HAL_UART_AbortCpltCallback
    stm32h7xx_hal_uart.o(i.HAL_UART_Abort_IT) refers to stm32h7xx_hal_uart.o(i.UART_DMATxAbortCallback) for UART_DMATxAbortCallback
    stm32h7xx_hal_uart.o(i.HAL_UART_Abort_IT) refers to stm32h7xx_hal_uart.o(i.UART_DMARxAbortCallback) for UART_DMARxAbortCallback
    stm32h7xx_hal_uart.o(i.HAL_UART_DMAStop) refers to stm32h7xx_hal_dma.o(i.HAL_DMA_Abort) for HAL_DMA_Abort
    stm32h7xx_hal_uart.o(i.HAL_UART_DMAStop) refers to stm32h7xx_hal_dma.o(i.HAL_DMA_GetError) for HAL_DMA_GetError
    stm32h7xx_hal_uart.o(i.HAL_UART_DMAStop) refers to stm32h7xx_hal_uart.o(i.UART_EndTxTransfer) for UART_EndTxTransfer
    stm32h7xx_hal_uart.o(i.HAL_UART_DMAStop) refers to stm32h7xx_hal_uart.o(i.UART_EndRxTransfer) for UART_EndRxTransfer
    stm32h7xx_hal_uart.o(i.HAL_UART_DeInit) refers to stm32h7xx_hal_msp.o(i.HAL_UART_MspDeInit) for HAL_UART_MspDeInit
    stm32h7xx_hal_uart.o(i.HAL_UART_IRQHandler) refers to stm32h7xx_hal_uart.o(i.UART_EndRxTransfer) for UART_EndRxTransfer
    stm32h7xx_hal_uart.o(i.HAL_UART_IRQHandler) refers to stm32h7xx_hal_dma.o(i.HAL_DMA_Abort_IT) for HAL_DMA_Abort_IT
    stm32h7xx_hal_uart.o(i.HAL_UART_IRQHandler) refers to stm32h7xx_hal_uart.o(i.HAL_UART_ErrorCallback) for HAL_UART_ErrorCallback
    stm32h7xx_hal_uart.o(i.HAL_UART_IRQHandler) refers to stm32h7xx_hal_uart_ex.o(i.HAL_UARTEx_WakeupCallback) for HAL_UARTEx_WakeupCallback
    stm32h7xx_hal_uart.o(i.HAL_UART_IRQHandler) refers to stm32h7xx_hal_uart.o(i.UART_EndTransmit_IT) for UART_EndTransmit_IT
    stm32h7xx_hal_uart.o(i.HAL_UART_IRQHandler) refers to stm32h7xx_hal_uart_ex.o(i.HAL_UARTEx_TxFifoEmptyCallback) for HAL_UARTEx_TxFifoEmptyCallback
    stm32h7xx_hal_uart.o(i.HAL_UART_IRQHandler) refers to stm32h7xx_hal_uart_ex.o(i.HAL_UARTEx_RxFifoFullCallback) for HAL_UARTEx_RxFifoFullCallback
    stm32h7xx_hal_uart.o(i.HAL_UART_IRQHandler) refers to stm32h7xx_hal_uart.o(i.UART_DMAAbortOnError) for UART_DMAAbortOnError
    stm32h7xx_hal_uart.o(i.HAL_UART_Init) refers to stm32h7xx_hal_msp.o(i.HAL_UART_MspInit) for HAL_UART_MspInit
    stm32h7xx_hal_uart.o(i.HAL_UART_Init) refers to stm32h7xx_hal_uart.o(i.UART_SetConfig) for UART_SetConfig
    stm32h7xx_hal_uart.o(i.HAL_UART_Init) refers to stm32h7xx_hal_uart.o(i.UART_AdvFeatureConfig) for UART_AdvFeatureConfig
    stm32h7xx_hal_uart.o(i.HAL_UART_Init) refers to stm32h7xx_hal_uart.o(i.UART_CheckIdleState) for UART_CheckIdleState
    stm32h7xx_hal_uart.o(i.HAL_UART_Receive) refers to drv_common.o(i.HAL_GetTick) for HAL_GetTick
    stm32h7xx_hal_uart.o(i.HAL_UART_Receive) refers to stm32h7xx_hal_uart.o(i.UART_WaitOnFlagUntilTimeout) for UART_WaitOnFlagUntilTimeout
    stm32h7xx_hal_uart.o(i.HAL_UART_Receive_DMA) refers to stm32h7xx_hal_dma.o(i.HAL_DMA_Start_IT) for HAL_DMA_Start_IT
    stm32h7xx_hal_uart.o(i.HAL_UART_Receive_DMA) refers to stm32h7xx_hal_uart.o(i.UART_DMAReceiveCplt) for UART_DMAReceiveCplt
    stm32h7xx_hal_uart.o(i.HAL_UART_Receive_DMA) refers to stm32h7xx_hal_uart.o(i.UART_DMARxHalfCplt) for UART_DMARxHalfCplt
    stm32h7xx_hal_uart.o(i.HAL_UART_Receive_DMA) refers to stm32h7xx_hal_uart.o(i.UART_DMAError) for UART_DMAError
    stm32h7xx_hal_uart.o(i.HAL_UART_Receive_IT) refers to stm32h7xx_hal_uart.o(i.UART_RxISR_16BIT_FIFOEN) for UART_RxISR_16BIT_FIFOEN
    stm32h7xx_hal_uart.o(i.HAL_UART_Receive_IT) refers to stm32h7xx_hal_uart.o(i.UART_RxISR_8BIT_FIFOEN) for UART_RxISR_8BIT_FIFOEN
    stm32h7xx_hal_uart.o(i.HAL_UART_Receive_IT) refers to stm32h7xx_hal_uart.o(i.UART_RxISR_16BIT) for UART_RxISR_16BIT
    stm32h7xx_hal_uart.o(i.HAL_UART_Receive_IT) refers to stm32h7xx_hal_uart.o(i.UART_RxISR_8BIT) for UART_RxISR_8BIT
    stm32h7xx_hal_uart.o(i.HAL_UART_Transmit) refers to drv_common.o(i.HAL_GetTick) for HAL_GetTick
    stm32h7xx_hal_uart.o(i.HAL_UART_Transmit) refers to stm32h7xx_hal_uart.o(i.UART_WaitOnFlagUntilTimeout) for UART_WaitOnFlagUntilTimeout
    stm32h7xx_hal_uart.o(i.HAL_UART_Transmit_DMA) refers to stm32h7xx_hal_dma.o(i.HAL_DMA_Start_IT) for HAL_DMA_Start_IT
    stm32h7xx_hal_uart.o(i.HAL_UART_Transmit_DMA) refers to stm32h7xx_hal_uart.o(i.UART_DMATransmitCplt) for UART_DMATransmitCplt
    stm32h7xx_hal_uart.o(i.HAL_UART_Transmit_DMA) refers to stm32h7xx_hal_uart.o(i.UART_DMATxHalfCplt) for UART_DMATxHalfCplt
    stm32h7xx_hal_uart.o(i.HAL_UART_Transmit_DMA) refers to stm32h7xx_hal_uart.o(i.UART_DMAError) for UART_DMAError
    stm32h7xx_hal_uart.o(i.HAL_UART_Transmit_IT) refers to stm32h7xx_hal_uart.o(i.UART_TxISR_16BIT_FIFOEN) for UART_TxISR_16BIT_FIFOEN
    stm32h7xx_hal_uart.o(i.HAL_UART_Transmit_IT) refers to stm32h7xx_hal_uart.o(i.UART_TxISR_8BIT_FIFOEN) for UART_TxISR_8BIT_FIFOEN
    stm32h7xx_hal_uart.o(i.HAL_UART_Transmit_IT) refers to stm32h7xx_hal_uart.o(i.UART_TxISR_16BIT) for UART_TxISR_16BIT
    stm32h7xx_hal_uart.o(i.HAL_UART_Transmit_IT) refers to stm32h7xx_hal_uart.o(i.UART_TxISR_8BIT) for UART_TxISR_8BIT
    stm32h7xx_hal_uart.o(i.UART_CheckIdleState) refers to drv_common.o(i.HAL_GetTick) for HAL_GetTick
    stm32h7xx_hal_uart.o(i.UART_CheckIdleState) refers to stm32h7xx_hal_uart.o(i.UART_WaitOnFlagUntilTimeout) for UART_WaitOnFlagUntilTimeout
    stm32h7xx_hal_uart.o(i.UART_DMAAbortOnError) refers to stm32h7xx_hal_uart.o(i.HAL_UART_ErrorCallback) for HAL_UART_ErrorCallback
    stm32h7xx_hal_uart.o(i.UART_DMAError) refers to stm32h7xx_hal_uart.o(i.UART_EndTxTransfer) for UART_EndTxTransfer
    stm32h7xx_hal_uart.o(i.UART_DMAError) refers to stm32h7xx_hal_uart.o(i.UART_EndRxTransfer) for UART_EndRxTransfer
    stm32h7xx_hal_uart.o(i.UART_DMAError) refers to stm32h7xx_hal_uart.o(i.HAL_UART_ErrorCallback) for HAL_UART_ErrorCallback
    stm32h7xx_hal_uart.o(i.UART_DMAReceiveCplt) refers to stm32h7xx_hal_uart.o(i.HAL_UART_RxCpltCallback) for HAL_UART_RxCpltCallback
    stm32h7xx_hal_uart.o(i.UART_DMARxAbortCallback) refers to stm32h7xx_hal_uart.o(i.HAL_UART_AbortCpltCallback) for HAL_UART_AbortCpltCallback
    stm32h7xx_hal_uart.o(i.UART_DMARxHalfCplt) refers to stm32h7xx_hal_uart.o(i.HAL_UART_RxHalfCpltCallback) for HAL_UART_RxHalfCpltCallback
    stm32h7xx_hal_uart.o(i.UART_DMARxOnlyAbortCallback) refers to stm32h7xx_hal_uart.o(i.HAL_UART_AbortReceiveCpltCallback) for HAL_UART_AbortReceiveCpltCallback
    stm32h7xx_hal_uart.o(i.UART_DMATransmitCplt) refers to stm32h7xx_hal_uart.o(i.HAL_UART_TxCpltCallback) for HAL_UART_TxCpltCallback
    stm32h7xx_hal_uart.o(i.UART_DMATxAbortCallback) refers to stm32h7xx_hal_uart.o(i.HAL_UART_AbortCpltCallback) for HAL_UART_AbortCpltCallback
    stm32h7xx_hal_uart.o(i.UART_DMATxHalfCplt) refers to stm32h7xx_hal_uart.o(i.HAL_UART_TxHalfCpltCallback) for HAL_UART_TxHalfCpltCallback
    stm32h7xx_hal_uart.o(i.UART_DMATxOnlyAbortCallback) refers to stm32h7xx_hal_uart.o(i.HAL_UART_AbortTransmitCpltCallback) for HAL_UART_AbortTransmitCpltCallback
    stm32h7xx_hal_uart.o(i.UART_EndTransmit_IT) refers to stm32h7xx_hal_uart.o(i.HAL_UART_TxCpltCallback) for HAL_UART_TxCpltCallback
    stm32h7xx_hal_uart.o(i.UART_RxISR_16BIT) refers to stm32h7xx_hal_uart.o(i.HAL_UART_RxCpltCallback) for HAL_UART_RxCpltCallback
    stm32h7xx_hal_uart.o(i.UART_RxISR_16BIT_FIFOEN) refers to stm32h7xx_hal_uart.o(i.HAL_UART_RxCpltCallback) for HAL_UART_RxCpltCallback
    stm32h7xx_hal_uart.o(i.UART_RxISR_16BIT_FIFOEN) refers to stm32h7xx_hal_uart.o(i.UART_RxISR_16BIT) for UART_RxISR_16BIT
    stm32h7xx_hal_uart.o(i.UART_RxISR_8BIT) refers to stm32h7xx_hal_uart.o(i.HAL_UART_RxCpltCallback) for HAL_UART_RxCpltCallback
    stm32h7xx_hal_uart.o(i.UART_RxISR_8BIT_FIFOEN) refers to stm32h7xx_hal_uart.o(i.HAL_UART_RxCpltCallback) for HAL_UART_RxCpltCallback
    stm32h7xx_hal_uart.o(i.UART_RxISR_8BIT_FIFOEN) refers to stm32h7xx_hal_uart.o(i.UART_RxISR_8BIT) for UART_RxISR_8BIT
    stm32h7xx_hal_uart.o(i.UART_SetConfig) refers to stm32h7xx_hal_rcc_ex.o(i.HAL_RCCEx_GetD3PCLK1Freq) for HAL_RCCEx_GetD3PCLK1Freq
    stm32h7xx_hal_uart.o(i.UART_SetConfig) refers to stm32h7xx_hal_rcc_ex.o(i.HAL_RCCEx_GetPLL2ClockFreq) for HAL_RCCEx_GetPLL2ClockFreq
    stm32h7xx_hal_uart.o(i.UART_SetConfig) refers to stm32h7xx_hal_rcc_ex.o(i.HAL_RCCEx_GetPLL3ClockFreq) for HAL_RCCEx_GetPLL3ClockFreq
    stm32h7xx_hal_uart.o(i.UART_SetConfig) refers to uldiv.o(.text) for __aeabi_uldivmod
    stm32h7xx_hal_uart.o(i.UART_SetConfig) refers to stm32h7xx_hal_rcc.o(i.HAL_RCC_GetPCLK1Freq) for HAL_RCC_GetPCLK1Freq
    stm32h7xx_hal_uart.o(i.UART_SetConfig) refers to stm32h7xx_hal_rcc.o(i.HAL_RCC_GetPCLK2Freq) for HAL_RCC_GetPCLK2Freq
    stm32h7xx_hal_uart.o(i.UART_WaitOnFlagUntilTimeout) refers to drv_common.o(i.HAL_GetTick) for HAL_GetTick
    stm32h7xx_hal_uart_ex.o(i.HAL_MultiProcessorEx_AddressLength_Set) refers to stm32h7xx_hal_uart.o(i.UART_CheckIdleState) for UART_CheckIdleState
    stm32h7xx_hal_uart_ex.o(i.HAL_RS485Ex_Init) refers to stm32h7xx_hal_msp.o(i.HAL_UART_MspInit) for HAL_UART_MspInit
    stm32h7xx_hal_uart_ex.o(i.HAL_RS485Ex_Init) refers to stm32h7xx_hal_uart.o(i.UART_SetConfig) for UART_SetConfig
    stm32h7xx_hal_uart_ex.o(i.HAL_RS485Ex_Init) refers to stm32h7xx_hal_uart.o(i.UART_AdvFeatureConfig) for UART_AdvFeatureConfig
    stm32h7xx_hal_uart_ex.o(i.HAL_RS485Ex_Init) refers to stm32h7xx_hal_uart.o(i.UART_CheckIdleState) for UART_CheckIdleState
    stm32h7xx_hal_uart_ex.o(i.HAL_UARTEx_EnableFifoMode) refers to stm32h7xx_hal_uart_ex.o(i.UARTEx_SetNbDataToProcess) for UARTEx_SetNbDataToProcess
    stm32h7xx_hal_uart_ex.o(i.HAL_UARTEx_SetRxFifoThreshold) refers to stm32h7xx_hal_uart_ex.o(i.UARTEx_SetNbDataToProcess) for UARTEx_SetNbDataToProcess
    stm32h7xx_hal_uart_ex.o(i.HAL_UARTEx_SetTxFifoThreshold) refers to stm32h7xx_hal_uart_ex.o(i.UARTEx_SetNbDataToProcess) for UARTEx_SetNbDataToProcess
    stm32h7xx_hal_uart_ex.o(i.HAL_UARTEx_StopModeWakeUpSourceConfig) refers to stm32h7xx_hal_uart_ex.o(i.UARTEx_Wakeup_AddressConfig) for UARTEx_Wakeup_AddressConfig
    stm32h7xx_hal_uart_ex.o(i.HAL_UARTEx_StopModeWakeUpSourceConfig) refers to drv_common.o(i.HAL_GetTick) for HAL_GetTick
    stm32h7xx_hal_uart_ex.o(i.HAL_UARTEx_StopModeWakeUpSourceConfig) refers to stm32h7xx_hal_uart.o(i.UART_WaitOnFlagUntilTimeout) for UART_WaitOnFlagUntilTimeout
    stm32h7xx_hal_spi.o(i.HAL_SPI_Abort) refers to stm32h7xx_hal_dma.o(i.HAL_DMA_Abort) for HAL_DMA_Abort
    stm32h7xx_hal_spi.o(i.HAL_SPI_Abort) refers to stm32h7xx_hal_dma.o(i.HAL_DMA_GetError) for HAL_DMA_GetError
    stm32h7xx_hal_spi.o(i.HAL_SPI_Abort) refers to stm32h7xx_hal_spi.o(i.SPI_AbortTransfer) for SPI_AbortTransfer
    stm32h7xx_hal_spi.o(i.HAL_SPI_Abort) refers to system_stm32h7xx.o(.data) for SystemCoreClock
    stm32h7xx_hal_spi.o(i.HAL_SPI_Abort_IT) refers to stm32h7xx_hal_dma.o(i.HAL_DMA_Abort_IT) for HAL_DMA_Abort_IT
    stm32h7xx_hal_spi.o(i.HAL_SPI_Abort_IT) refers to stm32h7xx_hal_dma.o(i.HAL_DMA_GetError) for HAL_DMA_GetError
    stm32h7xx_hal_spi.o(i.HAL_SPI_Abort_IT) refers to stm32h7xx_hal_spi.o(i.SPI_AbortTransfer) for SPI_AbortTransfer
    stm32h7xx_hal_spi.o(i.HAL_SPI_Abort_IT) refers to stm32h7xx_hal_spi.o(i.HAL_SPI_AbortCpltCallback) for HAL_SPI_AbortCpltCallback
    stm32h7xx_hal_spi.o(i.HAL_SPI_Abort_IT) refers to system_stm32h7xx.o(.data) for SystemCoreClock
    stm32h7xx_hal_spi.o(i.HAL_SPI_Abort_IT) refers to stm32h7xx_hal_spi.o(i.SPI_DMATxAbortCallback) for SPI_DMATxAbortCallback
    stm32h7xx_hal_spi.o(i.HAL_SPI_Abort_IT) refers to stm32h7xx_hal_spi.o(i.SPI_DMARxAbortCallback) for SPI_DMARxAbortCallback
    stm32h7xx_hal_spi.o(i.HAL_SPI_DeInit) refers to stm32h7xx_hal_msp.o(i.HAL_SPI_MspDeInit) for HAL_SPI_MspDeInit
    stm32h7xx_hal_spi.o(i.HAL_SPI_IRQHandler) refers to stm32h7xx_hal_spi.o(i.SPI_CloseTransfer) for SPI_CloseTransfer
    stm32h7xx_hal_spi.o(i.HAL_SPI_IRQHandler) refers to stm32h7xx_hal_spi.o(i.HAL_SPI_ErrorCallback) for HAL_SPI_ErrorCallback
    stm32h7xx_hal_spi.o(i.HAL_SPI_IRQHandler) refers to stm32h7xx_hal_spi.o(i.HAL_SPI_TxRxCpltCallback) for HAL_SPI_TxRxCpltCallback
    stm32h7xx_hal_spi.o(i.HAL_SPI_IRQHandler) refers to stm32h7xx_hal_spi.o(i.HAL_SPI_RxCpltCallback) for HAL_SPI_RxCpltCallback
    stm32h7xx_hal_spi.o(i.HAL_SPI_IRQHandler) refers to stm32h7xx_hal_spi.o(i.HAL_SPI_TxCpltCallback) for HAL_SPI_TxCpltCallback
    stm32h7xx_hal_spi.o(i.HAL_SPI_IRQHandler) refers to stm32h7xx_hal_dma.o(i.HAL_DMA_Abort_IT) for HAL_DMA_Abort_IT
    stm32h7xx_hal_spi.o(i.HAL_SPI_IRQHandler) refers to stm32h7xx_hal_spi.o(i.SPI_DMAAbortOnError) for SPI_DMAAbortOnError
    stm32h7xx_hal_spi.o(i.HAL_SPI_Init) refers to stm32h7xx_hal_spi.o(i.SPI_GetPacketSize) for SPI_GetPacketSize
    stm32h7xx_hal_spi.o(i.HAL_SPI_Init) refers to stm32h7xx_hal_msp.o(i.HAL_SPI_MspInit) for HAL_SPI_MspInit
    stm32h7xx_hal_spi.o(i.HAL_SPI_Receive) refers to stm32h7xx_hal_spi.o(i.HAL_SPI_TransmitReceive) for HAL_SPI_TransmitReceive
    stm32h7xx_hal_spi.o(i.HAL_SPI_Receive) refers to drv_common.o(i.HAL_GetTick) for HAL_GetTick
    stm32h7xx_hal_spi.o(i.HAL_SPI_Receive) refers to stm32h7xx_hal_spi.o(i.SPI_CloseTransfer) for SPI_CloseTransfer
    stm32h7xx_hal_spi.o(i.HAL_SPI_Receive_DMA) refers to stm32h7xx_hal_spi.o(i.HAL_SPI_TransmitReceive_DMA) for HAL_SPI_TransmitReceive_DMA
    stm32h7xx_hal_spi.o(i.HAL_SPI_Receive_DMA) refers to stm32h7xx_hal_dma.o(i.HAL_DMA_Start_IT) for HAL_DMA_Start_IT
    stm32h7xx_hal_spi.o(i.HAL_SPI_Receive_DMA) refers to stm32h7xx_hal_spi.o(i.SPI_DMAHalfReceiveCplt) for SPI_DMAHalfReceiveCplt
    stm32h7xx_hal_spi.o(i.HAL_SPI_Receive_DMA) refers to stm32h7xx_hal_spi.o(i.SPI_DMAReceiveCplt) for SPI_DMAReceiveCplt
    stm32h7xx_hal_spi.o(i.HAL_SPI_Receive_DMA) refers to stm32h7xx_hal_spi.o(i.SPI_DMAError) for SPI_DMAError
    stm32h7xx_hal_spi.o(i.HAL_SPI_Receive_IT) refers to stm32h7xx_hal_spi.o(i.HAL_SPI_TransmitReceive_IT) for HAL_SPI_TransmitReceive_IT
    stm32h7xx_hal_spi.o(i.HAL_SPI_Receive_IT) refers to stm32h7xx_hal_spi.o(i.SPI_RxISR_32BIT) for SPI_RxISR_32BIT
    stm32h7xx_hal_spi.o(i.HAL_SPI_Receive_IT) refers to stm32h7xx_hal_spi.o(i.SPI_RxISR_16BIT) for SPI_RxISR_16BIT
    stm32h7xx_hal_spi.o(i.HAL_SPI_Receive_IT) refers to stm32h7xx_hal_spi.o(i.SPI_RxISR_8BIT) for SPI_RxISR_8BIT
    stm32h7xx_hal_spi.o(i.HAL_SPI_Transmit) refers to drv_common.o(i.HAL_GetTick) for HAL_GetTick
    stm32h7xx_hal_spi.o(i.HAL_SPI_Transmit) refers to stm32h7xx_hal_spi.o(i.SPI_CloseTransfer) for SPI_CloseTransfer
    stm32h7xx_hal_spi.o(i.HAL_SPI_Transmit) refers to stm32h7xx_hal_spi.o(i.SPI_WaitOnFlagUntilTimeout) for SPI_WaitOnFlagUntilTimeout
    stm32h7xx_hal_spi.o(i.HAL_SPI_TransmitReceive) refers to drv_common.o(i.HAL_GetTick) for HAL_GetTick
    stm32h7xx_hal_spi.o(i.HAL_SPI_TransmitReceive) refers to stm32h7xx_hal_spi.o(i.SPI_CloseTransfer) for SPI_CloseTransfer
    stm32h7xx_hal_spi.o(i.HAL_SPI_TransmitReceive) refers to stm32h7xx_hal_spi.o(i.SPI_WaitOnFlagUntilTimeout) for SPI_WaitOnFlagUntilTimeout
    stm32h7xx_hal_spi.o(i.HAL_SPI_TransmitReceive_DMA) refers to stm32h7xx_hal_dma.o(i.HAL_DMA_Start_IT) for HAL_DMA_Start_IT
    stm32h7xx_hal_spi.o(i.HAL_SPI_TransmitReceive_DMA) refers to stm32h7xx_hal_spi.o(i.SPI_DMAHalfReceiveCplt) for SPI_DMAHalfReceiveCplt
    stm32h7xx_hal_spi.o(i.HAL_SPI_TransmitReceive_DMA) refers to stm32h7xx_hal_spi.o(i.SPI_DMAReceiveCplt) for SPI_DMAReceiveCplt
    stm32h7xx_hal_spi.o(i.HAL_SPI_TransmitReceive_DMA) refers to stm32h7xx_hal_spi.o(i.SPI_DMAHalfTransmitReceiveCplt) for SPI_DMAHalfTransmitReceiveCplt
    stm32h7xx_hal_spi.o(i.HAL_SPI_TransmitReceive_DMA) refers to stm32h7xx_hal_spi.o(i.SPI_DMATransmitReceiveCplt) for SPI_DMATransmitReceiveCplt
    stm32h7xx_hal_spi.o(i.HAL_SPI_TransmitReceive_DMA) refers to stm32h7xx_hal_spi.o(i.SPI_DMAError) for SPI_DMAError
    stm32h7xx_hal_spi.o(i.HAL_SPI_TransmitReceive_IT) refers to stm32h7xx_hal_spi.o(i.SPI_TxISR_32BIT) for SPI_TxISR_32BIT
    stm32h7xx_hal_spi.o(i.HAL_SPI_TransmitReceive_IT) refers to stm32h7xx_hal_spi.o(i.SPI_RxISR_32BIT) for SPI_RxISR_32BIT
    stm32h7xx_hal_spi.o(i.HAL_SPI_TransmitReceive_IT) refers to stm32h7xx_hal_spi.o(i.SPI_RxISR_16BIT) for SPI_RxISR_16BIT
    stm32h7xx_hal_spi.o(i.HAL_SPI_TransmitReceive_IT) refers to stm32h7xx_hal_spi.o(i.SPI_TxISR_16BIT) for SPI_TxISR_16BIT
    stm32h7xx_hal_spi.o(i.HAL_SPI_TransmitReceive_IT) refers to stm32h7xx_hal_spi.o(i.SPI_RxISR_8BIT) for SPI_RxISR_8BIT
    stm32h7xx_hal_spi.o(i.HAL_SPI_TransmitReceive_IT) refers to stm32h7xx_hal_spi.o(i.SPI_TxISR_8BIT) for SPI_TxISR_8BIT
    stm32h7xx_hal_spi.o(i.HAL_SPI_Transmit_DMA) refers to stm32h7xx_hal_dma.o(i.HAL_DMA_Start_IT) for HAL_DMA_Start_IT
    stm32h7xx_hal_spi.o(i.HAL_SPI_Transmit_DMA) refers to stm32h7xx_hal_spi.o(i.SPI_DMAHalfTransmitCplt) for SPI_DMAHalfTransmitCplt
    stm32h7xx_hal_spi.o(i.HAL_SPI_Transmit_DMA) refers to stm32h7xx_hal_spi.o(i.SPI_DMATransmitCplt) for SPI_DMATransmitCplt
    stm32h7xx_hal_spi.o(i.HAL_SPI_Transmit_DMA) refers to stm32h7xx_hal_spi.o(i.SPI_DMAError) for SPI_DMAError
    stm32h7xx_hal_spi.o(i.HAL_SPI_Transmit_IT) refers to stm32h7xx_hal_spi.o(i.SPI_TxISR_32BIT) for SPI_TxISR_32BIT
    stm32h7xx_hal_spi.o(i.HAL_SPI_Transmit_IT) refers to stm32h7xx_hal_spi.o(i.SPI_TxISR_16BIT) for SPI_TxISR_16BIT
    stm32h7xx_hal_spi.o(i.HAL_SPI_Transmit_IT) refers to stm32h7xx_hal_spi.o(i.SPI_TxISR_8BIT) for SPI_TxISR_8BIT
    stm32h7xx_hal_spi.o(i.SPI_DMAAbortOnError) refers to stm32h7xx_hal_spi.o(i.HAL_SPI_ErrorCallback) for HAL_SPI_ErrorCallback
    stm32h7xx_hal_spi.o(i.SPI_DMAError) refers to stm32h7xx_hal_dma.o(i.HAL_DMA_GetError) for HAL_DMA_GetError
    stm32h7xx_hal_spi.o(i.SPI_DMAError) refers to stm32h7xx_hal_spi.o(i.SPI_CloseTransfer) for SPI_CloseTransfer
    stm32h7xx_hal_spi.o(i.SPI_DMAError) refers to stm32h7xx_hal_spi.o(i.HAL_SPI_ErrorCallback) for HAL_SPI_ErrorCallback
    stm32h7xx_hal_spi.o(i.SPI_DMAHalfReceiveCplt) refers to stm32h7xx_hal_spi.o(i.HAL_SPI_RxHalfCpltCallback) for HAL_SPI_RxHalfCpltCallback
    stm32h7xx_hal_spi.o(i.SPI_DMAHalfTransmitCplt) refers to stm32h7xx_hal_spi.o(i.HAL_SPI_TxHalfCpltCallback) for HAL_SPI_TxHalfCpltCallback
    stm32h7xx_hal_spi.o(i.SPI_DMAHalfTransmitReceiveCplt) refers to stm32h7xx_hal_spi.o(i.HAL_SPI_TxRxHalfCpltCallback) for HAL_SPI_TxRxHalfCpltCallback
    stm32h7xx_hal_spi.o(i.SPI_DMAReceiveCplt) refers to stm32h7xx_hal_spi.o(i.HAL_SPI_RxCpltCallback) for HAL_SPI_RxCpltCallback
    stm32h7xx_hal_spi.o(i.SPI_DMARxAbortCallback) refers to stm32h7xx_hal_spi.o(i.SPI_AbortTransfer) for SPI_AbortTransfer
    stm32h7xx_hal_spi.o(i.SPI_DMARxAbortCallback) refers to stm32h7xx_hal_spi.o(i.HAL_SPI_AbortCpltCallback) for HAL_SPI_AbortCpltCallback
    stm32h7xx_hal_spi.o(i.SPI_DMATransmitCplt) refers to stm32h7xx_hal_spi.o(i.HAL_SPI_TxCpltCallback) for HAL_SPI_TxCpltCallback
    stm32h7xx_hal_spi.o(i.SPI_DMATransmitReceiveCplt) refers to stm32h7xx_hal_spi.o(i.HAL_SPI_TxRxCpltCallback) for HAL_SPI_TxRxCpltCallback
    stm32h7xx_hal_spi.o(i.SPI_DMATxAbortCallback) refers to stm32h7xx_hal_spi.o(i.SPI_AbortTransfer) for SPI_AbortTransfer
    stm32h7xx_hal_spi.o(i.SPI_DMATxAbortCallback) refers to stm32h7xx_hal_spi.o(i.HAL_SPI_AbortCpltCallback) for HAL_SPI_AbortCpltCallback
    stm32h7xx_hal_spi.o(i.SPI_WaitOnFlagUntilTimeout) refers to drv_common.o(i.HAL_GetTick) for HAL_GetTick
    entry.o(.ARM.Collect$$$$00000000) refers (Special) to entry10a.o(.ARM.Collect$$$$0000000F) for __rt_final_cpp
    entry.o(.ARM.Collect$$$$00000000) refers (Special) to entry11a.o(.ARM.Collect$$$$00000011) for __rt_final_exit
    entry.o(.ARM.Collect$$$$00000000) refers (Special) to entry12b.o(.ARM.Collect$$$$0000000E) for __rt_lib_shutdown_fini
    entry.o(.ARM.Collect$$$$00000000) refers (Special) to entry7b.o(.ARM.Collect$$$$00000008) for _main_clock
    entry.o(.ARM.Collect$$$$00000000) refers (Special) to entry8b.o(.ARM.Collect$$$$0000000A) for _main_cpp_init
    entry.o(.ARM.Collect$$$$00000000) refers (Special) to entry9a.o(.ARM.Collect$$$$0000000B) for _main_init
    entry.o(.ARM.Collect$$$$00000000) refers (Special) to entry5.o(.ARM.Collect$$$$00000004) for _main_scatterload
    entry.o(.ARM.Collect$$$$00000000) refers (Special) to entry2.o(.ARM.Collect$$$$00000001) for _main_stk
    getc.o(i.getc) refers to stubs.o(i.fgetc) for fgetc
    uldiv.o(.text) refers to llushr.o(.text) for __aeabi_llsr
    uldiv.o(.text) refers to llshl.o(.text) for __aeabi_llsl
    ldiv.o(.text) refers to uldiv.o(.text) for __aeabi_uldivmod
    printfb.o(i.__0fprintf$bare) refers to printfb.o(i._printf_core) for _printf_core
    printfb.o(i.__0fprintf$bare) refers to stubs.o(i.fputc) for fputc
    printfb.o(i.__0printf$bare) refers to printfb.o(i._printf_core) for _printf_core
    printfb.o(i.__0printf$bare) refers to stubs.o(i.fputc) for fputc
    printfb.o(i.__0printf$bare) refers to stdout.o(.data) for __stdout
    printfb.o(i.__0snprintf$bare) refers to printfb.o(i._printf_core) for _printf_core
    printfb.o(i.__0snprintf$bare) refers to printfb.o(i._snputc) for _snputc
    printfb.o(i.__0sprintf$bare) refers to printfb.o(i._printf_core) for _printf_core
    printfb.o(i.__0sprintf$bare) refers to printfb.o(i._sputc) for _sputc
    printfb.o(i.__0vfprintf$bare) refers to printfb.o(i._printf_core) for _printf_core
    printfb.o(i.__0vfprintf$bare) refers to stubs.o(i.fputc) for fputc
    printfb.o(i.__0vprintf$bare) refers to printfb.o(i._printf_core) for _printf_core
    printfb.o(i.__0vprintf$bare) refers to stubs.o(i.fputc) for fputc
    printfb.o(i.__0vprintf$bare) refers to stdout.o(.data) for __stdout
    printfb.o(i.__0vsnprintf$bare) refers to printfb.o(i._printf_core) for _printf_core
    printfb.o(i.__0vsnprintf$bare) refers to printfb.o(i._snputc) for _snputc
    printfb.o(i.__0vsprintf$bare) refers to printfb.o(i._printf_core) for _printf_core
    printfb.o(i.__0vsprintf$bare) refers to printfb.o(i._sputc) for _sputc
    printf0.o(i.__0fprintf$0) refers to printf0.o(i._printf_core) for _printf_core
    printf0.o(i.__0fprintf$0) refers to stubs.o(i.fputc) for fputc
    printf0.o(i.__0printf$0) refers to printf0.o(i._printf_core) for _printf_core
    printf0.o(i.__0printf$0) refers to stubs.o(i.fputc) for fputc
    printf0.o(i.__0printf$0) refers to stdout.o(.data) for __stdout
    printf0.o(i.__0snprintf$0) refers to printf0.o(i._printf_core) for _printf_core
    printf0.o(i.__0snprintf$0) refers to printf0.o(i._snputc) for _snputc
    printf0.o(i.__0sprintf$0) refers to printf0.o(i._printf_core) for _printf_core
    printf0.o(i.__0sprintf$0) refers to printf0.o(i._sputc) for _sputc
    printf0.o(i.__0vfprintf$0) refers to printf0.o(i._printf_core) for _printf_core
    printf0.o(i.__0vfprintf$0) refers to stubs.o(i.fputc) for fputc
    printf0.o(i.__0vprintf$0) refers to printf0.o(i._printf_core) for _printf_core
    printf0.o(i.__0vprintf$0) refers to stubs.o(i.fputc) for fputc
    printf0.o(i.__0vprintf$0) refers to stdout.o(.data) for __stdout
    printf0.o(i.__0vsnprintf$0) refers to printf0.o(i._printf_core) for _printf_core
    printf0.o(i.__0vsnprintf$0) refers to printf0.o(i._snputc) for _snputc
    printf0.o(i.__0vsprintf$0) refers to printf0.o(i._printf_core) for _printf_core
    printf0.o(i.__0vsprintf$0) refers to printf0.o(i._sputc) for _sputc
    printf1.o(i.__0fprintf$1) refers to printf1.o(i._printf_core) for _printf_core
    printf1.o(i.__0fprintf$1) refers to stubs.o(i.fputc) for fputc
    printf1.o(i.__0printf$1) refers to printf1.o(i._printf_core) for _printf_core
    printf1.o(i.__0printf$1) refers to stubs.o(i.fputc) for fputc
    printf1.o(i.__0printf$1) refers to stdout.o(.data) for __stdout
    printf1.o(i.__0snprintf$1) refers to printf1.o(i._printf_core) for _printf_core
    printf1.o(i.__0snprintf$1) refers to printf1.o(i._snputc) for _snputc
    printf1.o(i.__0sprintf$1) refers to printf1.o(i._printf_core) for _printf_core
    printf1.o(i.__0sprintf$1) refers to printf1.o(i._sputc) for _sputc
    printf1.o(i.__0vfprintf$1) refers to printf1.o(i._printf_core) for _printf_core
    printf1.o(i.__0vfprintf$1) refers to stubs.o(i.fputc) for fputc
    printf1.o(i.__0vprintf$1) refers to printf1.o(i._printf_core) for _printf_core
    printf1.o(i.__0vprintf$1) refers to stubs.o(i.fputc) for fputc
    printf1.o(i.__0vprintf$1) refers to stdout.o(.data) for __stdout
    printf1.o(i.__0vsnprintf$1) refers to printf1.o(i._printf_core) for _printf_core
    printf1.o(i.__0vsnprintf$1) refers to printf1.o(i._snputc) for _snputc
    printf1.o(i.__0vsprintf$1) refers to printf1.o(i._printf_core) for _printf_core
    printf1.o(i.__0vsprintf$1) refers to printf1.o(i._sputc) for _sputc
    printf1.o(i._printf_core) refers to uidiv.o(.text) for __aeabi_uidivmod
    printf2.o(i.__0fprintf$2) refers to printf2.o(i._printf_core) for _printf_core
    printf2.o(i.__0fprintf$2) refers to stubs.o(i.fputc) for fputc
    printf2.o(i.__0printf$2) refers to printf2.o(i._printf_core) for _printf_core
    printf2.o(i.__0printf$2) refers to stubs.o(i.fputc) for fputc
    printf2.o(i.__0printf$2) refers to stdout.o(.data) for __stdout
    printf2.o(i.__0snprintf$2) refers to printf2.o(i._printf_core) for _printf_core
    printf2.o(i.__0snprintf$2) refers to printf2.o(i._snputc) for _snputc
    printf2.o(i.__0sprintf$2) refers to printf2.o(i._printf_core) for _printf_core
    printf2.o(i.__0sprintf$2) refers to printf2.o(i._sputc) for _sputc
    printf2.o(i.__0vfprintf$2) refers to printf2.o(i._printf_core) for _printf_core
    printf2.o(i.__0vfprintf$2) refers to stubs.o(i.fputc) for fputc
    printf2.o(i.__0vprintf$2) refers to printf2.o(i._printf_core) for _printf_core
    printf2.o(i.__0vprintf$2) refers to stubs.o(i.fputc) for fputc
    printf2.o(i.__0vprintf$2) refers to stdout.o(.data) for __stdout
    printf2.o(i.__0vsnprintf$2) refers to printf2.o(i._printf_core) for _printf_core
    printf2.o(i.__0vsnprintf$2) refers to printf2.o(i._snputc) for _snputc
    printf2.o(i.__0vsprintf$2) refers to printf2.o(i._printf_core) for _printf_core
    printf2.o(i.__0vsprintf$2) refers to printf2.o(i._sputc) for _sputc
    printf3.o(i.__0fprintf$3) refers to printf3.o(i._printf_core) for _printf_core
    printf3.o(i.__0fprintf$3) refers to stubs.o(i.fputc) for fputc
    printf3.o(i.__0printf$3) refers to printf3.o(i._printf_core) for _printf_core
    printf3.o(i.__0printf$3) refers to stubs.o(i.fputc) for fputc
    printf3.o(i.__0printf$3) refers to stdout.o(.data) for __stdout
    printf3.o(i.__0snprintf$3) refers to printf3.o(i._printf_core) for _printf_core
    printf3.o(i.__0snprintf$3) refers to printf3.o(i._snputc) for _snputc
    printf3.o(i.__0sprintf$3) refers to printf3.o(i._printf_core) for _printf_core
    printf3.o(i.__0sprintf$3) refers to printf3.o(i._sputc) for _sputc
    printf3.o(i.__0vfprintf$3) refers to printf3.o(i._printf_core) for _printf_core
    printf3.o(i.__0vfprintf$3) refers to stubs.o(i.fputc) for fputc
    printf3.o(i.__0vprintf$3) refers to printf3.o(i._printf_core) for _printf_core
    printf3.o(i.__0vprintf$3) refers to stubs.o(i.fputc) for fputc
    printf3.o(i.__0vprintf$3) refers to stdout.o(.data) for __stdout
    printf3.o(i.__0vsnprintf$3) refers to printf3.o(i._printf_core) for _printf_core
    printf3.o(i.__0vsnprintf$3) refers to printf3.o(i._snputc) for _snputc
    printf3.o(i.__0vsprintf$3) refers to printf3.o(i._printf_core) for _printf_core
    printf3.o(i.__0vsprintf$3) refers to printf3.o(i._sputc) for _sputc
    printf3.o(i._printf_core) refers to uidiv.o(.text) for __aeabi_uidivmod
    printf4.o(i.__0fprintf$4) refers to printf4.o(i._printf_core) for _printf_core
    printf4.o(i.__0fprintf$4) refers to stubs.o(i.fputc) for fputc
    printf4.o(i.__0printf$4) refers to printf4.o(i._printf_core) for _printf_core
    printf4.o(i.__0printf$4) refers to stubs.o(i.fputc) for fputc
    printf4.o(i.__0printf$4) refers to stdout.o(.data) for __stdout
    printf4.o(i.__0snprintf$4) refers to printf4.o(i._printf_core) for _printf_core
    printf4.o(i.__0snprintf$4) refers to printf4.o(i._snputc) for _snputc
    printf4.o(i.__0sprintf$4) refers to printf4.o(i._printf_core) for _printf_core
    printf4.o(i.__0sprintf$4) refers to printf4.o(i._sputc) for _sputc
    printf4.o(i.__0vfprintf$4) refers to printf4.o(i._printf_core) for _printf_core
    printf4.o(i.__0vfprintf$4) refers to stubs.o(i.fputc) for fputc
    printf4.o(i.__0vprintf$4) refers to printf4.o(i._printf_core) for _printf_core
    printf4.o(i.__0vprintf$4) refers to stubs.o(i.fputc) for fputc
    printf4.o(i.__0vprintf$4) refers to stdout.o(.data) for __stdout
    printf4.o(i.__0vsnprintf$4) refers to printf4.o(i._printf_core) for _printf_core
    printf4.o(i.__0vsnprintf$4) refers to printf4.o(i._snputc) for _snputc
    printf4.o(i.__0vsprintf$4) refers to printf4.o(i._printf_core) for _printf_core
    printf4.o(i.__0vsprintf$4) refers to printf4.o(i._sputc) for _sputc
    printf4.o(i._printf_core) refers to uldiv.o(.text) for __aeabi_uldivmod
    printf5.o(i.__0fprintf$5) refers to printf5.o(i._printf_core) for _printf_core
    printf5.o(i.__0fprintf$5) refers to stubs.o(i.fputc) for fputc
    printf5.o(i.__0printf$5) refers to printf5.o(i._printf_core) for _printf_core
    printf5.o(i.__0printf$5) refers to stubs.o(i.fputc) for fputc
    printf5.o(i.__0printf$5) refers to stdout.o(.data) for __stdout
    printf5.o(i.__0snprintf$5) refers to printf5.o(i._printf_core) for _printf_core
    printf5.o(i.__0snprintf$5) refers to printf5.o(i._snputc) for _snputc
    printf5.o(i.__0sprintf$5) refers to printf5.o(i._printf_core) for _printf_core
    printf5.o(i.__0sprintf$5) refers to printf5.o(i._sputc) for _sputc
    printf5.o(i.__0vfprintf$5) refers to printf5.o(i._printf_core) for _printf_core
    printf5.o(i.__0vfprintf$5) refers to stubs.o(i.fputc) for fputc
    printf5.o(i.__0vprintf$5) refers to printf5.o(i._printf_core) for _printf_core
    printf5.o(i.__0vprintf$5) refers to stubs.o(i.fputc) for fputc
    printf5.o(i.__0vprintf$5) refers to stdout.o(.data) for __stdout
    printf5.o(i.__0vsnprintf$5) refers to printf5.o(i._printf_core) for _printf_core
    printf5.o(i.__0vsnprintf$5) refers to printf5.o(i._snputc) for _snputc
    printf5.o(i.__0vsprintf$5) refers to printf5.o(i._printf_core) for _printf_core
    printf5.o(i.__0vsprintf$5) refers to printf5.o(i._sputc) for _sputc
    printf5.o(i._printf_core) refers to uldiv.o(.text) for __aeabi_uldivmod
    printf6.o(i.__0fprintf$6) refers to printf6.o(i._printf_core) for _printf_core
    printf6.o(i.__0fprintf$6) refers to stubs.o(i.fputc) for fputc
    printf6.o(i.__0printf$6) refers to printf6.o(i._printf_core) for _printf_core
    printf6.o(i.__0printf$6) refers to stubs.o(i.fputc) for fputc
    printf6.o(i.__0printf$6) refers to stdout.o(.data) for __stdout
    printf6.o(i.__0snprintf$6) refers to printf6.o(i._printf_core) for _printf_core
    printf6.o(i.__0snprintf$6) refers to printf6.o(i._snputc) for _snputc
    printf6.o(i.__0sprintf$6) refers to printf6.o(i._printf_core) for _printf_core
    printf6.o(i.__0sprintf$6) refers to printf6.o(i._sputc) for _sputc
    printf6.o(i.__0vfprintf$6) refers to printf6.o(i._printf_core) for _printf_core
    printf6.o(i.__0vfprintf$6) refers to stubs.o(i.fputc) for fputc
    printf6.o(i.__0vprintf$6) refers to printf6.o(i._printf_core) for _printf_core
    printf6.o(i.__0vprintf$6) refers to stubs.o(i.fputc) for fputc
    printf6.o(i.__0vprintf$6) refers to stdout.o(.data) for __stdout
    printf6.o(i.__0vsnprintf$6) refers to printf6.o(i._printf_core) for _printf_core
    printf6.o(i.__0vsnprintf$6) refers to printf6.o(i._snputc) for _snputc
    printf6.o(i.__0vsprintf$6) refers to printf6.o(i._printf_core) for _printf_core
    printf6.o(i.__0vsprintf$6) refers to printf6.o(i._sputc) for _sputc
    printf6.o(i._printf_core) refers to printf6.o(i._printf_pre_padding) for _printf_pre_padding
    printf6.o(i._printf_core) refers to uidiv.o(.text) for __aeabi_uidivmod
    printf6.o(i._printf_core) refers to printf6.o(i._printf_post_padding) for _printf_post_padding
    printf7.o(i.__0fprintf$7) refers to printf7.o(i._printf_core) for _printf_core
    printf7.o(i.__0fprintf$7) refers to stubs.o(i.fputc) for fputc
    printf7.o(i.__0printf$7) refers to printf7.o(i._printf_core) for _printf_core
    printf7.o(i.__0printf$7) refers to stubs.o(i.fputc) for fputc
    printf7.o(i.__0printf$7) refers to stdout.o(.data) for __stdout
    printf7.o(i.__0snprintf$7) refers to printf7.o(i._printf_core) for _printf_core
    printf7.o(i.__0snprintf$7) refers to printf7.o(i._snputc) for _snputc
    printf7.o(i.__0sprintf$7) refers to printf7.o(i._printf_core) for _printf_core
    printf7.o(i.__0sprintf$7) refers to printf7.o(i._sputc) for _sputc
    printf7.o(i.__0vfprintf$7) refers to printf7.o(i._printf_core) for _printf_core
    printf7.o(i.__0vfprintf$7) refers to stubs.o(i.fputc) for fputc
    printf7.o(i.__0vprintf$7) refers to printf7.o(i._printf_core) for _printf_core
    printf7.o(i.__0vprintf$7) refers to stubs.o(i.fputc) for fputc
    printf7.o(i.__0vprintf$7) refers to stdout.o(.data) for __stdout
    printf7.o(i.__0vsnprintf$7) refers to printf7.o(i._printf_core) for _printf_core
    printf7.o(i.__0vsnprintf$7) refers to printf7.o(i._snputc) for _snputc
    printf7.o(i.__0vsprintf$7) refers to printf7.o(i._printf_core) for _printf_core
    printf7.o(i.__0vsprintf$7) refers to printf7.o(i._sputc) for _sputc
    printf7.o(i._printf_core) refers to printf7.o(i._printf_pre_padding) for _printf_pre_padding
    printf7.o(i._printf_core) refers to uldiv.o(.text) for __aeabi_uldivmod
    printf7.o(i._printf_core) refers to printf7.o(i._printf_post_padding) for _printf_post_padding
    printf8.o(i.__0fprintf$8) refers to printf8.o(i._printf_core) for _printf_core
    printf8.o(i.__0fprintf$8) refers to stubs.o(i.fputc) for fputc
    printf8.o(i.__0printf$8) refers to printf8.o(i._printf_core) for _printf_core
    printf8.o(i.__0printf$8) refers to stubs.o(i.fputc) for fputc
    printf8.o(i.__0printf$8) refers to stdout.o(.data) for __stdout
    printf8.o(i.__0snprintf$8) refers to printf8.o(i._printf_core) for _printf_core
    printf8.o(i.__0snprintf$8) refers to printf8.o(i._snputc) for _snputc
    printf8.o(i.__0sprintf$8) refers to printf8.o(i._printf_core) for _printf_core
    printf8.o(i.__0sprintf$8) refers to printf8.o(i._sputc) for _sputc
    printf8.o(i.__0vfprintf$8) refers to printf8.o(i._printf_core) for _printf_core
    printf8.o(i.__0vfprintf$8) refers to stubs.o(i.fputc) for fputc
    printf8.o(i.__0vprintf$8) refers to printf8.o(i._printf_core) for _printf_core
    printf8.o(i.__0vprintf$8) refers to stubs.o(i.fputc) for fputc
    printf8.o(i.__0vprintf$8) refers to stdout.o(.data) for __stdout
    printf8.o(i.__0vsnprintf$8) refers to printf8.o(i._printf_core) for _printf_core
    printf8.o(i.__0vsnprintf$8) refers to printf8.o(i._snputc) for _snputc
    printf8.o(i.__0vsprintf$8) refers to printf8.o(i._printf_core) for _printf_core
    printf8.o(i.__0vsprintf$8) refers to printf8.o(i._sputc) for _sputc
    printf8.o(i._printf_core) refers to printf8.o(i._printf_pre_padding) for _printf_pre_padding
    printf8.o(i._printf_core) refers to uldiv.o(.text) for __aeabi_uldivmod
    printf8.o(i._printf_core) refers to printf8.o(i._printf_post_padding) for _printf_post_padding
    printfa.o(i.__0fprintf) refers (Special) to iusefp.o(.text) for __I$use$fp
    printfa.o(i.__0fprintf) refers to printfa.o(i._printf_core) for _printf_core
    printfa.o(i.__0fprintf) refers to stubs.o(i.fputc) for fputc
    printfa.o(i.__0printf) refers (Special) to iusefp.o(.text) for __I$use$fp
    printfa.o(i.__0printf) refers to printfa.o(i._printf_core) for _printf_core
    printfa.o(i.__0printf) refers to stubs.o(i.fputc) for fputc
    printfa.o(i.__0printf) refers to stdout.o(.data) for __stdout
    printfa.o(i.__0snprintf) refers (Special) to iusefp.o(.text) for __I$use$fp
    printfa.o(i.__0snprintf) refers to printfa.o(i._printf_core) for _printf_core
    printfa.o(i.__0snprintf) refers to printfa.o(i._snputc) for _snputc
    printfa.o(i.__0sprintf) refers (Special) to iusefp.o(.text) for __I$use$fp
    printfa.o(i.__0sprintf) refers to printfa.o(i._printf_core) for _printf_core
    printfa.o(i.__0sprintf) refers to printfa.o(i._sputc) for _sputc
    printfa.o(i.__0vfprintf) refers (Special) to iusefp.o(.text) for __I$use$fp
    printfa.o(i.__0vfprintf) refers to printfa.o(i._printf_core) for _printf_core
    printfa.o(i.__0vfprintf) refers to stubs.o(i.fputc) for fputc
    printfa.o(i.__0vprintf) refers (Special) to iusefp.o(.text) for __I$use$fp
    printfa.o(i.__0vprintf) refers to printfa.o(i._printf_core) for _printf_core
    printfa.o(i.__0vprintf) refers to stubs.o(i.fputc) for fputc
    printfa.o(i.__0vprintf) refers to stdout.o(.data) for __stdout
    printfa.o(i.__0vsnprintf) refers (Special) to iusefp.o(.text) for __I$use$fp
    printfa.o(i.__0vsnprintf) refers to printfa.o(i._printf_core) for _printf_core
    printfa.o(i.__0vsnprintf) refers to printfa.o(i._snputc) for _snputc
    printfa.o(i.__0vsprintf) refers (Special) to iusefp.o(.text) for __I$use$fp
    printfa.o(i.__0vsprintf) refers to printfa.o(i._printf_core) for _printf_core
    printfa.o(i.__0vsprintf) refers to printfa.o(i._sputc) for _sputc
    printfa.o(i._fp_digits) refers (Special) to iusefp.o(.text) for __I$use$fp
    printfa.o(i._fp_digits) refers to dmul.o(.text) for __aeabi_dmul
    printfa.o(i._fp_digits) refers to ddiv.o(.text) for __aeabi_ddiv
    printfa.o(i._fp_digits) refers to cdrcmple.o(.text) for __aeabi_cdrcmple
    printfa.o(i._fp_digits) refers to dadd.o(.text) for __aeabi_dadd
    printfa.o(i._fp_digits) refers to dfixul.o(.text) for __aeabi_d2ulz
    printfa.o(i._fp_digits) refers to uldiv.o(.text) for __aeabi_uldivmod
    printfa.o(i._printf_core) refers (Special) to iusefp.o(.text) for __I$use$fp
    printfa.o(i._printf_core) refers to printfa.o(i._printf_pre_padding) for _printf_pre_padding
    printfa.o(i._printf_core) refers to uldiv.o(.text) for __aeabi_uldivmod
    printfa.o(i._printf_core) refers to printfa.o(i._printf_post_padding) for _printf_post_padding
    printfa.o(i._printf_core) refers to printfa.o(i._fp_digits) for _fp_digits
    printfa.o(i._printf_core) refers to uidiv.o(.text) for __aeabi_uidivmod
    printfa.o(i._printf_post_padding) refers (Special) to iusefp.o(.text) for __I$use$fp
    printfa.o(i._printf_pre_padding) refers (Special) to iusefp.o(.text) for __I$use$fp
    printfa.o(i._snputc) refers (Special) to iusefp.o(.text) for __I$use$fp
    printfa.o(i._sputc) refers (Special) to iusefp.o(.text) for __I$use$fp
    atoi.o(.text) refers to errno.o(i.__aeabi_errno_addr) for __aeabi_errno_addr
    atoi.o(.text) refers to strtol.o(.text) for strtol
    entry2.o(.ARM.Collect$$$$00000001) refers to entry2.o(.ARM.Collect$$$$00002712) for __lit__00000000
    entry2.o(.ARM.Collect$$$$00002712) refers to startup_stm32h750xx.o(STACK) for __initial_sp
    entry2.o(__vectab_stack_and_reset_area) refers to startup_stm32h750xx.o(STACK) for __initial_sp
    entry2.o(__vectab_stack_and_reset_area) refers to entry.o(.ARM.Collect$$$$00000000) for __main
    entry5.o(.ARM.Collect$$$$00000004) refers to init.o(.text) for __scatterload
    entry9a.o(.ARM.Collect$$$$0000000B) refers to components.o(i.$Sub$$main) for main
    entry9b.o(.ARM.Collect$$$$0000000C) refers to components.o(i.$Sub$$main) for main
    errno.o(i.__aeabi_errno_addr) refers to errno.o(.data) for .data
    errno.o(i.__read_errno) refers to errno.o(.data) for .data
    errno.o(i.__set_errno) refers to errno.o(.data) for .data
    strtol.o(.text) refers to ctype_o.o(.text) for __rt_ctype_table
    strtol.o(.text) refers to _strtoul.o(.text) for _strtoul
    strtol.o(.text) refers to errno.o(i.__aeabi_errno_addr) for __aeabi_errno_addr
    dadd.o(.text) refers to llshl.o(.text) for __aeabi_llsl
    dadd.o(.text) refers to llsshr.o(.text) for __aeabi_lasr
    dadd.o(.text) refers to depilogue.o(.text) for _double_epilogue
    dmul.o(.text) refers to depilogue.o(.text) for _double_epilogue
    ddiv.o(.text) refers to depilogue.o(.text) for _double_round
    dfixul.o(.text) refers to llushr.o(.text) for __aeabi_llsr
    dfixul.o(.text) refers to llshl.o(.text) for __aeabi_llsl
    init.o(.text) refers to entry5.o(.ARM.Collect$$$$00000004) for __main_after_scatterload
    ctype_o.o(.text) refers to ctype_o.o(.constdata) for .constdata
    ctype_o.o(.constdata) refers to ctype_o.o(.constdata) for __ctype_table
    isalnum_o.o(.text) refers to ctype_o.o(.text) for __rt_ctype_table
    isalpha_o.o(.text) refers to ctype_o.o(.text) for __rt_ctype_table
    isblank_o.o(.text) refers to ctype_o.o(.constdata) for __ctype_table
    iscntrl_o.o(.text) refers to ctype_o.o(.text) for __rt_ctype_table
    isdigit_o.o(.text) refers to ctype_o.o(.text) for __rt_ctype_table
    isgraph_o.o(.text) refers to ctype_o.o(.text) for __rt_ctype_table
    islower_o.o(.text) refers to ctype_o.o(.text) for __rt_ctype_table
    isprint_o.o(.text) refers to ctype_o.o(.text) for __rt_ctype_table
    ispunct_o.o(.text) refers to ctype_o.o(.text) for __rt_ctype_table
    isspace_o.o(.text) refers to ctype_o.o(.text) for __rt_ctype_table
    isupper_o.o(.text) refers to ctype_o.o(.text) for __rt_ctype_table
    isxdigit_o.o(.text) refers to ctype_o.o(.text) for __rt_ctype_table
    _strtoul.o(.text) refers to _chval.o(.text) for _chval
    _strtoul.o(.text) refers to errno.o(i.__aeabi_errno_addr) for __aeabi_errno_addr
    depilogue.o(.text) refers to llshl.o(.text) for __aeabi_llsl
    depilogue.o(.text) refers to llushr.o(.text) for __aeabi_llsr


==============================================================================

Removing Unused input sections from the image.

    Removing main.o(.rev16_text), (4 bytes).
    Removing main.o(.revsh_text), (4 bytes).
    Removing main.o(.rrx_text), (6 bytes).
    Removing backtrace.o(i.rt_hw_backtrace), (2 bytes).
    Removing div0.o(i.__div0), (4 bytes).
    Removing showmem.o(i.rt_hw_show_memory), (120 bytes).
    Removing showmem.o(.constdata), (18 bytes).
    Removing cpu_cache.o(.rev16_text), (4 bytes).
    Removing cpu_cache.o(.revsh_text), (4 bytes).
    Removing cpu_cache.o(.rrx_text), (6 bytes).
    Removing cpu_cache.o(i.SCB_CleanDCache_by_Addr), (76 bytes).
    Removing cpu_cache.o(i.SCB_CleanInvalidateDCache_by_Addr), (76 bytes).
    Removing cpu_cache.o(i.SCB_DisableDCache), (160 bytes).
    Removing cpu_cache.o(i.SCB_EnableDCache), (156 bytes).
    Removing cpu_cache.o(i.SCB_EnableICache), (124 bytes).
    Removing cpu_cache.o(i.SCB_InvalidateDCache_by_Addr), (76 bytes).
    Removing cpu_cache.o(i.rt_hw_cpu_dcache_disable), (8 bytes).
    Removing cpu_cache.o(i.rt_hw_cpu_dcache_enable), (8 bytes).
    Removing cpu_cache.o(i.rt_hw_cpu_dcache_ops), (92 bytes).
    Removing cpu_cache.o(i.rt_hw_cpu_dcache_status), (4 bytes).
    Removing cpu_cache.o(i.rt_hw_cpu_icache_disable), (100 bytes).
    Removing cpu_cache.o(i.rt_hw_cpu_icache_enable), (8 bytes).
    Removing cpu_cache.o(i.rt_hw_cpu_icache_ops), (88 bytes).
    Removing cpu_cache.o(i.rt_hw_cpu_icache_status), (4 bytes).
    Removing cpu_cache.o(.constdata), (21 bytes).
    Removing cpuport.o(i.rt_hw_cpu_shutdown), (48 bytes).
    Removing cpuport.o(i.rt_hw_exception_install), (12 bytes).
    Removing cpuport.o(.constdata), (19 bytes).
    Removing pin.o(i.rt_pin_attach_irq), (92 bytes).
    Removing pin.o(i.rt_pin_detach_irq), (80 bytes).
    Removing pin.o(i.rt_pin_irq_enable), (84 bytes).
    Removing spi_core.o(i.rt_spi_bus_attach_device), (74 bytes).
    Removing spi_core.o(i.rt_spi_bus_register), (56 bytes).
    Removing spi_core.o(i.rt_spi_configure), (116 bytes).
    Removing spi_core.o(i.rt_spi_release), (124 bytes).
    Removing spi_core.o(i.rt_spi_release_bus), (148 bytes).
    Removing spi_core.o(i.rt_spi_send_then_recv), (288 bytes).
    Removing spi_core.o(i.rt_spi_send_then_send), (288 bytes).
    Removing spi_core.o(i.rt_spi_take), (124 bytes).
    Removing spi_core.o(i.rt_spi_take_bus), (184 bytes).
    Removing spi_core.o(i.rt_spi_transfer), (248 bytes).
    Removing spi_core.o(i.rt_spi_transfer_message), (188 bytes).
    Removing spi_core.o(.constdata), (163 bytes).
    Removing spi_dev.o(i._spi_bus_device_control), (20 bytes).
    Removing spi_dev.o(i._spi_bus_device_read), (100 bytes).
    Removing spi_dev.o(i._spi_bus_device_write), (100 bytes).
    Removing spi_dev.o(i._spidev_device_control), (20 bytes).
    Removing spi_dev.o(i._spidev_device_read), (104 bytes).
    Removing spi_dev.o(i._spidev_device_write), (104 bytes).
    Removing spi_dev.o(i.rt_spi_bus_device_init), (88 bytes).
    Removing spi_dev.o(i.rt_spidev_device_init), (88 bytes).
    Removing spi_dev.o(.constdata), (129 bytes).
    Removing dataqueue.o(i.rt_data_queue_deinit), (132 bytes).
    Removing dataqueue.o(i.rt_data_queue_init), (108 bytes).
    Removing dataqueue.o(i.rt_data_queue_peak), (180 bytes).
    Removing dataqueue.o(i.rt_data_queue_pop), (500 bytes).
    Removing dataqueue.o(i.rt_data_queue_push), (404 bytes).
    Removing dataqueue.o(i.rt_data_queue_reset), (168 bytes).
    Removing dataqueue.o(i.rt_list_init), (6 bytes).
    Removing dataqueue.o(i.rt_list_insert_before), (14 bytes).
    Removing dataqueue.o(i.rt_list_isempty), (16 bytes).
    Removing dataqueue.o(.constdata), (116 bytes).
    Removing pipe.o(i.mkfifo), (30 bytes).
    Removing pipe.o(i.pipe), (144 bytes).
    Removing pipe.o(i.pipe_fops_close), (180 bytes).
    Removing pipe.o(i.pipe_fops_ioctl), (72 bytes).
    Removing pipe.o(i.pipe_fops_open), (144 bytes).
    Removing pipe.o(i.pipe_fops_poll), (140 bytes).
    Removing pipe.o(i.pipe_fops_read), (152 bytes).
    Removing pipe.o(i.pipe_fops_write), (194 bytes).
    Removing pipe.o(i.rt_pipe_close), (54 bytes).
    Removing pipe.o(i.rt_pipe_control), (6 bytes).
    Removing pipe.o(i.rt_pipe_create), (200 bytes).
    Removing pipe.o(i.rt_pipe_delete), (86 bytes).
    Removing pipe.o(i.rt_pipe_open), (70 bytes).
    Removing pipe.o(i.rt_pipe_read), (100 bytes).
    Removing pipe.o(i.rt_pipe_write), (100 bytes).
    Removing pipe.o(i.rt_poll_add), (24 bytes).
    Removing pipe.o(i.rt_wqueue_init), (56 bytes).
    Removing pipe.o(.constdata), (66 bytes).
    Removing pipe.o(.data), (4 bytes).
    Removing ringblk_buf.o(i.find_empty_blk_in_set), (64 bytes).
    Removing ringblk_buf.o(i.rt_rbb_blk_alloc), (368 bytes).
    Removing ringblk_buf.o(i.rt_rbb_blk_buf), (36 bytes).
    Removing ringblk_buf.o(i.rt_rbb_blk_free), (132 bytes).
    Removing ringblk_buf.o(i.rt_rbb_blk_get), (100 bytes).
    Removing ringblk_buf.o(i.rt_rbb_blk_put), (88 bytes).
    Removing ringblk_buf.o(i.rt_rbb_blk_queue_buf), (40 bytes).
    Removing ringblk_buf.o(i.rt_rbb_blk_queue_free), (84 bytes).
    Removing ringblk_buf.o(i.rt_rbb_blk_queue_get), (208 bytes).
    Removing ringblk_buf.o(i.rt_rbb_blk_queue_len), (68 bytes).
    Removing ringblk_buf.o(i.rt_rbb_blk_size), (36 bytes).
    Removing ringblk_buf.o(i.rt_rbb_create), (100 bytes).
    Removing ringblk_buf.o(i.rt_rbb_destroy), (44 bytes).
    Removing ringblk_buf.o(i.rt_rbb_get_buf_size), (32 bytes).
    Removing ringblk_buf.o(i.rt_rbb_init), (120 bytes).
    Removing ringblk_buf.o(i.rt_rbb_next_blk_queue_len), (132 bytes).
    Removing ringblk_buf.o(i.rt_slist_append), (20 bytes).
    Removing ringblk_buf.o(i.rt_slist_isempty), (14 bytes).
    Removing ringblk_buf.o(i.rt_slist_len), (18 bytes).
    Removing ringblk_buf.o(i.rt_slist_remove), (30 bytes).
    Removing ringblk_buf.o(.constdata), (274 bytes).
    Removing ringbuffer.o(i.rt_ringbuffer_create), (88 bytes).
    Removing ringbuffer.o(i.rt_ringbuffer_data_len), (76 bytes).
    Removing ringbuffer.o(i.rt_ringbuffer_destroy), (52 bytes).
    Removing ringbuffer.o(i.rt_ringbuffer_get), (200 bytes).
    Removing ringbuffer.o(i.rt_ringbuffer_getchar), (124 bytes).
    Removing ringbuffer.o(i.rt_ringbuffer_init), (112 bytes).
    Removing ringbuffer.o(i.rt_ringbuffer_put), (200 bytes).
    Removing ringbuffer.o(i.rt_ringbuffer_put_force), (252 bytes).
    Removing ringbuffer.o(i.rt_ringbuffer_putchar), (124 bytes).
    Removing ringbuffer.o(i.rt_ringbuffer_putchar_force), (160 bytes).
    Removing ringbuffer.o(i.rt_ringbuffer_reset), (76 bytes).
    Removing ringbuffer.o(i.rt_ringbuffer_status), (42 bytes).
    Removing ringbuffer.o(.constdata), (214 bytes).
    Removing workqueue.o(i._delayed_work_timeout_handler), (60 bytes).
    Removing workqueue.o(i._workqueue_cancel_delayed_work), (112 bytes).
    Removing workqueue.o(i._workqueue_cancel_work), (54 bytes).
    Removing workqueue.o(i._workqueue_submit_delayed_work), (144 bytes).
    Removing workqueue.o(i._workqueue_submit_work), (104 bytes).
    Removing workqueue.o(i._workqueue_thread_entry), (188 bytes).
    Removing workqueue.o(i.rt_delayed_work_init), (32 bytes).
    Removing workqueue.o(i.rt_list_init), (6 bytes).
    Removing workqueue.o(i.rt_list_insert_after), (14 bytes).
    Removing workqueue.o(i.rt_list_remove), (18 bytes).
    Removing workqueue.o(i.rt_workqueue_cancel_all_work), (72 bytes).
    Removing workqueue.o(i.rt_workqueue_cancel_work), (100 bytes).
    Removing workqueue.o(i.rt_workqueue_cancel_work_sync), (124 bytes).
    Removing workqueue.o(i.rt_workqueue_create), (104 bytes).
    Removing workqueue.o(i.rt_workqueue_critical_work), (144 bytes).
    Removing workqueue.o(i.rt_workqueue_destroy), (60 bytes).
    Removing workqueue.o(i.rt_workqueue_dowork), (84 bytes).
    Removing workqueue.o(i.rt_workqueue_submit_work), (116 bytes).
    Removing workqueue.o(.constdata), (201 bytes).
    Removing board.o(.rev16_text), (4 bytes).
    Removing board.o(.revsh_text), (4 bytes).
    Removing board.o(.rrx_text), (6 bytes).
    Removing drv_mpu.o(.rev16_text), (4 bytes).
    Removing drv_mpu.o(.revsh_text), (4 bytes).
    Removing drv_mpu.o(.rrx_text), (6 bytes).
    Removing stm32h7xx_hal_msp.o(.rev16_text), (4 bytes).
    Removing stm32h7xx_hal_msp.o(.revsh_text), (4 bytes).
    Removing stm32h7xx_hal_msp.o(.rrx_text), (6 bytes).
    Removing stm32h7xx_hal_msp.o(i.HAL_ADC_MspDeInit), (48 bytes).
    Removing stm32h7xx_hal_msp.o(i.HAL_ADC_MspInit), (120 bytes).
    Removing stm32h7xx_hal_msp.o(i.HAL_ETH_MspDeInit), (100 bytes).
    Removing stm32h7xx_hal_msp.o(i.HAL_ETH_MspInit), (316 bytes).
    Removing stm32h7xx_hal_msp.o(i.HAL_FMC_MspDeInit), (120 bytes).
    Removing stm32h7xx_hal_msp.o(i.HAL_FMC_MspInit), (268 bytes).
    Removing stm32h7xx_hal_msp.o(i.HAL_LPTIM_MspDeInit), (32 bytes).
    Removing stm32h7xx_hal_msp.o(i.HAL_LPTIM_MspInit), (48 bytes).
    Removing stm32h7xx_hal_msp.o(i.HAL_LTDC_MspDeInit), (76 bytes).
    Removing stm32h7xx_hal_msp.o(i.HAL_LTDC_MspInit), (244 bytes).
    Removing stm32h7xx_hal_msp.o(i.HAL_PCD_MspDeInit), (56 bytes).
    Removing stm32h7xx_hal_msp.o(i.HAL_PCD_MspInit), (144 bytes).
    Removing stm32h7xx_hal_msp.o(i.HAL_SDRAM_MspDeInit), (10 bytes).
    Removing stm32h7xx_hal_msp.o(i.HAL_SDRAM_MspInit), (10 bytes).
    Removing stm32h7xx_hal_msp.o(i.HAL_SD_MspDeInit), (124 bytes).
    Removing stm32h7xx_hal_msp.o(i.HAL_SD_MspInit), (380 bytes).
    Removing stm32h7xx_hal_msp.o(i.HAL_SPI_MspDeInit), (112 bytes).
    Removing stm32h7xx_hal_msp.o(i.HAL_SPI_MspInit), (352 bytes).
    Removing stm32h7xx_hal_msp.o(i.HAL_TIM_MspPostInit), (96 bytes).
    Removing stm32h7xx_hal_msp.o(i.HAL_TIM_PWM_MspDeInit), (32 bytes).
    Removing stm32h7xx_hal_msp.o(i.HAL_TIM_PWM_MspInit), (48 bytes).
    Removing stm32h7xx_hal_msp.o(i.HAL_UART_MspDeInit), (116 bytes).
    Removing stm32h7xx_hal_msp.o(.data), (8 bytes).
    Removing drv_common.o(.rev16_text), (4 bytes).
    Removing drv_common.o(.revsh_text), (4 bytes).
    Removing drv_common.o(.rrx_text), (6 bytes).
    Removing drv_common.o(i.HAL_Delay), (10 bytes).
    Removing drv_common.o(i.HAL_ResumeTick), (2 bytes).
    Removing drv_common.o(i.HAL_SuspendTick), (2 bytes).
    Removing drv_common.o(i.rt_hw_us_delay), (64 bytes).
    Removing drv_usart.o(.rev16_text), (4 bytes).
    Removing drv_usart.o(.revsh_text), (4 bytes).
    Removing drv_usart.o(.rrx_text), (6 bytes).
    Removing drv_gpio.o(.rev16_text), (4 bytes).
    Removing drv_gpio.o(.revsh_text), (4 bytes).
    Removing drv_gpio.o(.rrx_text), (6 bytes).
    Removing drv_spi.o(.rev16_text), (4 bytes).
    Removing drv_spi.o(.revsh_text), (4 bytes).
    Removing drv_spi.o(.rrx_text), (6 bytes).
    Removing drv_sdio.o(.rev16_text), (4 bytes).
    Removing drv_sdio.o(.revsh_text), (4 bytes).
    Removing drv_sdio.o(.rrx_text), (6 bytes).
    Removing drv_sdram.o(.rev16_text), (4 bytes).
    Removing drv_sdram.o(.revsh_text), (4 bytes).
    Removing drv_sdram.o(.rrx_text), (6 bytes).
    Removing drv_lcd.o(.rev16_text), (4 bytes).
    Removing drv_lcd.o(.revsh_text), (4 bytes).
    Removing drv_lcd.o(.rrx_text), (6 bytes).
    Removing dfs_file.o(i.dfs_file_flush), (34 bytes).
    Removing dfs_file.o(i.dfs_file_ftruncate), (64 bytes).
    Removing dfs_file.o(i.dfs_file_ioctl), (84 bytes).
    Removing dfs_fs.o(i.dfs_filesystem_get_mounted_path), (56 bytes).
    Removing dfs_fs.o(i.dfs_filesystem_get_partition), (304 bytes).
    Removing dfs_fs.o(i.dfs_unmount), (160 bytes).
    Removing dfs_posix.o(i.access), (32 bytes).
    Removing dfs_posix.o(i.fcntl), (80 bytes).
    Removing dfs_posix.o(i.fstat), (82 bytes).
    Removing dfs_posix.o(i.fsync), (46 bytes).
    Removing dfs_posix.o(i.ftruncate), (100 bytes).
    Removing dfs_posix.o(i.ioctl), (36 bytes).
    Removing dfs_posix.o(i.lseek), (150 bytes).
    Removing dfs_posix.o(i.rmdir), (32 bytes).
    Removing dfs_posix.o(i.seekdir), (58 bytes).
    Removing dfs_posix.o(i.stat), (36 bytes).
    Removing dfs_posix.o(i.statfs), (36 bytes).
    Removing dfs_posix.o(i.telldir), (50 bytes).
    Removing poll.o(i.__wqueue_pollwake), (38 bytes).
    Removing poll.o(i._poll_add), (72 bytes).
    Removing poll.o(i.do_pollfd), (108 bytes).
    Removing poll.o(i.poll), (42 bytes).
    Removing poll.o(i.poll_do), (116 bytes).
    Removing poll.o(i.poll_table_init), (28 bytes).
    Removing poll.o(i.poll_teardown), (30 bytes).
    Removing poll.o(i.poll_wait_timeout), (106 bytes).
    Removing select.o(i.fdszero), (36 bytes).
    Removing select.o(i.select), (592 bytes).
    Removing select.o(.constdata), (7 bytes).
    Removing shell.o(i.finsh_get_echo), (64 bytes).
    Removing shell.o(i.finsh_get_prompt_mode), (60 bytes).
    Removing shell.o(i.finsh_set_echo), (72 bytes).
    Removing shell.o(i.finsh_set_prompt), (68 bytes).
    Removing finsh_init.o(i.finsh_reset), (24 bytes).
    Removing finsh_var.o(i.finsh_sysvar_append), (68 bytes).
    Removing finsh_var.o(i.finsh_var_delete), (72 bytes).
    Removing finsh_vm.o(i.finsh_syscall_append), (60 bytes).
    Removing finsh_token.o(i.finsh_token_get_token), (20 bytes).
    Removing clock.o(i.rt_system_tick_init), (2 bytes).
    Removing clock.o(i.rt_tick_set), (28 bytes).
    Removing device.o(i.rt_device_create), (46 bytes).
    Removing device.o(i.rt_device_destroy), (200 bytes).
    Removing device.o(i.rt_device_init), (140 bytes).
    Removing device.o(i.rt_device_init_all), (4 bytes).
    Removing device.o(i.rt_device_set_tx_complete), (128 bytes).
    Removing device.o(i.rt_device_unregister), (184 bytes).
    Removing idle.o(i.rt_thread_idle_delhook), (68 bytes).
    Removing idle.o(i.rt_thread_idle_gethandler), (16 bytes).
    Removing idle.o(i.rt_thread_idle_sethook), (64 bytes).
    Removing ipc.o(i.rt_event_control), (120 bytes).
    Removing ipc.o(i.rt_event_create), (132 bytes).
    Removing ipc.o(i.rt_event_delete), (256 bytes).
    Removing ipc.o(i.rt_event_detach), (160 bytes).
    Removing ipc.o(i.rt_event_init), (72 bytes).
    Removing ipc.o(i.rt_event_recv), (536 bytes).
    Removing ipc.o(i.rt_event_send), (264 bytes).
    Removing ipc.o(i.rt_ipc_list_resume_all), (50 bytes).
    Removing ipc.o(i.rt_mb_control), (128 bytes).
    Removing ipc.o(i.rt_mb_create), (172 bytes).
    Removing ipc.o(i.rt_mb_delete), (264 bytes).
    Removing ipc.o(i.rt_mb_detach), (160 bytes).
    Removing ipc.o(i.rt_mb_init), (96 bytes).
    Removing ipc.o(i.rt_mb_recv), (556 bytes).
    Removing ipc.o(i.rt_mb_send), (18 bytes).
    Removing ipc.o(i.rt_mb_send_wait), (520 bytes).
    Removing ipc.o(i.rt_mq_control), (152 bytes).
    Removing ipc.o(i.rt_mq_create), (228 bytes).
    Removing ipc.o(i.rt_mq_delete), (264 bytes).
    Removing ipc.o(i.rt_mq_detach), (160 bytes).
    Removing ipc.o(i.rt_mq_init), (148 bytes).
    Removing ipc.o(i.rt_mq_recv), (656 bytes).
    Removing ipc.o(i.rt_mq_send), (22 bytes).
    Removing ipc.o(i.rt_mq_send_wait), (616 bytes).
    Removing ipc.o(i.rt_mq_urgent), (276 bytes).
    Removing ipc.o(i.rt_mutex_control), (80 bytes).
    Removing ipc.o(i.rt_mutex_create), (144 bytes).
    Removing ipc.o(i.rt_mutex_delete), (256 bytes).
    Removing ipc.o(i.rt_mutex_detach), (160 bytes).
    Removing ipc.o(i.rt_sem_control), (116 bytes).
    Removing ipc.o(i.rt_sem_create), (172 bytes).
    Removing ipc.o(i.rt_sem_delete), (248 bytes).
    Removing ipc.o(i.rt_sem_detach), (144 bytes).
    Removing ipc.o(i.rt_sem_trytake), (14 bytes).
    Removing irq.o(i.rt_interrupt_enter_sethook), (12 bytes).
    Removing irq.o(i.rt_interrupt_leave_sethook), (12 bytes).
    Removing kservice.o(i._rt_errno), (36 bytes).
    Removing kservice.o(i.rt_assert_set_hook), (12 bytes).
    Removing kservice.o(i.rt_free_align), (16 bytes).
    Removing kservice.o(i.rt_get_errno), (36 bytes).
    Removing kservice.o(i.rt_kputs), (84 bytes).
    Removing kservice.o(i.rt_malloc_align), (70 bytes).
    Removing kservice.o(i.rt_memcmp), (38 bytes).
    Removing kservice.o(i.rt_strcasecmp), (48 bytes).
    Removing kservice.o(i.rt_strcmp), (36 bytes).
    Removing kservice.o(i.rt_strnlen), (24 bytes).
    Removing kservice.o(i.rt_strstr), (58 bytes).
    Removing memheap.o(i.rt_memheap_detach), (192 bytes).
    Removing mempool.o(i.rt_list_init), (6 bytes).
    Removing mempool.o(i.rt_list_isempty), (16 bytes).
    Removing mempool.o(i.rt_mp_alloc), (376 bytes).
    Removing mempool.o(i.rt_mp_alloc_sethook), (12 bytes).
    Removing mempool.o(i.rt_mp_create), (304 bytes).
    Removing mempool.o(i.rt_mp_delete), (340 bytes).
    Removing mempool.o(i.rt_mp_detach), (228 bytes).
    Removing mempool.o(i.rt_mp_free), (108 bytes).
    Removing mempool.o(i.rt_mp_free_sethook), (12 bytes).
    Removing mempool.o(i.rt_mp_init), (260 bytes).
    Removing mempool.o(.constdata), (62 bytes).
    Removing mempool.o(.data), (8 bytes).
    Removing object.o(i.rt_object_attach_sethook), (12 bytes).
    Removing object.o(i.rt_object_detach_sethook), (12 bytes).
    Removing object.o(i.rt_object_find), (172 bytes).
    Removing object.o(i.rt_object_get_length), (58 bytes).
    Removing object.o(i.rt_object_get_pointers), (86 bytes).
    Removing object.o(i.rt_object_put_sethook), (12 bytes).
    Removing object.o(i.rt_object_take_sethook), (12 bytes).
    Removing object.o(i.rt_object_trytake_sethook), (12 bytes).
    Removing object.o(i.rt_system_object_init), (2 bytes).
    Removing scheduler.o(i.rt_critical_level), (12 bytes).
    Removing scheduler.o(i.rt_scheduler_sethook), (12 bytes).
    Removing thread.o(i.rt_thread_delay_until), (204 bytes).
    Removing thread.o(i.rt_thread_detach), (236 bytes).
    Removing thread.o(i.rt_thread_find), (124 bytes).
    Removing thread.o(i.rt_thread_inited_sethook), (12 bytes).
    Removing thread.o(i.rt_thread_mdelay), (20 bytes).
    Removing thread.o(i.rt_thread_resume_sethook), (12 bytes).
    Removing thread.o(i.rt_thread_suspend_sethook), (12 bytes).
    Removing timer.o(i.rt_timer_create), (54 bytes).
    Removing timer.o(i.rt_timer_delete), (228 bytes).
    Removing timer.o(i.rt_timer_enter_sethook), (12 bytes).
    Removing timer.o(i.rt_timer_exit_sethook), (12 bytes).
    Removing timer.o(i.rt_timer_next_timeout_tick), (16 bytes).
    Removing mem_std.o(i.calloc), (16 bytes).
    Removing mem_std.o(i.free), (12 bytes).
    Removing mem_std.o(i.malloc), (12 bytes).
    Removing mem_std.o(i.realloc), (16 bytes).
    Removing stdio.o(i.libc_stdio_write), (68 bytes).
    Removing stubs.o(i._sys_close), (20 bytes).
    Removing stubs.o(i._sys_command_string), (6 bytes).
    Removing stubs.o(i._sys_exit), (4 bytes).
    Removing stubs.o(i._sys_flen), (30 bytes).
    Removing stubs.o(i._sys_istty), (18 bytes).
    Removing stubs.o(i._sys_open), (160 bytes).
    Removing stubs.o(i._sys_read), (70 bytes).
    Removing stubs.o(i._sys_seek), (28 bytes).
    Removing stubs.o(i._sys_tmpnam), (8 bytes).
    Removing stubs.o(i._sys_write), (70 bytes).
    Removing stubs.o(i._ttywrch), (16 bytes).
    Removing stubs.o(i.fputc), (26 bytes).
    Removing stubs.o(i.remove), (12 bytes).
    Removing stubs.o(i.system), (24 bytes).
    Removing stubs.o(.constdata), (27 bytes).
    Removing time.o(i.__isleap), (52 bytes).
    Removing time.o(i.asctime), (20 bytes).
    Removing time.o(i.asctime_r), (156 bytes).
    Removing time.o(i.clock), (8 bytes).
    Removing time.o(i.ctime), (18 bytes).
    Removing time.o(i.gettimeofday), (84 bytes).
    Removing time.o(i.gmtime), (20 bytes).
    Removing time.o(i.gmtime_r), (204 bytes).
    Removing time.o(i.localtime), (20 bytes).
    Removing time.o(i.localtime_r), (16 bytes).
    Removing time.o(i.mktime), (372 bytes).
    Removing time.o(i.num2str), (30 bytes).
    Removing time.o(i.time), (10 bytes).
    Removing time.o(.bss), (113 bytes).
    Removing time.o(.constdata), (117 bytes).
    Removing system_stm32h7xx.o(.rev16_text), (4 bytes).
    Removing system_stm32h7xx.o(.revsh_text), (4 bytes).
    Removing system_stm32h7xx.o(.rrx_text), (6 bytes).
    Removing system_stm32h7xx.o(i.SystemCoreClockUpdate), (548 bytes).
    Removing stm32h7xx_hal.o(.rev16_text), (4 bytes).
    Removing stm32h7xx_hal.o(.revsh_text), (4 bytes).
    Removing stm32h7xx_hal.o(.rrx_text), (6 bytes).
    Removing stm32h7xx_hal.o(i.HAL_DBGMCU_DisableDBGSleepMode), (20 bytes).
    Removing stm32h7xx_hal.o(i.HAL_DBGMCU_DisableDBGStandbyMode), (20 bytes).
    Removing stm32h7xx_hal.o(i.HAL_DBGMCU_DisableDBGStopMode), (20 bytes).
    Removing stm32h7xx_hal.o(i.HAL_DBGMCU_EnableDBGSleepMode), (20 bytes).
    Removing stm32h7xx_hal.o(i.HAL_DBGMCU_EnableDBGStandbyMode), (20 bytes).
    Removing stm32h7xx_hal.o(i.HAL_DBGMCU_EnableDBGStopMode), (20 bytes).
    Removing stm32h7xx_hal.o(i.HAL_DeInit), (108 bytes).
    Removing stm32h7xx_hal.o(i.HAL_Delay), (40 bytes).
    Removing stm32h7xx_hal.o(i.HAL_DisableCompensationCell), (20 bytes).
    Removing stm32h7xx_hal.o(i.HAL_DisableDomain3DBGStandbyMode), (20 bytes).
    Removing stm32h7xx_hal.o(i.HAL_DisableDomain3DBGStopMode), (20 bytes).
    Removing stm32h7xx_hal.o(i.HAL_EXTI_D1_ClearFlag), (36 bytes).
    Removing stm32h7xx_hal.o(i.HAL_EXTI_D1_EventInputConfig), (168 bytes).
    Removing stm32h7xx_hal.o(i.HAL_EXTI_D3_EventInputConfig), (128 bytes).
    Removing stm32h7xx_hal.o(i.HAL_EXTI_EdgeConfig), (144 bytes).
    Removing stm32h7xx_hal.o(i.HAL_EXTI_GenerateSWInterrupt), (32 bytes).
    Removing stm32h7xx_hal.o(i.HAL_EnableCompensationCell), (20 bytes).
    Removing stm32h7xx_hal.o(i.HAL_EnableDomain3DBGStandbyMode), (20 bytes).
    Removing stm32h7xx_hal.o(i.HAL_EnableDomain3DBGStopMode), (20 bytes).
    Removing stm32h7xx_hal.o(i.HAL_GetDEVID), (16 bytes).
    Removing stm32h7xx_hal.o(i.HAL_GetFMCMemorySwappingConfig), (16 bytes).
    Removing stm32h7xx_hal.o(i.HAL_GetHalVersion), (6 bytes).
    Removing stm32h7xx_hal.o(i.HAL_GetTick), (12 bytes).
    Removing stm32h7xx_hal.o(i.HAL_GetTickFreq), (12 bytes).
    Removing stm32h7xx_hal.o(i.HAL_GetTickPrio), (12 bytes).
    Removing stm32h7xx_hal.o(i.HAL_GetUIDw0), (12 bytes).
    Removing stm32h7xx_hal.o(i.HAL_GetUIDw1), (12 bytes).
    Removing stm32h7xx_hal.o(i.HAL_GetUIDw2), (12 bytes).
    Removing stm32h7xx_hal.o(i.HAL_InitTick), (88 bytes).
    Removing stm32h7xx_hal.o(i.HAL_MspDeInit), (2 bytes).
    Removing stm32h7xx_hal.o(i.HAL_MspInit), (2 bytes).
    Removing stm32h7xx_hal.o(i.HAL_ResumeTick), (18 bytes).
    Removing stm32h7xx_hal.o(i.HAL_SYSCFG_AnalogSwitchConfig), (20 bytes).
    Removing stm32h7xx_hal.o(i.HAL_SYSCFG_CM7BootAddConfig), (44 bytes).
    Removing stm32h7xx_hal.o(i.HAL_SYSCFG_CompensationCodeConfig), (24 bytes).
    Removing stm32h7xx_hal.o(i.HAL_SYSCFG_CompensationCodeSelect), (20 bytes).
    Removing stm32h7xx_hal.o(i.HAL_SYSCFG_DisableBOOST), (20 bytes).
    Removing stm32h7xx_hal.o(i.HAL_SYSCFG_DisableIOSpeedOptimize), (20 bytes).
    Removing stm32h7xx_hal.o(i.HAL_SYSCFG_DisableVREFBUF), (20 bytes).
    Removing stm32h7xx_hal.o(i.HAL_SYSCFG_ETHInterfaceSelect), (20 bytes).
    Removing stm32h7xx_hal.o(i.HAL_SYSCFG_EnableBOOST), (20 bytes).
    Removing stm32h7xx_hal.o(i.HAL_SYSCFG_EnableIOSpeedOptimize), (20 bytes).
    Removing stm32h7xx_hal.o(i.HAL_SYSCFG_EnableVREFBUF), (56 bytes).
    Removing stm32h7xx_hal.o(i.HAL_SYSCFG_VREFBUF_HighImpedanceConfig), (20 bytes).
    Removing stm32h7xx_hal.o(i.HAL_SYSCFG_VREFBUF_TrimmingConfig), (20 bytes).
    Removing stm32h7xx_hal.o(i.HAL_SYSCFG_VREFBUF_VoltageScalingConfig), (20 bytes).
    Removing stm32h7xx_hal.o(i.HAL_SetFMCMemorySwappingConfig), (20 bytes).
    Removing stm32h7xx_hal.o(i.HAL_SetTickFreq), (40 bytes).
    Removing stm32h7xx_hal.o(i.HAL_SuspendTick), (18 bytes).
    Removing stm32h7xx_hal_cec.o(.rev16_text), (4 bytes).
    Removing stm32h7xx_hal_cec.o(.revsh_text), (4 bytes).
    Removing stm32h7xx_hal_cec.o(.rrx_text), (6 bytes).
    Removing stm32h7xx_hal_cortex.o(.rev16_text), (4 bytes).
    Removing stm32h7xx_hal_cortex.o(.revsh_text), (4 bytes).
    Removing stm32h7xx_hal_cortex.o(.rrx_text), (6 bytes).
    Removing stm32h7xx_hal_cortex.o(i.HAL_GetCurrentCPUID), (4 bytes).
    Removing stm32h7xx_hal_cortex.o(i.HAL_NVIC_ClearPendingIRQ), (36 bytes).
    Removing stm32h7xx_hal_cortex.o(i.HAL_NVIC_GetActive), (48 bytes).
    Removing stm32h7xx_hal_cortex.o(i.HAL_NVIC_GetPendingIRQ), (48 bytes).
    Removing stm32h7xx_hal_cortex.o(i.HAL_NVIC_GetPriority), (148 bytes).
    Removing stm32h7xx_hal_cortex.o(i.HAL_NVIC_GetPriorityGrouping), (8 bytes).
    Removing stm32h7xx_hal_cortex.o(i.HAL_NVIC_SetPendingIRQ), (36 bytes).
    Removing stm32h7xx_hal_cortex.o(i.HAL_NVIC_SystemReset), (68 bytes).
    Removing stm32h7xx_hal_cortex.o(i.HAL_SYSTICK_Callback), (2 bytes).
    Removing stm32h7xx_hal_cortex.o(i.HAL_SYSTICK_IRQHandler), (8 bytes).
    Removing stm32h7xx_hal_comp.o(.rev16_text), (4 bytes).
    Removing stm32h7xx_hal_comp.o(.revsh_text), (4 bytes).
    Removing stm32h7xx_hal_comp.o(.rrx_text), (6 bytes).
    Removing stm32h7xx_hal_crc.o(.rev16_text), (4 bytes).
    Removing stm32h7xx_hal_crc.o(.revsh_text), (4 bytes).
    Removing stm32h7xx_hal_crc.o(.rrx_text), (6 bytes).
    Removing stm32h7xx_hal_crc_ex.o(.rev16_text), (4 bytes).
    Removing stm32h7xx_hal_crc_ex.o(.revsh_text), (4 bytes).
    Removing stm32h7xx_hal_crc_ex.o(.rrx_text), (6 bytes).
    Removing stm32h7xx_hal_cryp.o(.rev16_text), (4 bytes).
    Removing stm32h7xx_hal_cryp.o(.revsh_text), (4 bytes).
    Removing stm32h7xx_hal_cryp.o(.rrx_text), (6 bytes).
    Removing stm32h7xx_hal_cryp_ex.o(.rev16_text), (4 bytes).
    Removing stm32h7xx_hal_cryp_ex.o(.revsh_text), (4 bytes).
    Removing stm32h7xx_hal_cryp_ex.o(.rrx_text), (6 bytes).
    Removing stm32h7xx_hal_dma.o(.rev16_text), (4 bytes).
    Removing stm32h7xx_hal_dma.o(.revsh_text), (4 bytes).
    Removing stm32h7xx_hal_dma.o(.rrx_text), (6 bytes).
    Removing stm32h7xx_hal_dma.o(i.DMA_CalcBaseAndBitshift), (236 bytes).
    Removing stm32h7xx_hal_dma.o(i.DMA_CalcDMAMUXChannelBaseAndMask), (196 bytes).
    Removing stm32h7xx_hal_dma.o(i.DMA_CalcDMAMUXRequestGenBaseAndMask), (152 bytes).
    Removing stm32h7xx_hal_dma.o(i.DMA_CheckFifoParam), (174 bytes).
    Removing stm32h7xx_hal_dma.o(i.HAL_DMA_Abort), (748 bytes).
    Removing stm32h7xx_hal_dma.o(i.HAL_DMA_Abort_IT), (672 bytes).
    Removing stm32h7xx_hal_dma.o(i.HAL_DMA_DeInit), (644 bytes).
    Removing stm32h7xx_hal_dma.o(i.HAL_DMA_GetError), (6 bytes).
    Removing stm32h7xx_hal_dma.o(i.HAL_DMA_GetState), (8 bytes).
    Removing stm32h7xx_hal_dma.o(i.HAL_DMA_IRQHandler), (2808 bytes).
    Removing stm32h7xx_hal_dma.o(i.HAL_DMA_Init), (892 bytes).
    Removing stm32h7xx_hal_dma.o(i.HAL_DMA_PollForTransfer), (1244 bytes).
    Removing stm32h7xx_hal_dma.o(i.HAL_DMA_RegisterCallback), (100 bytes).
    Removing stm32h7xx_hal_dma.o(i.HAL_DMA_Start), (480 bytes).
    Removing stm32h7xx_hal_dma.o(i.HAL_DMA_UnRegisterCallback), (130 bytes).
    Removing stm32h7xx_hal_dma.o(.constdata), (8 bytes).
    Removing stm32h7xx_hal_dma_ex.o(.rev16_text), (4 bytes).
    Removing stm32h7xx_hal_dma_ex.o(.revsh_text), (4 bytes).
    Removing stm32h7xx_hal_dma_ex.o(.rrx_text), (6 bytes).
    Removing stm32h7xx_hal_dma_ex.o(i.DMA_MultiBufferSetConfig), (236 bytes).
    Removing stm32h7xx_hal_dma_ex.o(i.HAL_DMAEx_ChangeMemory), (208 bytes).
    Removing stm32h7xx_hal_dma_ex.o(i.HAL_DMAEx_ConfigMuxRequestGenerator), (276 bytes).
    Removing stm32h7xx_hal_dma_ex.o(i.HAL_DMAEx_ConfigMuxSync), (296 bytes).
    Removing stm32h7xx_hal_dma_ex.o(i.HAL_DMAEx_DisableMuxRequestGenerator), (32 bytes).
    Removing stm32h7xx_hal_dma_ex.o(i.HAL_DMAEx_EnableMuxRequestGenerator), (32 bytes).
    Removing stm32h7xx_hal_dma_ex.o(i.HAL_DMAEx_MUX_IRQHandler), (102 bytes).
    Removing stm32h7xx_hal_dma_ex.o(i.HAL_DMAEx_MultiBufferStart), (556 bytes).
    Removing stm32h7xx_hal_dma_ex.o(i.HAL_DMAEx_MultiBufferStart_IT), (840 bytes).
    Removing stm32h7xx_hal_mdma.o(.rev16_text), (4 bytes).
    Removing stm32h7xx_hal_mdma.o(.revsh_text), (4 bytes).
    Removing stm32h7xx_hal_mdma.o(.rrx_text), (6 bytes).
    Removing stm32h7xx_hal_mdma.o(i.HAL_MDMA_Abort), (144 bytes).
    Removing stm32h7xx_hal_mdma.o(i.HAL_MDMA_Abort_IT), (46 bytes).
    Removing stm32h7xx_hal_mdma.o(i.HAL_MDMA_ConfigPostRequestMask), (110 bytes).
    Removing stm32h7xx_hal_mdma.o(i.HAL_MDMA_DeInit), (110 bytes).
    Removing stm32h7xx_hal_mdma.o(i.HAL_MDMA_GenerateSWRequest), (72 bytes).
    Removing stm32h7xx_hal_mdma.o(i.HAL_MDMA_GetError), (6 bytes).
    Removing stm32h7xx_hal_mdma.o(i.HAL_MDMA_GetState), (8 bytes).
    Removing stm32h7xx_hal_mdma.o(i.HAL_MDMA_IRQHandler), (480 bytes).
    Removing stm32h7xx_hal_mdma.o(i.HAL_MDMA_Init), (108 bytes).
    Removing stm32h7xx_hal_mdma.o(i.HAL_MDMA_LinkedList_AddNode), (228 bytes).
    Removing stm32h7xx_hal_mdma.o(i.HAL_MDMA_LinkedList_CreateNode), (272 bytes).
    Removing stm32h7xx_hal_mdma.o(i.HAL_MDMA_LinkedList_DisableCircularMode), (88 bytes).
    Removing stm32h7xx_hal_mdma.o(i.HAL_MDMA_LinkedList_EnableCircularMode), (88 bytes).
    Removing stm32h7xx_hal_mdma.o(i.HAL_MDMA_LinkedList_RemoveNode), (216 bytes).
    Removing stm32h7xx_hal_mdma.o(i.HAL_MDMA_PollForTransfer), (290 bytes).
    Removing stm32h7xx_hal_mdma.o(i.HAL_MDMA_RegisterCallback), (100 bytes).
    Removing stm32h7xx_hal_mdma.o(i.HAL_MDMA_Start), (144 bytes).
    Removing stm32h7xx_hal_mdma.o(i.HAL_MDMA_Start_IT), (204 bytes).
    Removing stm32h7xx_hal_mdma.o(i.HAL_MDMA_UnRegisterCallback), (130 bytes).
    Removing stm32h7xx_hal_mdma.o(i.MDMA_Init), (196 bytes).
    Removing stm32h7xx_hal_mdma.o(i.MDMA_SetConfig), (130 bytes).
    Removing stm32h7xx_hal_pwr.o(.rev16_text), (4 bytes).
    Removing stm32h7xx_hal_pwr.o(.revsh_text), (4 bytes).
    Removing stm32h7xx_hal_pwr.o(.rrx_text), (6 bytes).
    Removing stm32h7xx_hal_pwr.o(i.HAL_PWR_ConfigPVD), (180 bytes).
    Removing stm32h7xx_hal_pwr.o(i.HAL_PWR_DeInit), (2 bytes).
    Removing stm32h7xx_hal_pwr.o(i.HAL_PWR_DisableBkUpAccess), (20 bytes).
    Removing stm32h7xx_hal_pwr.o(i.HAL_PWR_DisablePVD), (20 bytes).
    Removing stm32h7xx_hal_pwr.o(i.HAL_PWR_DisableSEVOnPend), (20 bytes).
    Removing stm32h7xx_hal_pwr.o(i.HAL_PWR_DisableSleepOnExit), (20 bytes).
    Removing stm32h7xx_hal_pwr.o(i.HAL_PWR_DisableWakeUpPin), (20 bytes).
    Removing stm32h7xx_hal_pwr.o(i.HAL_PWR_EnableBkUpAccess), (20 bytes).
    Removing stm32h7xx_hal_pwr.o(i.HAL_PWR_EnablePVD), (20 bytes).
    Removing stm32h7xx_hal_pwr.o(i.HAL_PWR_EnableSEVOnPend), (20 bytes).
    Removing stm32h7xx_hal_pwr.o(i.HAL_PWR_EnableSleepOnExit), (20 bytes).
    Removing stm32h7xx_hal_pwr.o(i.HAL_PWR_EnableWakeUpPin), (24 bytes).
    Removing stm32h7xx_hal_pwr.o(i.HAL_PWR_EnterSLEEPMode), (28 bytes).
    Removing stm32h7xx_hal_pwr.o(i.HAL_PWR_EnterSTANDBYMode), (60 bytes).
    Removing stm32h7xx_hal_pwr.o(i.HAL_PWR_EnterSTOPMode), (128 bytes).
    Removing stm32h7xx_hal_pwr.o(i.HAL_PWR_PVDCallback), (2 bytes).
    Removing stm32h7xx_hal_pwr.o(i.HAL_PWR_PVD_IRQHandler), (40 bytes).
    Removing stm32h7xx_hal_pwr_ex.o(.rev16_text), (4 bytes).
    Removing stm32h7xx_hal_pwr_ex.o(.revsh_text), (4 bytes).
    Removing stm32h7xx_hal_pwr_ex.o(.rrx_text), (6 bytes).
    Removing stm32h7xx_hal_pwr_ex.o(i.HAL_PWREx_AVDCallback), (2 bytes).
    Removing stm32h7xx_hal_pwr_ex.o(i.HAL_PWREx_ClearPendingEvent), (4 bytes).
    Removing stm32h7xx_hal_pwr_ex.o(i.HAL_PWREx_ClearWakeupFlag), (32 bytes).
    Removing stm32h7xx_hal_pwr_ex.o(i.HAL_PWREx_ConfigAVD), (180 bytes).
    Removing stm32h7xx_hal_pwr_ex.o(i.HAL_PWREx_ConfigD3Domain), (20 bytes).
    Removing stm32h7xx_hal_pwr_ex.o(i.HAL_PWREx_ControlStopModeVoltageScaling), (24 bytes).
    Removing stm32h7xx_hal_pwr_ex.o(i.HAL_PWREx_ControlVoltageScaling), (64 bytes).
    Removing stm32h7xx_hal_pwr_ex.o(i.HAL_PWREx_DisableAVD), (20 bytes).
    Removing stm32h7xx_hal_pwr_ex.o(i.HAL_PWREx_DisableBatteryCharging), (20 bytes).
    Removing stm32h7xx_hal_pwr_ex.o(i.HAL_PWREx_DisableBkUpReg), (60 bytes).
    Removing stm32h7xx_hal_pwr_ex.o(i.HAL_PWREx_DisableFlashPowerDown), (20 bytes).
    Removing stm32h7xx_hal_pwr_ex.o(i.HAL_PWREx_DisableMonitoring), (20 bytes).
    Removing stm32h7xx_hal_pwr_ex.o(i.HAL_PWREx_DisableUSBReg), (60 bytes).
    Removing stm32h7xx_hal_pwr_ex.o(i.HAL_PWREx_DisableUSBVoltageDetector), (20 bytes).
    Removing stm32h7xx_hal_pwr_ex.o(i.HAL_PWREx_DisableWakeUpPin), (16 bytes).
    Removing stm32h7xx_hal_pwr_ex.o(i.HAL_PWREx_EnableAVD), (20 bytes).
    Removing stm32h7xx_hal_pwr_ex.o(i.HAL_PWREx_EnableBatteryCharging), (32 bytes).
    Removing stm32h7xx_hal_pwr_ex.o(i.HAL_PWREx_EnableBkUpReg), (60 bytes).
    Removing stm32h7xx_hal_pwr_ex.o(i.HAL_PWREx_EnableFlashPowerDown), (20 bytes).
    Removing stm32h7xx_hal_pwr_ex.o(i.HAL_PWREx_EnableMonitoring), (20 bytes).
    Removing stm32h7xx_hal_pwr_ex.o(i.HAL_PWREx_EnableUSBReg), (60 bytes).
    Removing stm32h7xx_hal_pwr_ex.o(i.HAL_PWREx_EnableWakeUpPin), (148 bytes).
    Removing stm32h7xx_hal_pwr_ex.o(i.HAL_PWREx_EnterSTANDBYMode), (76 bytes).
    Removing stm32h7xx_hal_pwr_ex.o(i.HAL_PWREx_EnterSTOPMode), (152 bytes).
    Removing stm32h7xx_hal_pwr_ex.o(i.HAL_PWREx_GetStopModeVoltageRange), (16 bytes).
    Removing stm32h7xx_hal_pwr_ex.o(i.HAL_PWREx_GetSupplyConfig), (16 bytes).
    Removing stm32h7xx_hal_pwr_ex.o(i.HAL_PWREx_GetTemperatureLevel), (40 bytes).
    Removing stm32h7xx_hal_pwr_ex.o(i.HAL_PWREx_GetVBATLevel), (40 bytes).
    Removing stm32h7xx_hal_pwr_ex.o(i.HAL_PWREx_GetVoltageRange), (16 bytes).
    Removing stm32h7xx_hal_pwr_ex.o(i.HAL_PWREx_GetWakeupFlag), (16 bytes).
    Removing stm32h7xx_hal_pwr_ex.o(i.HAL_PWREx_PVD_AVD_IRQHandler), (92 bytes).
    Removing stm32h7xx_hal_pwr_ex.o(i.HAL_PWREx_WAKEUP_PIN_IRQHandler), (188 bytes).
    Removing stm32h7xx_hal_pwr_ex.o(i.HAL_PWREx_WKUP1_Callback), (2 bytes).
    Removing stm32h7xx_hal_pwr_ex.o(i.HAL_PWREx_WKUP2_Callback), (2 bytes).
    Removing stm32h7xx_hal_pwr_ex.o(i.HAL_PWREx_WKUP3_Callback), (2 bytes).
    Removing stm32h7xx_hal_pwr_ex.o(i.HAL_PWREx_WKUP4_Callback), (2 bytes).
    Removing stm32h7xx_hal_pwr_ex.o(i.HAL_PWREx_WKUP5_Callback), (2 bytes).
    Removing stm32h7xx_hal_pwr_ex.o(i.HAL_PWREx_WKUP6_Callback), (2 bytes).
    Removing stm32h7xx_hal_rcc.o(.rev16_text), (4 bytes).
    Removing stm32h7xx_hal_rcc.o(.revsh_text), (4 bytes).
    Removing stm32h7xx_hal_rcc.o(.rrx_text), (6 bytes).
    Removing stm32h7xx_hal_rcc.o(i.HAL_RCC_CSSCallback), (2 bytes).
    Removing stm32h7xx_hal_rcc.o(i.HAL_RCC_DeInit), (460 bytes).
    Removing stm32h7xx_hal_rcc.o(i.HAL_RCC_DisableCSS), (20 bytes).
    Removing stm32h7xx_hal_rcc.o(i.HAL_RCC_EnableCSS), (20 bytes).
    Removing stm32h7xx_hal_rcc.o(i.HAL_RCC_GetClockConfig), (108 bytes).
    Removing stm32h7xx_hal_rcc.o(i.HAL_RCC_GetOscConfig), (408 bytes).
    Removing stm32h7xx_hal_rcc.o(i.HAL_RCC_MCOConfig), (188 bytes).
    Removing stm32h7xx_hal_rcc.o(i.HAL_RCC_NMI_IRQHandler), (36 bytes).
    Removing stm32h7xx_hal_rcc_ex.o(.rev16_text), (4 bytes).
    Removing stm32h7xx_hal_rcc_ex.o(.revsh_text), (4 bytes).
    Removing stm32h7xx_hal_rcc_ex.o(.rrx_text), (6 bytes).
    Removing stm32h7xx_hal_rcc_ex.o(i.HAL_RCCEx_CRSConfig), (124 bytes).
    Removing stm32h7xx_hal_rcc_ex.o(i.HAL_RCCEx_CRSGetSynchronizationInfo), (48 bytes).
    Removing stm32h7xx_hal_rcc_ex.o(i.HAL_RCCEx_CRSSoftwareSynchronizationGenerate), (20 bytes).
    Removing stm32h7xx_hal_rcc_ex.o(i.HAL_RCCEx_CRSWaitSynchronization), (208 bytes).
    Removing stm32h7xx_hal_rcc_ex.o(i.HAL_RCCEx_CRS_ErrorCallback), (2 bytes).
    Removing stm32h7xx_hal_rcc_ex.o(i.HAL_RCCEx_CRS_ExpectedSyncCallback), (2 bytes).
    Removing stm32h7xx_hal_rcc_ex.o(i.HAL_RCCEx_CRS_IRQHandler), (156 bytes).
    Removing stm32h7xx_hal_rcc_ex.o(i.HAL_RCCEx_CRS_SyncOkCallback), (2 bytes).
    Removing stm32h7xx_hal_rcc_ex.o(i.HAL_RCCEx_CRS_SyncWarnCallback), (2 bytes).
    Removing stm32h7xx_hal_rcc_ex.o(i.HAL_RCCEx_DisableLSECSS), (36 bytes).
    Removing stm32h7xx_hal_rcc_ex.o(i.HAL_RCCEx_EnableLSECSS), (20 bytes).
    Removing stm32h7xx_hal_rcc_ex.o(i.HAL_RCCEx_GetD1PCLK1Freq), (36 bytes).
    Removing stm32h7xx_hal_rcc_ex.o(i.HAL_RCCEx_GetPLL1ClockFreq), (560 bytes).
    Removing stm32h7xx_hal_rcc_ex.o(i.HAL_RCCEx_GetPeriphCLKConfig), (568 bytes).
    Removing stm32h7xx_hal_rcc_ex.o(i.HAL_RCCEx_GetPeriphCLKFreq), (812 bytes).
    Removing stm32h7xx_hal_rcc_ex.o(i.HAL_RCCEx_KerWakeUpStopCLKConfig), (20 bytes).
    Removing stm32h7xx_hal_rcc_ex.o(i.HAL_RCCEx_WWDGxSysResetConfig), (16 bytes).
    Removing stm32h7xx_hal_rcc_ex.o(i.HAL_RCCEx_WakeUpStopCLKConfig), (20 bytes).
    Removing stm32h7xx_hal_rng.o(.rev16_text), (4 bytes).
    Removing stm32h7xx_hal_rng.o(.revsh_text), (4 bytes).
    Removing stm32h7xx_hal_rng.o(.rrx_text), (6 bytes).
    Removing stm32h7xx_hal_sram.o(.rev16_text), (4 bytes).
    Removing stm32h7xx_hal_sram.o(.revsh_text), (4 bytes).
    Removing stm32h7xx_hal_sram.o(.rrx_text), (6 bytes).
    Removing stm32h7xx_hal_gpio.o(.rev16_text), (4 bytes).
    Removing stm32h7xx_hal_gpio.o(.revsh_text), (4 bytes).
    Removing stm32h7xx_hal_gpio.o(.rrx_text), (6 bytes).
    Removing stm32h7xx_hal_gpio.o(i.HAL_GPIO_EXTI_Callback), (2 bytes).
    Removing stm32h7xx_hal_gpio.o(i.HAL_GPIO_LockPin), (46 bytes).
    Removing stm32h7xx_hal_gpio.o(i.HAL_GPIO_TogglePin), (18 bytes).
    Removing startup_stm32h750xx.o(HEAP), (512 bytes).
    Removing stm32h7xx_hal_uart.o(.rev16_text), (4 bytes).
    Removing stm32h7xx_hal_uart.o(.revsh_text), (4 bytes).
    Removing stm32h7xx_hal_uart.o(.rrx_text), (6 bytes).
    Removing stm32h7xx_hal_uart.o(i.HAL_HalfDuplex_EnableReceiver), (74 bytes).
    Removing stm32h7xx_hal_uart.o(i.HAL_HalfDuplex_EnableTransmitter), (74 bytes).
    Removing stm32h7xx_hal_uart.o(i.HAL_HalfDuplex_Init), (124 bytes).
    Removing stm32h7xx_hal_uart.o(i.HAL_LIN_Init), (160 bytes).
    Removing stm32h7xx_hal_uart.o(i.HAL_LIN_SendBreak), (62 bytes).
    Removing stm32h7xx_hal_uart.o(i.HAL_MultiProcessor_DisableMuteMode), (58 bytes).
    Removing stm32h7xx_hal_uart.o(i.HAL_MultiProcessor_EnableMuteMode), (58 bytes).
    Removing stm32h7xx_hal_uart.o(i.HAL_MultiProcessor_EnterMuteMode), (14 bytes).
    Removing stm32h7xx_hal_uart.o(i.HAL_MultiProcessor_Init), (148 bytes).
    Removing stm32h7xx_hal_uart.o(i.HAL_UART_Abort), (224 bytes).
    Removing stm32h7xx_hal_uart.o(i.HAL_UART_AbortCpltCallback), (2 bytes).
    Removing stm32h7xx_hal_uart.o(i.HAL_UART_AbortReceive), (128 bytes).
    Removing stm32h7xx_hal_uart.o(i.HAL_UART_AbortReceiveCpltCallback), (2 bytes).
    Removing stm32h7xx_hal_uart.o(i.HAL_UART_AbortReceive_IT), (156 bytes).
    Removing stm32h7xx_hal_uart.o(i.HAL_UART_AbortTransmit), (126 bytes).
    Removing stm32h7xx_hal_uart.o(i.HAL_UART_AbortTransmitCpltCallback), (2 bytes).
    Removing stm32h7xx_hal_uart.o(i.HAL_UART_AbortTransmit_IT), (148 bytes).
    Removing stm32h7xx_hal_uart.o(i.HAL_UART_Abort_IT), (276 bytes).
    Removing stm32h7xx_hal_uart.o(i.HAL_UART_DMAPause), (128 bytes).
    Removing stm32h7xx_hal_uart.o(i.HAL_UART_DMAResume), (108 bytes).
    Removing stm32h7xx_hal_uart.o(i.HAL_UART_DMAStop), (148 bytes).
    Removing stm32h7xx_hal_uart.o(i.HAL_UART_DeInit), (72 bytes).
    Removing stm32h7xx_hal_uart.o(i.HAL_UART_DisableReceiverTimeout), (88 bytes).
    Removing stm32h7xx_hal_uart.o(i.HAL_UART_EnableReceiverTimeout), (88 bytes).
    Removing stm32h7xx_hal_uart.o(i.HAL_UART_GetError), (8 bytes).
    Removing stm32h7xx_hal_uart.o(i.HAL_UART_GetState), (16 bytes).
    Removing stm32h7xx_hal_uart.o(i.HAL_UART_IRQHandler), (524 bytes).
    Removing stm32h7xx_hal_uart.o(i.HAL_UART_MspDeInit), (2 bytes).
    Removing stm32h7xx_hal_uart.o(i.HAL_UART_MspInit), (2 bytes).
    Removing stm32h7xx_hal_uart.o(i.HAL_UART_Receive), (296 bytes).
    Removing stm32h7xx_hal_uart.o(i.HAL_UART_Receive_DMA), (200 bytes).
    Removing stm32h7xx_hal_uart.o(i.HAL_UART_Receive_IT), (316 bytes).
    Removing stm32h7xx_hal_uart.o(i.HAL_UART_ReceiverTimeout_Config), (28 bytes).
    Removing stm32h7xx_hal_uart.o(i.HAL_UART_RxCpltCallback), (2 bytes).
    Removing stm32h7xx_hal_uart.o(i.HAL_UART_RxHalfCpltCallback), (2 bytes).
    Removing stm32h7xx_hal_uart.o(i.HAL_UART_Transmit), (212 bytes).
    Removing stm32h7xx_hal_uart.o(i.HAL_UART_Transmit_IT), (184 bytes).
    Removing stm32h7xx_hal_uart.o(i.UART_DMAAbortOnError), (24 bytes).
    Removing stm32h7xx_hal_uart.o(i.UART_DMAReceiveCplt), (70 bytes).
    Removing stm32h7xx_hal_uart.o(i.UART_DMARxAbortCallback), (76 bytes).
    Removing stm32h7xx_hal_uart.o(i.UART_DMARxHalfCplt), (14 bytes).
    Removing stm32h7xx_hal_uart.o(i.UART_DMARxOnlyAbortCallback), (44 bytes).
    Removing stm32h7xx_hal_uart.o(i.UART_DMATxAbortCallback), (84 bytes).
    Removing stm32h7xx_hal_uart.o(i.UART_DMATxOnlyAbortCallback), (46 bytes).
    Removing stm32h7xx_hal_uart.o(i.UART_EndTransmit_IT), (34 bytes).
    Removing stm32h7xx_hal_uart.o(i.UART_RxISR_16BIT), (112 bytes).
    Removing stm32h7xx_hal_uart.o(i.UART_RxISR_16BIT_FIFOEN), (180 bytes).
    Removing stm32h7xx_hal_uart.o(i.UART_RxISR_8BIT), (108 bytes).
    Removing stm32h7xx_hal_uart.o(i.UART_RxISR_8BIT_FIFOEN), (180 bytes).
    Removing stm32h7xx_hal_uart.o(i.UART_TxISR_16BIT), (70 bytes).
    Removing stm32h7xx_hal_uart.o(i.UART_TxISR_16BIT_FIFOEN), (98 bytes).
    Removing stm32h7xx_hal_uart.o(i.UART_TxISR_8BIT), (66 bytes).
    Removing stm32h7xx_hal_uart.o(i.UART_TxISR_8BIT_FIFOEN), (92 bytes).
    Removing stm32h7xx_hal_usart.o(.rev16_text), (4 bytes).
    Removing stm32h7xx_hal_usart.o(.revsh_text), (4 bytes).
    Removing stm32h7xx_hal_usart.o(.rrx_text), (6 bytes).
    Removing stm32h7xx_hal_uart_ex.o(.rev16_text), (4 bytes).
    Removing stm32h7xx_hal_uart_ex.o(.revsh_text), (4 bytes).
    Removing stm32h7xx_hal_uart_ex.o(.rrx_text), (6 bytes).
    Removing stm32h7xx_hal_uart_ex.o(i.HAL_MultiProcessorEx_AddressLength_Set), (64 bytes).
    Removing stm32h7xx_hal_uart_ex.o(i.HAL_RS485Ex_Init), (152 bytes).
    Removing stm32h7xx_hal_uart_ex.o(i.HAL_UARTEx_DisableFifoMode), (78 bytes).
    Removing stm32h7xx_hal_uart_ex.o(i.HAL_UARTEx_DisableStopMode), (50 bytes).
    Removing stm32h7xx_hal_uart_ex.o(i.HAL_UARTEx_EnableFifoMode), (88 bytes).
    Removing stm32h7xx_hal_uart_ex.o(i.HAL_UARTEx_EnableStopMode), (50 bytes).
    Removing stm32h7xx_hal_uart_ex.o(i.HAL_UARTEx_RxFifoFullCallback), (2 bytes).
    Removing stm32h7xx_hal_uart_ex.o(i.HAL_UARTEx_SetRxFifoThreshold), (94 bytes).
    Removing stm32h7xx_hal_uart_ex.o(i.HAL_UARTEx_SetTxFifoThreshold), (94 bytes).
    Removing stm32h7xx_hal_uart_ex.o(i.HAL_UARTEx_StopModeWakeUpSourceConfig), (144 bytes).
    Removing stm32h7xx_hal_uart_ex.o(i.HAL_UARTEx_TxFifoEmptyCallback), (2 bytes).
    Removing stm32h7xx_hal_uart_ex.o(i.HAL_UARTEx_WakeupCallback), (2 bytes).
    Removing stm32h7xx_hal_uart_ex.o(i.UARTEx_SetNbDataToProcess), (112 bytes).
    Removing stm32h7xx_hal_uart_ex.o(i.UARTEx_Wakeup_AddressConfig), (38 bytes).
    Removing stm32h7xx_hal_spi.o(.rev16_text), (4 bytes).
    Removing stm32h7xx_hal_spi.o(.revsh_text), (4 bytes).
    Removing stm32h7xx_hal_spi.o(.rrx_text), (6 bytes).
    Removing stm32h7xx_hal_spi.o(i.HAL_SPI_Abort), (272 bytes).
    Removing stm32h7xx_hal_spi.o(i.HAL_SPI_AbortCpltCallback), (2 bytes).
    Removing stm32h7xx_hal_spi.o(i.HAL_SPI_Abort_IT), (288 bytes).
    Removing stm32h7xx_hal_spi.o(i.HAL_SPI_DMAPause), (18 bytes).
    Removing stm32h7xx_hal_spi.o(i.HAL_SPI_DMAResume), (18 bytes).
    Removing stm32h7xx_hal_spi.o(i.HAL_SPI_DMAStop), (18 bytes).
    Removing stm32h7xx_hal_spi.o(i.HAL_SPI_DeInit), (56 bytes).
    Removing stm32h7xx_hal_spi.o(i.HAL_SPI_ErrorCallback), (2 bytes).
    Removing stm32h7xx_hal_spi.o(i.HAL_SPI_GetError), (8 bytes).
    Removing stm32h7xx_hal_spi.o(i.HAL_SPI_GetState), (8 bytes).
    Removing stm32h7xx_hal_spi.o(i.HAL_SPI_IRQHandler), (676 bytes).
    Removing stm32h7xx_hal_spi.o(i.HAL_SPI_Init), (368 bytes).
    Removing stm32h7xx_hal_spi.o(i.HAL_SPI_MspDeInit), (2 bytes).
    Removing stm32h7xx_hal_spi.o(i.HAL_SPI_MspInit), (2 bytes).
    Removing stm32h7xx_hal_spi.o(i.HAL_SPI_Receive), (694 bytes).
    Removing stm32h7xx_hal_spi.o(i.HAL_SPI_Receive_DMA), (500 bytes).
    Removing stm32h7xx_hal_spi.o(i.HAL_SPI_Receive_IT), (272 bytes).
    Removing stm32h7xx_hal_spi.o(i.HAL_SPI_RxCpltCallback), (2 bytes).
    Removing stm32h7xx_hal_spi.o(i.HAL_SPI_RxHalfCpltCallback), (2 bytes).
    Removing stm32h7xx_hal_spi.o(i.HAL_SPI_Transmit), (694 bytes).
    Removing stm32h7xx_hal_spi.o(i.HAL_SPI_TransmitReceive), (1020 bytes).
    Removing stm32h7xx_hal_spi.o(i.HAL_SPI_TransmitReceive_DMA), (672 bytes).
    Removing stm32h7xx_hal_spi.o(i.HAL_SPI_TransmitReceive_IT), (280 bytes).
    Removing stm32h7xx_hal_spi.o(i.HAL_SPI_Transmit_DMA), (472 bytes).
    Removing stm32h7xx_hal_spi.o(i.HAL_SPI_Transmit_IT), (236 bytes).
    Removing stm32h7xx_hal_spi.o(i.HAL_SPI_TxCpltCallback), (2 bytes).
    Removing stm32h7xx_hal_spi.o(i.HAL_SPI_TxHalfCpltCallback), (2 bytes).
    Removing stm32h7xx_hal_spi.o(i.HAL_SPI_TxRxCpltCallback), (2 bytes).
    Removing stm32h7xx_hal_spi.o(i.HAL_SPI_TxRxHalfCpltCallback), (2 bytes).
    Removing stm32h7xx_hal_spi.o(i.SPI_AbortTransfer), (134 bytes).
    Removing stm32h7xx_hal_spi.o(i.SPI_CloseTransfer), (214 bytes).
    Removing stm32h7xx_hal_spi.o(i.SPI_DMAAbortOnError), (28 bytes).
    Removing stm32h7xx_hal_spi.o(i.SPI_DMAError), (48 bytes).
    Removing stm32h7xx_hal_spi.o(i.SPI_DMAHalfReceiveCplt), (14 bytes).
    Removing stm32h7xx_hal_spi.o(i.SPI_DMAHalfTransmitCplt), (14 bytes).
    Removing stm32h7xx_hal_spi.o(i.SPI_DMAHalfTransmitReceiveCplt), (14 bytes).
    Removing stm32h7xx_hal_spi.o(i.SPI_DMAReceiveCplt), (46 bytes).
    Removing stm32h7xx_hal_spi.o(i.SPI_DMARxAbortCallback), (46 bytes).
    Removing stm32h7xx_hal_spi.o(i.SPI_DMATransmitCplt), (46 bytes).
    Removing stm32h7xx_hal_spi.o(i.SPI_DMATransmitReceiveCplt), (46 bytes).
    Removing stm32h7xx_hal_spi.o(i.SPI_DMATxAbortCallback), (46 bytes).
    Removing stm32h7xx_hal_spi.o(i.SPI_GetPacketSize), (26 bytes).
    Removing stm32h7xx_hal_spi.o(i.SPI_RxISR_16BIT), (44 bytes).
    Removing stm32h7xx_hal_spi.o(i.SPI_RxISR_32BIT), (44 bytes).
    Removing stm32h7xx_hal_spi.o(i.SPI_RxISR_8BIT), (46 bytes).
    Removing stm32h7xx_hal_spi.o(i.SPI_TxISR_16BIT), (44 bytes).
    Removing stm32h7xx_hal_spi.o(i.SPI_TxISR_32BIT), (44 bytes).
    Removing stm32h7xx_hal_spi.o(i.SPI_TxISR_8BIT), (46 bytes).
    Removing stm32h7xx_hal_spi.o(i.SPI_WaitOnFlagUntilTimeout), (64 bytes).
    Removing stm32h7xx_hal_qspi.o(.rev16_text), (4 bytes).
    Removing stm32h7xx_hal_qspi.o(.revsh_text), (4 bytes).
    Removing stm32h7xx_hal_qspi.o(.rrx_text), (6 bytes).
    Removing dadd.o(.text), (334 bytes).
    Removing dmul.o(.text), (228 bytes).
    Removing ddiv.o(.text), (222 bytes).
    Removing dfixul.o(.text), (48 bytes).
    Removing cdrcmple.o(.text), (48 bytes).
    Removing depilogue.o(.text), (186 bytes).

743 unused section(s) (total 72281 bytes) removed from the image.
