Archive member included to satisfy reference by file (symbol)

d:/software/rt-threadstudio/repo/extract/toolchain_support_packages/arm/gnu_tools_for_arm_embedded_processors/5.4.1/bin/../lib/gcc/arm-none-eabi/5.4.1/../../../../arm-none-eabi/lib/armv7e-m/fpu\libc.a(lib_a-atoi.o)
                              ./rt-thread/components/finsh/finsh_token.o (atoi)
d:/software/rt-threadstudio/repo/extract/toolchain_support_packages/arm/gnu_tools_for_arm_embedded_processors/5.4.1/bin/../lib/gcc/arm-none-eabi/5.4.1/../../../../arm-none-eabi/lib/armv7e-m/fpu\libc.a(lib_a-fclose.o)
                              ./rt-thread/components/libc/compilers/newlib/stdio.o (fclose)
d:/software/rt-threadstudio/repo/extract/toolchain_support_packages/arm/gnu_tools_for_arm_embedded_processors/5.4.1/bin/../lib/gcc/arm-none-eabi/5.4.1/../../../../arm-none-eabi/lib/armv7e-m/fpu\libc.a(lib_a-fflush.o)
                              d:/software/rt-threadstudio/repo/extract/toolchain_support_packages/arm/gnu_tools_for_arm_embedded_processors/5.4.1/bin/../lib/gcc/arm-none-eabi/5.4.1/../../../../arm-none-eabi/lib/armv7e-m/fpu\libc.a(lib_a-fclose.o) (__sflush_r)
d:/software/rt-threadstudio/repo/extract/toolchain_support_packages/arm/gnu_tools_for_arm_embedded_processors/5.4.1/bin/../lib/gcc/arm-none-eabi/5.4.1/../../../../arm-none-eabi/lib/armv7e-m/fpu\libc.a(lib_a-fileno.o)
                              ./rt-thread/components/libc/compilers/newlib/stdio.o (fileno)
d:/software/rt-threadstudio/repo/extract/toolchain_support_packages/arm/gnu_tools_for_arm_embedded_processors/5.4.1/bin/../lib/gcc/arm-none-eabi/5.4.1/../../../../arm-none-eabi/lib/armv7e-m/fpu\libc.a(lib_a-findfp.o)
                              d:/software/rt-threadstudio/repo/extract/toolchain_support_packages/arm/gnu_tools_for_arm_embedded_processors/5.4.1/bin/../lib/gcc/arm-none-eabi/5.4.1/../../../../arm-none-eabi/lib/armv7e-m/fpu\libc.a(lib_a-fclose.o) (__sinit)
d:/software/rt-threadstudio/repo/extract/toolchain_support_packages/arm/gnu_tools_for_arm_embedded_processors/5.4.1/bin/../lib/gcc/arm-none-eabi/5.4.1/../../../../arm-none-eabi/lib/armv7e-m/fpu\libc.a(lib_a-fopen.o)
                              ./rt-thread/components/libc/compilers/newlib/stdio.o (fopen)
d:/software/rt-threadstudio/repo/extract/toolchain_support_packages/arm/gnu_tools_for_arm_embedded_processors/5.4.1/bin/../lib/gcc/arm-none-eabi/5.4.1/../../../../arm-none-eabi/lib/armv7e-m/fpu\libc.a(lib_a-fseek.o)
                              d:/software/rt-threadstudio/repo/extract/toolchain_support_packages/arm/gnu_tools_for_arm_embedded_processors/5.4.1/bin/../lib/gcc/arm-none-eabi/5.4.1/../../../../arm-none-eabi/lib/armv7e-m/fpu\libc.a(lib_a-fopen.o) (_fseek_r)
d:/software/rt-threadstudio/repo/extract/toolchain_support_packages/arm/gnu_tools_for_arm_embedded_processors/5.4.1/bin/../lib/gcc/arm-none-eabi/5.4.1/../../../../arm-none-eabi/lib/armv7e-m/fpu\libc.a(lib_a-fseeko.o)
                              d:/software/rt-threadstudio/repo/extract/toolchain_support_packages/arm/gnu_tools_for_arm_embedded_processors/5.4.1/bin/../lib/gcc/arm-none-eabi/5.4.1/../../../../arm-none-eabi/lib/armv7e-m/fpu\libc.a(lib_a-fseek.o) (_fseeko_r)
d:/software/rt-threadstudio/repo/extract/toolchain_support_packages/arm/gnu_tools_for_arm_embedded_processors/5.4.1/bin/../lib/gcc/arm-none-eabi/5.4.1/../../../../arm-none-eabi/lib/armv7e-m/fpu\libc.a(lib_a-fwalk.o)
                              d:/software/rt-threadstudio/repo/extract/toolchain_support_packages/arm/gnu_tools_for_arm_embedded_processors/5.4.1/bin/../lib/gcc/arm-none-eabi/5.4.1/../../../../arm-none-eabi/lib/armv7e-m/fpu\libc.a(lib_a-findfp.o) (_fwalk)
d:/software/rt-threadstudio/repo/extract/toolchain_support_packages/arm/gnu_tools_for_arm_embedded_processors/5.4.1/bin/../lib/gcc/arm-none-eabi/5.4.1/../../../../arm-none-eabi/lib/armv7e-m/fpu\libc.a(lib_a-impure.o)
                              ./rt-thread/components/libc/compilers/newlib/stdio.o (_global_impure_ptr)
d:/software/rt-threadstudio/repo/extract/toolchain_support_packages/arm/gnu_tools_for_arm_embedded_processors/5.4.1/bin/../lib/gcc/arm-none-eabi/5.4.1/../../../../arm-none-eabi/lib/armv7e-m/fpu\libc.a(lib_a-makebuf.o)
                              d:/software/rt-threadstudio/repo/extract/toolchain_support_packages/arm/gnu_tools_for_arm_embedded_processors/5.4.1/bin/../lib/gcc/arm-none-eabi/5.4.1/../../../../arm-none-eabi/lib/armv7e-m/fpu\libc.a(lib_a-fseeko.o) (__smakebuf_r)
d:/software/rt-threadstudio/repo/extract/toolchain_support_packages/arm/gnu_tools_for_arm_embedded_processors/5.4.1/bin/../lib/gcc/arm-none-eabi/5.4.1/../../../../arm-none-eabi/lib/armv7e-m/fpu\libc.a(lib_a-memcmp.o)
                              ./rt-thread/components/finsh/shell.o (memcmp)
d:/software/rt-threadstudio/repo/extract/toolchain_support_packages/arm/gnu_tools_for_arm_embedded_processors/5.4.1/bin/../lib/gcc/arm-none-eabi/5.4.1/../../../../arm-none-eabi/lib/armv7e-m/fpu\libc.a(lib_a-memcpy.o)
[...]
Memory Configuration

Name             Origin             Length             Attributes
ROM              0x90000000         0x00800000         xr
RAM              0x24000000         0x00080000         rw
*default*        0x00000000         0xffffffff

Linker script and memory map

LOAD d:/software/rt-threadstudio/repo/extract/toolchain_support_packages/arm/gnu_tools_for_arm_embedded_processors/5.4.1/bin/../lib/gcc/arm-none-eabi/5.4.1/armv7e-m/fpu/crti.o
LOAD d:/software/rt-threadstudio/repo/extract/toolchain_support_packages/arm/gnu_tools_for_arm_embedded_processors/5.4.1/bin/../lib/gcc/arm-none-eabi/5.4.1/armv7e-m/fpu/crtbegin.o
LOAD d:/software/rt-threadstudio/repo/extract/toolchain_support_packages/arm/gnu_tools_for_arm_embedded_processors/5.4.1/bin/../lib/gcc/arm-none-eabi/5.4.1/../../../../arm-none-eabi/lib/armv7e-m/fpu/crt0.o
LOAD ./rt-thread/src/clock.o
LOAD ./rt-thread/src/components.o
LOAD ./rt-thread/src/device.o
LOAD ./rt-thread/src/idle.o
LOAD ./rt-thread/src/ipc.o
LOAD ./rt-thread/src/irq.o
LOAD ./rt-thread/src/kservice.o
LOAD ./rt-thread/src/memheap.o
LOAD ./rt-thread/src/mempool.o
LOAD ./rt-thread/src/object.o
LOAD ./rt-thread/src/scheduler.o
LOAD ./rt-thread/src/signal.o
LOAD ./rt-thread/src/thread.o
LOAD ./rt-thread/src/timer.o
LOAD ./rt-thread/libcpu/arm/cortex-m7/context_gcc.o
LOAD ./rt-thread/libcpu/arm/cortex-m7/cpu_cache.o
LOAD ./rt-thread/libcpu/arm/cortex-m7/cpuport.o
LOAD ./rt-thread/libcpu/arm/common/backtrace.o
LOAD ./rt-thread/libcpu/arm/common/div0.o
LOAD ./rt-thread/libcpu/arm/common/showmem.o
LOAD ./rt-thread/components/libc/compilers/newlib/libc.o
LOAD ./rt-thread/components/libc/compilers/newlib/libc_syms.o
LOAD ./rt-thread/components/libc/compilers/newlib/stdio.o
LOAD ./rt-thread/components/libc/compilers/newlib/syscalls.o
LOAD ./rt-thread/components/libc/compilers/newlib/time.o
LOAD ./rt-thread/components/finsh/cmd.o
LOAD ./rt-thread/components/finsh/finsh_compiler.o
LOAD ./rt-thread/components/finsh/finsh_error.o
LOAD ./rt-thread/components/finsh/finsh_heap.o
LOAD ./rt-thread/components/finsh/finsh_init.o
LOAD ./rt-thread/components/finsh/finsh_node.o
LOAD ./rt-thread/components/finsh/finsh_ops.o
LOAD ./rt-thread/components/finsh/finsh_parser.o
LOAD ./rt-thread/components/finsh/finsh_token.o
LOAD ./rt-thread/components/finsh/finsh_var.o
LOAD ./rt-thread/components/finsh/finsh_vm.o
LOAD ./rt-thread/components/finsh/msh.o
LOAD ./rt-thread/components/finsh/msh_file.o
LOAD ./rt-thread/components/finsh/shell.o
LOAD ./rt-thread/components/drivers/src/completion.o
LOAD ./rt-thread/components/drivers/src/dataqueue.o
LOAD ./rt-thread/components/drivers/src/pipe.o
LOAD ./rt-thread/components/drivers/src/ringblk_buf.o
LOAD ./rt-thread/components/drivers/src/ringbuffer.o
LOAD ./rt-thread/components/drivers/src/waitqueue.o
LOAD ./rt-thread/components/drivers/src/workqueue.o
LOAD ./rt-thread/components/drivers/spi/spi_core.o
LOAD ./rt-thread/components/drivers/spi/spi_dev.o
LOAD ./rt-thread/components/drivers/serial/serial.o
LOAD ./rt-thread/components/drivers/misc/adc.o
LOAD ./rt-thread/components/drivers/misc/pin.o
LOAD ./rt-thread/components/drivers/misc/rt_drv_pwm.o
LOAD ./rt-thread/components/dfs/src/dfs.o
LOAD ./rt-thread/components/dfs/src/dfs_file.o
LOAD ./rt-thread/components/dfs/src/dfs_fs.o
LOAD ./rt-thread/components/dfs/src/dfs_posix.o
LOAD ./rt-thread/components/dfs/src/poll.o
LOAD ./rt-thread/components/dfs/src/select.o
LOAD ./rt-thread/components/dfs/filesystems/devfs/devfs.o
LOAD ./libraries/drivers/drv_adc.o
LOAD ./libraries/drivers/drv_common.o
LOAD ./libraries/drivers/drv_gpio.o
LOAD ./libraries/drivers/drv_lcd.o
LOAD ./libraries/drivers/drv_sdio.o
LOAD ./libraries/drivers/drv_sdram.o
LOAD ./libraries/drivers/drv_spi.o
LOAD ./libraries/drivers/drv_usart.o
LOAD ./libraries/drivers/drv_wlan.o
LOAD ./libraries/STM32H7xx_HAL/STM32H7xx_HAL_Driver/Src/stm32h7xx_hal.o
LOAD ./libraries/STM32H7xx_HAL/STM32H7xx_HAL_Driver/Src/stm32h7xx_hal_adc.o
LOAD ./libraries/STM32H7xx_HAL/STM32H7xx_HAL_Driver/Src/stm32h7xx_hal_adc_ex.o
LOAD ./libraries/STM32H7xx_HAL/STM32H7xx_HAL_Driver/Src/stm32h7xx_hal_cec.o
LOAD ./libraries/STM32H7xx_HAL/STM32H7xx_HAL_Driver/Src/stm32h7xx_hal_comp.o
LOAD ./libraries/STM32H7xx_HAL/STM32H7xx_HAL_Driver/Src/stm32h7xx_hal_cortex.o
LOAD ./libraries/STM32H7xx_HAL/STM32H7xx_HAL_Driver/Src/stm32h7xx_hal_crc.o
LOAD ./libraries/STM32H7xx_HAL/STM32H7xx_HAL_Driver/Src/stm32h7xx_hal_crc_ex.o
LOAD ./libraries/STM32H7xx_HAL/STM32H7xx_HAL_Driver/Src/stm32h7xx_hal_cryp.o
LOAD ./libraries/STM32H7xx_HAL/STM32H7xx_HAL_Driver/Src/stm32h7xx_hal_cryp_ex.o
LOAD ./libraries/STM32H7xx_HAL/STM32H7xx_HAL_Driver/Src/stm32h7xx_hal_dma.o
LOAD ./libraries/STM32H7xx_HAL/STM32H7xx_HAL_Driver/Src/stm32h7xx_hal_dma_ex.o
LOAD ./libraries/STM32H7xx_HAL/STM32H7xx_HAL_Driver/Src/stm32h7xx_hal_gpio.o
LOAD ./libraries/STM32H7xx_HAL/STM32H7xx_HAL_Driver/Src/stm32h7xx_hal_lptim.o
LOAD ./libraries/STM32H7xx_HAL/STM32H7xx_HAL_Driver/Src/stm32h7xx_hal_mdma.o
LOAD ./libraries/STM32H7xx_HAL/STM32H7xx_HAL_Driver/Src/stm32h7xx_hal_pwr.o
LOAD ./libraries/STM32H7xx_HAL/STM32H7xx_HAL_Driver/Src/stm32h7xx_hal_pwr_ex.o
LOAD ./libraries/STM32H7xx_HAL/STM32H7xx_HAL_Driver/Src/stm32h7xx_hal_qspi.o
LOAD ./libraries/STM32H7xx_HAL/STM32H7xx_HAL_Driver/Src/stm32h7xx_hal_rcc.o
LOAD ./libraries/STM32H7xx_HAL/STM32H7xx_HAL_Driver/Src/stm32h7xx_hal_rcc_ex.o
LOAD ./libraries/STM32H7xx_HAL/STM32H7xx_HAL_Driver/Src/stm32h7xx_hal_rng.o
LOAD ./libraries/STM32H7xx_HAL/STM32H7xx_HAL_Driver/Src/stm32h7xx_hal_spi.o
LOAD ./libraries/STM32H7xx_HAL/STM32H7xx_HAL_Driver/Src/stm32h7xx_hal_sram.o
LOAD ./libraries/STM32H7xx_HAL/STM32H7xx_HAL_Driver/Src/stm32h7xx_hal_tim.o
LOAD ./libraries/STM32H7xx_HAL/STM32H7xx_HAL_Driver/Src/stm32h7xx_hal_tim_ex.o
LOAD ./libraries/STM32H7xx_HAL/STM32H7xx_HAL_Driver/Src/stm32h7xx_hal_uart.o
LOAD ./libraries/STM32H7xx_HAL/STM32H7xx_HAL_Driver/Src/stm32h7xx_hal_uart_ex.o
LOAD ./libraries/STM32H7xx_HAL/STM32H7xx_HAL_Driver/Src/stm32h7xx_hal_usart.o
LOAD ./libraries/STM32H7xx_HAL/CMSIS/Device/ST/STM32H7xx/Source/Templates/gcc/startup_stm32h750xx.o
LOAD ./libraries/STM32H7xx_HAL/CMSIS/Device/ST/STM32H7xx/Source/Templates/system_stm32h7xx.o
LOAD ./board/port/filesystem.o
LOAD ./board/CubeMX_Config/Core/Src/stm32h7xx_hal_msp.o
LOAD ./board/board.o
LOAD ./board/drv_mpu.o
LOAD ./applications/main.o
LOAD d:/software/rt-threadstudio/repo/extract/toolchain_support_packages/arm/gnu_tools_for_arm_embedded_processors/5.4.1/bin/../lib/gcc/arm-none-eabi/5.4.1/../../../../arm-none-eabi/lib/armv7e-m/fpu\libc.a
LOAD d:/software/rt-threadstudio/repo/extract/toolchain_support_packages/arm/gnu_tools_for_arm_embedded_processors/5.4.1/bin/../lib/gcc/arm-none-eabi/5.4.1/../../../../arm-none-eabi/lib/armv7e-m/fpu\libm.a
START GROUP
LOAD d:/software/rt-threadstudio/repo/extract/toolchain_support_packages/arm/gnu_tools_for_arm_embedded_processors/5.4.1/bin/../lib/gcc/arm-none-eabi/5.4.1/armv7e-m/fpu\libgcc.a
LOAD d:/software/rt-threadstudio/repo/extract/toolchain_support_packages/arm/gnu_tools_for_arm_embedded_processors/5.4.1/bin/../lib/gcc/arm-none-eabi/5.4.1/../../../../arm-none-eabi/lib/armv7e-m/fpu\libg.a
LOAD d:/software/rt-threadstudio/repo/extract/toolchain_support_packages/arm/gnu_tools_for_arm_embedded_processors/5.4.1/bin/../lib/gcc/arm-none-eabi/5.4.1/../../../../arm-none-eabi/lib/armv7e-m/fpu\libc.a
END GROUP
LOAD d:/software/rt-threadstudio/repo/extract/toolchain_support_packages/arm/gnu_tools_for_arm_embedded_processors/5.4.1/bin/../lib/gcc/arm-none-eabi/5.4.1/armv7e-m/fpu/crtend.o
LOAD d:/software/rt-threadstudio/repo/extract/toolchain_support_packages/arm/gnu_tools_for_arm_embedded_processors/5.4.1/bin/../lib/gcc/arm-none-eabi/5.4.1/armv7e-m/fpu/crtn.o
                0x00000200                _system_stack_size = 0x200

.text           0x90000000    0x24248
                0x90000000                . = ALIGN (0x4)
                0x90000000                _stext = .
 *(.isr_vector)
 .isr_vector    0x90000000      0x298 ./libraries/STM32H7xx_HAL/CMSIS/Device/ST/STM32H7xx/Source/Templates/gcc/startup_stm32h750xx.o
                0x90000000                g_pfnVectors
                0x90000298                . = ALIGN (0x4)
 *(.text)
 .text          0x90000298       0x5c d:/software/rt-threadstudio/repo/extract/toolchain_support_packages/arm/gnu_tools_for_arm_embedded_processors/5.4.1/bin/../lib/gcc/arm-none-eabi/5.4.1/armv7e-m/fpu/crtbegin.o
 .text          0x900002f4      0x13c ./rt-thread/libcpu/arm/cortex-m7/context_gcc.o
                0x900002f4                rt_hw_interrupt_disable
                0x900002fc                rt_hw_interrupt_enable
                0x90000302                rt_hw_context_switch_interrupt
                0x90000302                rt_hw_context_switch
                0x90000322                PendSV_Handler
                0x9000038e                rt_hw_context_switch_to
                0x900003d4                rt_hw_interrupt_thread_switch
                0x900003d8                HardFault_Handler
 .text          0x90000430      0x134 d:/software/rt-threadstudio/repo/extract/toolchain_support_packages/arm/gnu_tools_for_arm_embedded_processors/5.4.1/bin/../lib/gcc/arm-none-eabi/5.4.1/../../../../arm-none-eabi/lib/armv7e-m/fpu\libc.a(lib_a-memcpy.o)
                0x90000430                memcpy
 *fill*         0x90000564       0x1c 00000000
 .text          0x90000580      0x2dc d:/software/rt-threadstudio/repo/extract/toolchain_support_packages/arm/gnu_tools_for_arm_embedded_processors/5.4.1/bin/../lib/gcc/arm-none-eabi/5.4.1/../../../../arm-none-eabi/lib/armv7e-m/fpu\libc.a(lib_a-strcmp.o)
                0x90000588                strcmp
 *fill*         0x9000085c       0x24 00000000
 .text          0x90000880       0xdc d:/software/rt-threadstudio/repo/extract/toolchain_support_packages/arm/gnu_tools_for_arm_embedded_processors/5.4.1/bin/../lib/gcc/arm-none-eabi/5.4.1/../../../../arm-none-eabi/lib/armv7e-m/fpu\libc.a(lib_a-strlen.o)
                0x90000880                strlen
 *fill*         0x9000095c        0x4 00000000
 .text          0x90000960       0xa0 d:/software/rt-threadstudio/repo/extract/toolchain_support_packages/arm/gnu_tools_for_arm_embedded_processors/5.4.1/bin/../lib/gcc/arm-none-eabi/5.4.1/../../../../arm-none-eabi/lib/armv7e-m/fpu\libc.a(lib_a-memchr.o)
                0x90000960                memchr
 .text          0x90000a00      0x370 d:/software/rt-threadstudio/repo/extract/toolchain_support_packages/arm/gnu_tools_for_arm_embedded_processors/5.4.1/bin/../lib/gcc/arm-none-eabi/5.4.1/armv7e-m/fpu\libgcc.a(_arm_addsubdf3.o)
                0x90000a00                __aeabi_drsub
                0x90000a08                __aeabi_dsub
                0x90000a08                __subdf3
                0x90000a0c                __aeabi_dadd
                0x90000a0c                __adddf3
                0x90000c84                __floatunsidf
                0x90000c84                __aeabi_ui2d
                0x90000ca4                __floatsidf
                0x90000ca4                __aeabi_i2d
                0x90000cc8                __aeabi_f2d
                0x90000cc8                __extendsfdf2
                0x90000d04                __floatundidf
                0x90000d04                __aeabi_ul2d
                0x90000d14                __floatdidf
                0x90000d14                __aeabi_l2d
 .text          0x90000d70      0x424 d:/software/rt-threadstudio/repo/extract/toolchain_support_packages/arm/gnu_tools_for_arm_embedded_processors/5.4.1/bin/../lib/gcc/arm-none-eabi/5.4.1/armv7e-m/fpu\libgcc.a(_arm_muldivdf3.o)
                0x90000d70                __aeabi_dmul
                0x90000d70                __muldf3
                0x90000fc4                __divdf3
                0x90000fc4                __aeabi_ddiv
 .text          0x90001194      0x110 d:/software/rt-threadstudio/repo/extract/toolchain_support_packages/arm/gnu_tools_for_arm_embedded_processors/5.4.1/bin/../lib/gcc/arm-none-eabi/5.4.1/armv7e-m/fpu\libgcc.a(_arm_cmpdf2.o)
                0x90001194                __gtdf2
                0x90001194                __gedf2
                0x9000119c                __ltdf2
                0x9000119c                __ledf2
                0x900011a4                __nedf2
                0x900011a4                __eqdf2
                0x900011a4                __cmpdf2
                0x90001220                __aeabi_cdrcmple
                0x90001230                __aeabi_cdcmpeq
                0x90001230                __aeabi_cdcmple
                0x90001240                __aeabi_dcmpeq
                0x90001254                __aeabi_dcmplt
                0x90001268                __aeabi_dcmple
                0x9000127c                __aeabi_dcmpge
                0x90001290                __aeabi_dcmpgt
 .text          0x900012a4       0x2c d:/software/rt-threadstudio/repo/extract/toolchain_support_packages/arm/gnu_tools_for_arm_embedded_processors/5.4.1/bin/../lib/gcc/arm-none-eabi/5.4.1/armv7e-m/fpu\libgcc.a(_arm_unorddf2.o)
                0x900012a4                __unorddf2
                0x900012a4                __aeabi_dcmpun
 .text          0x900012d0       0x50 d:/software/rt-threadstudio/repo/extract/toolchain_support_packages/arm/gnu_tools_for_arm_embedded_processors/5.4.1/bin/../lib/gcc/arm-none-eabi/5.4.1/armv7e-m/fpu\libgcc.a(_arm_fixdfsi.o)
                0x900012d0                __aeabi_d2iz
                0x900012d0                __fixdfsi
 .text          0x90001320       0x30 d:/software/rt-threadstudio/repo/extract/toolchain_support_packages/arm/gnu_tools_for_arm_embedded_processors/5.4.1/bin/../lib/gcc/arm-none-eabi/5.4.1/armv7e-m/fpu\libgcc.a(_aeabi_uldivmod.o)
                0x90001320                __aeabi_uldivmod
 .text          0x90001350      0x2e4 d:/software/rt-threadstudio/repo/extract/toolchain_support_packages/arm/gnu_tools_for_arm_embedded_processors/5.4.1/bin/../lib/gcc/arm-none-eabi/5.4.1/armv7e-m/fpu\libgcc.a(_udivmoddi4.o)
                0x90001350                __udivmoddi4
 .text          0x90001634        0x4 d:/software/rt-threadstudio/repo/extract/toolchain_support_packages/arm/gnu_tools_for_arm_embedded_processors/5.4.1/bin/../lib/gcc/arm-none-eabi/5.4.1/armv7e-m/fpu\libgcc.a(_dvmd_tls.o)
                0x90001634                __aeabi_idiv0
                0x90001634                __aeabi_ldiv0
 *(.text.*)
 .text.rt_tick_get
                0x90001638       0x18 ./rt-thread/src/clock.o
                0x90001638                rt_tick_get
 .text.rt_tick_increase
                0x90001650       0x58 ./rt-thread/src/clock.o
                0x90001650                rt_tick_increase
 .text.rt_tick_from_millisecond
                0x900016a8       0x78 ./rt-thread/src/clock.o
                0x900016a8                rt_tick_from_millisecond
 .text.rti_start
                0x90001720       0x10 ./rt-thread/src/components.o
 .text.rti_board_start
                0x90001730       0x10 ./rt-thread/src/components.o
 .text.rti_board_end
                0x90001740       0x10 ./rt-thread/src/components.o
 .text.rti_end  0x90001750       0x10 ./rt-thread/src/components.o
 .text.rt_components_board_init
                0x90001760       0x30 ./rt-thread/src/components.o
                0x90001760                rt_components_board_init
 .text.rt_components_init
                0x90001790       0x30 ./rt-thread/src/components.o
                0x90001790                rt_components_init
 .text.entry    0x900017c0       0x10 ./rt-thread/src/components.o
                0x900017c0                entry
 .text.main_thread_entry
                0x900017d0       0x18 ./rt-thread/src/components.o
                0x900017d0                main_thread_entry
 .text.rt_application_init
                0x900017e8       0x4c ./rt-thread/src/components.o
                0x900017e8                rt_application_init
 .text.rtthread_startup
                0x90001834       0x30 ./rt-thread/src/components.o
                0x90001834                rtthread_startup
 .text.rt_list_init
                0x90001864       0x24 ./rt-thread/src/device.o
 .text.rt_wqueue_init
                0x90001888       0x38 ./rt-thread/src/device.o
 .text.rt_device_register
                0x900018c0       0x64 ./rt-thread/src/device.o
                0x900018c0                rt_device_register
 .text.rt_device_find
                0x90001924       0x90 ./rt-thread/src/device.o
                0x90001924                rt_device_find
 .text.rt_device_open
                0x900019b4      0x11c ./rt-thread/src/device.o
                0x900019b4                rt_device_open
 .text.rt_device_close
                0x90001ad0       0x9c ./rt-thread/src/device.o
                0x90001ad0                rt_device_close
 .text.rt_device_read
                0x90001b6c       0x88 ./rt-thread/src/device.o
                0x90001b6c                rt_device_read
 .text.rt_device_write
                0x90001bf4       0x88 ./rt-thread/src/device.o
                0x90001bf4                rt_device_write
 .text.rt_device_control
                0x90001c7c       0x68 ./rt-thread/src/device.o
                0x90001c7c                rt_device_control
 .text.rt_device_set_rx_indicate
                0x90001ce4       0x54 ./rt-thread/src/device.o
                0x90001ce4                rt_device_set_rx_indicate
 .text.rt_list_remove
                0x90001d38       0x38 ./rt-thread/src/idle.o
 .text._has_defunct_thread
                0x90001d70       0x2c ./rt-thread/src/idle.o
 .text.rt_thread_idle_excute
                0x90001d9c       0xc8 ./rt-thread/src/idle.o
                0x90001d9c                rt_thread_idle_excute
 .text.rt_thread_idle_entry
                0x90001e64       0x3c ./rt-thread/src/idle.o
 .text.rt_thread_idle_init
                0x90001ea0       0x74 ./rt-thread/src/idle.o
                0x90001ea0                rt_thread_idle_init
 .text.rt_list_init
                0x90001f14       0x24 ./rt-thread/src/ipc.o
 .text.rt_list_insert_before
                0x90001f38       0x34 ./rt-thread/src/ipc.o
 .text.rt_list_isempty
                0x90001f6c       0x24 ./rt-thread/src/ipc.o
 .text.rt_ipc_object_init
                0x90001f90       0x1c ./rt-thread/src/ipc.o
 .text.rt_ipc_list_suspend
                0x90001fac       0x90 ./rt-thread/src/ipc.o
 .text.rt_ipc_list_resume
                0x9000203c       0x20 ./rt-thread/src/ipc.o
 .text.rt_sem_init
                0x9000205c       0x68 ./rt-thread/src/ipc.o
                0x9000205c                rt_sem_init
 .text.rt_sem_take
                0x900020c4      0x160 ./rt-thread/src/ipc.o
                0x900020c4                rt_sem_take
 .text.rt_sem_release
                0x90002224       0xa0 ./rt-thread/src/ipc.o
                0x90002224                rt_sem_release
 .text.rt_mutex_init
                0x900022c4       0x64 ./rt-thread/src/ipc.o
                0x900022c4                rt_mutex_init
 .text.rt_mutex_take
                0x90002328      0x1d0 ./rt-thread/src/ipc.o
                0x90002328                rt_mutex_take
 .text.rt_mutex_release
                0x900024f8      0x190 ./rt-thread/src/ipc.o
                0x900024f8                rt_mutex_release
 .text.rt_interrupt_enter
                0x90002688       0x40 ./rt-thread/src/irq.o
                0x90002688                rt_interrupt_enter
 .text.rt_interrupt_leave
                0x900026c8       0x40 ./rt-thread/src/irq.o
                0x900026c8                rt_interrupt_leave
 .text.rt_interrupt_get_nest
                0x90002708       0x28 ./rt-thread/src/irq.o
                0x90002708                rt_interrupt_get_nest
 .text.rt_set_errno
                0x90002730       0x40 ./rt-thread/src/kservice.o
                0x90002730                rt_set_errno
 .text._rt_errno
                0x90002770       0x34 ./rt-thread/src/kservice.o
                0x90002770                _rt_errno
 .text.rt_memset
                0x900027a4       0xb8 ./rt-thread/src/kservice.o
                0x900027a4                rt_memset
 .text.rt_memcpy
                0x9000285c       0xd4 ./rt-thread/src/kservice.o
                0x9000285c                rt_memcpy
 .text.rt_memmove
                0x90002930       0x84 ./rt-thread/src/kservice.o
                0x90002930                rt_memmove
 .text.rt_strncpy
                0x900029b4       0x64 ./rt-thread/src/kservice.o
                0x900029b4                rt_strncpy
 .text.rt_strncmp
                0x90002a18       0x4c ./rt-thread/src/kservice.o
                0x90002a18                rt_strncmp
 .text.rt_strlen
                0x90002a64       0x30 ./rt-thread/src/kservice.o
                0x90002a64                rt_strlen
 .text.rt_strdup
                0x90002a94       0x3c ./rt-thread/src/kservice.o
                0x90002a94                rt_strdup
 .text.rt_show_version
                0x90002ad0       0x44 ./rt-thread/src/kservice.o
                0x90002ad0                rt_show_version
 .text.divide   0x90002b14       0x68 ./rt-thread/src/kservice.o
 .text.skip_atoi
                0x90002b7c       0x40 ./rt-thread/src/kservice.o
 .text.print_number
                0x90002bbc      0x1dc ./rt-thread/src/kservice.o
 .text.rt_vsnprintf
                0x90002d98      0x548 ./rt-thread/src/kservice.o
                0x90002d98                rt_vsnprintf
 .text.rt_snprintf
                0x900032e0       0x30 ./rt-thread/src/kservice.o
                0x900032e0                rt_snprintf
 .text.rt_vsprintf
                0x90003310       0x24 ./rt-thread/src/kservice.o
                0x90003310                rt_vsprintf
 .text.rt_sprintf
                0x90003334       0x2c ./rt-thread/src/kservice.o
                0x90003334                rt_sprintf
 .text.rt_console_get_device
                0x90003360       0x18 ./rt-thread/src/kservice.o
                0x90003360                rt_console_get_device
 .text.rt_console_set_device
                0x90003378       0x4c ./rt-thread/src/kservice.o
                0x90003378                rt_console_set_device
 .text.rt_hw_console_output
                0x900033c4       0x14 ./rt-thread/src/kservice.o
                0x900033c4                rt_hw_console_output
 .text.rt_kprintf
                0x900033d8       0x80 ./rt-thread/src/kservice.o
                0x900033d8                rt_kprintf
 .text.rt_assert_handler
                0x90003458       0x4c ./rt-thread/src/kservice.o
                0x90003458                rt_assert_handler
 .text.rt_memheap_init
                0x900034a4      0x144 ./rt-thread/src/memheap.o
                0x900034a4                rt_memheap_init
 .text.rt_memheap_alloc
                0x900035e8      0x1f8 ./rt-thread/src/memheap.o
                0x900035e8                rt_memheap_alloc
 .text.rt_memheap_realloc
                0x900037e0      0x310 ./rt-thread/src/memheap.o
                0x900037e0                rt_memheap_realloc
 .text.rt_memheap_free
                0x90003af0      0x1b8 ./rt-thread/src/memheap.o
                0x90003af0                rt_memheap_free
 .text.rt_system_heap_init
                0x90003ca8       0x2c ./rt-thread/src/memheap.o
                0x90003ca8                rt_system_heap_init
 .text.rt_malloc
                0x90003cd4       0xc0 ./rt-thread/src/memheap.o
                0x90003cd4                rt_malloc
 .text.rt_free  0x90003d94       0x18 ./rt-thread/src/memheap.o
                0x90003d94                rt_free
 .text.rt_realloc
                0x90003dac       0x9c ./rt-thread/src/memheap.o
                0x90003dac                rt_realloc
 .text.rt_calloc
                0x90003e48       0x38 ./rt-thread/src/memheap.o
                0x90003e48                rt_calloc
 .text.rt_list_insert_after
                0x90003e80       0x34 ./rt-thread/src/object.o
 .text.rt_list_remove
                0x90003eb4       0x38 ./rt-thread/src/object.o
 .text.rt_object_get_information
                0x90003eec       0x48 ./rt-thread/src/object.o
                0x90003eec                rt_object_get_information
 .text.rt_object_init
                0x90003f34       0xcc ./rt-thread/src/object.o
                0x90003f34                rt_object_init
 .text.rt_object_detach
                0x90004000       0x5c ./rt-thread/src/object.o
                0x90004000                rt_object_detach
 .text.rt_object_allocate
                0x9000405c       0xd8 ./rt-thread/src/object.o
                0x9000405c                rt_object_allocate
 .text.rt_object_delete
                0x90004134       0x7c ./rt-thread/src/object.o
                0x90004134                rt_object_delete
 .text.rt_object_is_systemobject
                0x900041b0       0x3c ./rt-thread/src/object.o
                0x900041b0                rt_object_is_systemobject
 .text.rt_object_get_type
                0x900041ec       0x34 ./rt-thread/src/object.o
                0x900041ec                rt_object_get_type
 .text.rt_list_init
                0x90004220       0x24 ./rt-thread/src/scheduler.o
 .text.rt_list_insert_before
                0x90004244       0x34 ./rt-thread/src/scheduler.o
 .text.rt_list_remove
                0x90004278       0x38 ./rt-thread/src/scheduler.o
 .text.rt_list_isempty
                0x900042b0       0x24 ./rt-thread/src/scheduler.o
 .text._rt_scheduler_stack_check
                0x900042d4       0x98 ./rt-thread/src/scheduler.o
 .text._get_highest_priority_thread
                0x9000436c       0x38 ./rt-thread/src/scheduler.o
 .text.rt_system_scheduler_init
                0x900043a4       0x40 ./rt-thread/src/scheduler.o
                0x900043a4                rt_system_scheduler_init
 .text.rt_system_scheduler_start
                0x900043e4       0x38 ./rt-thread/src/scheduler.o
                0x900043e4                rt_system_scheduler_start
 .text.rt_schedule
                0x9000441c      0x188 ./rt-thread/src/scheduler.o
                0x9000441c                rt_schedule
 .text.rt_schedule_insert_thread
                0x900045a4       0xac ./rt-thread/src/scheduler.o
                0x900045a4                rt_schedule_insert_thread
 .text.rt_schedule_remove_thread
                0x90004650       0x70 ./rt-thread/src/scheduler.o
                0x90004650                rt_schedule_remove_thread
 .text.rt_enter_critical
                0x900046c0       0x2c ./rt-thread/src/scheduler.o
                0x900046c0                rt_enter_critical
 .text.rt_exit_critical
                0x900046ec       0x54 ./rt-thread/src/scheduler.o
                0x900046ec                rt_exit_critical
 .text.rt_list_init
                0x90004740       0x24 ./rt-thread/src/thread.o
 .text.rt_list_insert_after
                0x90004764       0x34 ./rt-thread/src/thread.o
 .text.rt_list_remove
                0x90004798       0x38 ./rt-thread/src/thread.o
 .text.rt_thread_exit
                0x900047d0       0x68 ./rt-thread/src/thread.o
                0x900047d0                rt_thread_exit
 .text._rt_thread_init
                0x90004838       0xf8 ./rt-thread/src/thread.o
 .text.rt_thread_init
                0x90004930       0x6c ./rt-thread/src/thread.o
                0x90004930                rt_thread_init
 .text.rt_thread_self
                0x9000499c       0x18 ./rt-thread/src/thread.o
                0x9000499c                rt_thread_self
 .text.rt_thread_startup
                0x900049b4       0xa0 ./rt-thread/src/thread.o
                0x900049b4                rt_thread_startup
 .text.rt_thread_create
                0x90004a54       0x64 ./rt-thread/src/thread.o
                0x90004a54                rt_thread_create
 .text.rt_thread_delete
                0x90004ab8       0xb8 ./rt-thread/src/thread.o
                0x90004ab8                rt_thread_delete
 .text.rt_thread_yield
                0x90004b70       0x10 ./rt-thread/src/thread.o
                0x90004b70                rt_thread_yield
 .text.rt_thread_sleep
                0x90004b80       0x8c ./rt-thread/src/thread.o
                0x90004b80                rt_thread_sleep
 .text.rt_thread_delay
                0x90004c0c       0x18 ./rt-thread/src/thread.o
                0x90004c0c                rt_thread_delay
 .text.rt_thread_mdelay
                0x90004c24       0x20 ./rt-thread/src/thread.o
                0x90004c24                rt_thread_mdelay
 .text.rt_thread_control
                0x90004c44       0xd4 ./rt-thread/src/thread.o
                0x90004c44                rt_thread_control
 .text.rt_thread_suspend
                0x90004d18       0xcc ./rt-thread/src/thread.o
                0x90004d18                rt_thread_suspend
 .text.rt_thread_resume
                0x90004de4       0x98 ./rt-thread/src/thread.o
                0x90004de4                rt_thread_resume
 .text.rt_thread_timeout
                0x90004e7c       0x84 ./rt-thread/src/thread.o
                0x90004e7c                rt_thread_timeout
 .text.rt_list_init
                0x90004f00       0x24 ./rt-thread/src/timer.o
 .text.rt_list_insert_after
                0x90004f24       0x34 ./rt-thread/src/timer.o
 .text.rt_list_remove
                0x90004f58       0x38 ./rt-thread/src/timer.o
 .text.rt_list_isempty
                0x90004f90       0x24 ./rt-thread/src/timer.o
 .text._rt_timer_init
                0x90004fb4       0x68 ./rt-thread/src/timer.o
 .text.rt_timer_list_next_timeout
                0x9000501c       0x40 ./rt-thread/src/timer.o
 .text._rt_timer_remove
                0x9000505c       0x34 ./rt-thread/src/timer.o
 .text.rt_timer_init
                0x90005090       0x48 ./rt-thread/src/timer.o
                0x90005090                rt_timer_init
 .text.rt_timer_detach
                0x900050d8       0x7c ./rt-thread/src/timer.o
                0x900050d8                rt_timer_detach
 .text.rt_timer_start
                0x90005154      0x23c ./rt-thread/src/timer.o
                0x90005154                rt_timer_start
 .text.rt_timer_stop
                0x90005390       0x94 ./rt-thread/src/timer.o
                0x90005390                rt_timer_stop
 .text.rt_timer_control
                0x90005424       0xc0 ./rt-thread/src/timer.o
                0x90005424                rt_timer_control
 .text.rt_timer_check
                0x900054e4       0xcc ./rt-thread/src/timer.o
                0x900054e4                rt_timer_check
 .text.rt_soft_timer_check
                0x900055b0       0xd8 ./rt-thread/src/timer.o
                0x900055b0                rt_soft_timer_check
 .text.rt_thread_timer_entry
                0x90005688       0x58 ./rt-thread/src/timer.o
 .text.rt_system_timer_init
                0x900056e0       0x34 ./rt-thread/src/timer.o
                0x900056e0                rt_system_timer_init
 .text.rt_system_timer_thread_init
                0x90005714       0x68 ./rt-thread/src/timer.o
                0x90005714                rt_system_timer_thread_init
 .text.rt_hw_stack_init
                0x9000577c       0x90 ./rt-thread/libcpu/arm/cortex-m7/cpuport.o
                0x9000577c                rt_hw_stack_init
 .text.usage_fault_track
                0x9000580c       0xc4 ./rt-thread/libcpu/arm/cortex-m7/cpuport.o
 .text.bus_fault_track
                0x900058d0       0xcc ./rt-thread/libcpu/arm/cortex-m7/cpuport.o
 .text.mem_manage_fault_track
                0x9000599c       0xb4 ./rt-thread/libcpu/arm/cortex-m7/cpuport.o
 .text.hard_fault_track
                0x90005a50       0x78 ./rt-thread/libcpu/arm/cortex-m7/cpuport.o
 .text.rt_hw_hard_fault_exception
                0x90005ac8      0x184 ./rt-thread/libcpu/arm/cortex-m7/cpuport.o
                0x90005ac8                rt_hw_hard_fault_exception
 .text.rt_hw_cpu_reset
                0x90005c4c       0x1c ./rt-thread/libcpu/arm/cortex-m7/cpuport.o
                0x90005c4c                rt_hw_cpu_reset
 .text.__rt_ffs
                0x90005c68       0x2c ./rt-thread/libcpu/arm/cortex-m7/cpuport.o
                0x90005c68                __rt_ffs
 .text.libc_system_init
                0x90005c94       0x3c ./rt-thread/components/libc/compilers/newlib/libc.o
                0x90005c94                libc_system_init
 .text.libc_stdio_set_console
                0x90005cd0      0x100 ./rt-thread/components/libc/compilers/newlib/stdio.o
                0x90005cd0                libc_stdio_set_console
 .text.libc_stdio_get_console
                0x90005dd0       0x28 ./rt-thread/components/libc/compilers/newlib/stdio.o
                0x90005dd0                libc_stdio_get_console
 .text.__errno  0x90005df8       0x10 ./rt-thread/components/libc/compilers/newlib/syscalls.o
                0x90005df8                __errno
 .text._close_r
                0x90005e08       0x1c ./rt-thread/components/libc/compilers/newlib/syscalls.o
                0x90005e08                _close_r
 .text._fstat_r
                0x90005e24       0x24 ./rt-thread/components/libc/compilers/newlib/syscalls.o
                0x90005e24                _fstat_r
 .text._isatty_r
                0x90005e48       0x30 ./rt-thread/components/libc/compilers/newlib/syscalls.o
                0x90005e48                _isatty_r
 .text._lseek_r
                0x90005e78       0x24 ./rt-thread/components/libc/compilers/newlib/syscalls.o
                0x90005e78                _lseek_r
 .text._open_r  0x90005e9c       0x24 ./rt-thread/components/libc/compilers/newlib/syscalls.o
                0x90005e9c                _open_r
 .text._read_r  0x90005ec0       0x24 ./rt-thread/components/libc/compilers/newlib/syscalls.o
                0x90005ec0                _read_r
 .text._write_r
                0x90005ee4       0x24 ./rt-thread/components/libc/compilers/newlib/syscalls.o
                0x90005ee4                _write_r
 .text._malloc_r
                0x90005f08       0x28 ./rt-thread/components/libc/compilers/newlib/syscalls.o
                0x90005f08                _malloc_r
 .text._realloc_r
                0x90005f30       0x2c ./rt-thread/components/libc/compilers/newlib/syscalls.o
                0x90005f30                _realloc_r
 .text._calloc_r
                0x90005f5c       0x2c ./rt-thread/components/libc/compilers/newlib/syscalls.o
                0x90005f5c                _calloc_r
 .text._free_r  0x90005f88       0x18 ./rt-thread/components/libc/compilers/newlib/syscalls.o
                0x90005f88                _free_r
 .text.rt_list_isempty
                0x90005fa0       0x24 ./rt-thread/components/finsh/cmd.o
 .text.rt_list_len
                0x90005fc4       0x38 ./rt-thread/components/finsh/cmd.o
 .text.hello    0x90005ffc       0x14 ./rt-thread/components/finsh/cmd.o
                0x90005ffc                hello
 .text.clear    0x90006010       0x14 ./rt-thread/components/finsh/cmd.o
 .text.version  0x90006024       0x10 ./rt-thread/components/finsh/cmd.o
                0x90006024                version
 .text.object_split
                0x90006034       0x28 ./rt-thread/components/finsh/cmd.o
 .text.list_find_init
                0x9000605c       0x48 ./rt-thread/components/finsh/cmd.o
 .text.list_get_next
                0x900060a4       0xc8 ./rt-thread/components/finsh/cmd.o
 .text.list_thread
                0x9000616c      0x208 ./rt-thread/components/finsh/cmd.o
                0x9000616c                list_thread
 .text.show_wait_queue
                0x90006374       0x50 ./rt-thread/components/finsh/cmd.o
 .text.list_sem
                0x900063c4      0x12c ./rt-thread/components/finsh/cmd.o
                0x900063c4                list_sem
 .text.list_event
                0x900064f0      0x118 ./rt-thread/components/finsh/cmd.o
                0x900064f0                list_event
 .text.list_mutex
                0x90006608       0xe8 ./rt-thread/components/finsh/cmd.o
                0x90006608                list_mutex
 .text.list_mailbox
                0x900066f0      0x13c ./rt-thread/components/finsh/cmd.o
                0x900066f0                list_mailbox
 .text.list_msgqueue
                0x9000682c      0x12c ./rt-thread/components/finsh/cmd.o
                0x9000682c                list_msgqueue
 .text.list_memheap
                0x90006958       0xd8 ./rt-thread/components/finsh/cmd.o
                0x90006958                list_memheap
 .text.list_mempool
                0x90006a30      0x144 ./rt-thread/components/finsh/cmd.o
                0x90006a30                list_mempool
 .text.list_timer
                0x90006b74      0x108 ./rt-thread/components/finsh/cmd.o
                0x90006b74                list_timer
 .text.list_device
                0x90006c7c       0xf0 ./rt-thread/components/finsh/cmd.o
                0x90006c7c                list_device
 .text.list     0x90006d6c       0xf0 ./rt-thread/components/finsh/cmd.o
                0x90006d6c                list
 .text.str_is_prefix
                0x90006e5c       0x48 ./rt-thread/components/finsh/cmd.o
 .text.str_common
                0x90006ea4       0x4c ./rt-thread/components/finsh/cmd.o
 .text.list_prefix
                0x90006ef0      0x294 ./rt-thread/components/finsh/cmd.o
                0x90006ef0                list_prefix
 .text.finsh_compile
                0x90007184     0x1840 ./rt-thread/components/finsh/finsh_compiler.o
 .text.finsh_type_check
                0x900089c4      0x218 ./rt-thread/components/finsh/finsh_compiler.o
 .text.finsh_compiler_run
                0x90008bdc       0x88 ./rt-thread/components/finsh/finsh_compiler.o
                0x90008bdc                finsh_compiler_run
 .text.finsh_error_init
                0x90008c64       0x1c ./rt-thread/components/finsh/finsh_error.o
                0x90008c64                finsh_error_init
 .text.finsh_error_set
                0x90008c80       0x24 ./rt-thread/components/finsh/finsh_error.o
                0x90008c80                finsh_error_set
 .text.finsh_errno
                0x90008ca4       0x18 ./rt-thread/components/finsh/finsh_error.o
                0x90008ca4                finsh_errno
 .text.finsh_error_string
                0x90008cbc       0x24 ./rt-thread/components/finsh/finsh_error.o
                0x90008cbc                finsh_error_string
 .text.finsh_heap_init
                0x90008ce0       0x3c ./rt-thread/components/finsh/finsh_heap.o
                0x90008ce0                finsh_heap_init
 .text.finsh_heap_allocate
                0x90008d1c       0xa8 ./rt-thread/components/finsh/finsh_heap.o
                0x90008d1c                finsh_heap_allocate
 .text.finsh_heap_free
                0x90008dc4       0x38 ./rt-thread/components/finsh/finsh_heap.o
                0x90008dc4                finsh_heap_free
 .text.finsh_heap_gc
                0x90008dfc       0x88 ./rt-thread/components/finsh/finsh_heap.o
 .text.finsh_block_insert
                0x90008e84       0x84 ./rt-thread/components/finsh/finsh_heap.o
 .text.finsh_block_remove
                0x90008f08       0x5c ./rt-thread/components/finsh/finsh_heap.o
 .text.finsh_block_split
                0x90008f64       0x44 ./rt-thread/components/finsh/finsh_heap.o
 .text.finsh_block_merge
                0x90008fa8       0xec ./rt-thread/components/finsh/finsh_heap.o
 .text.finsh_init
                0x90009094       0x28 ./rt-thread/components/finsh/finsh_init.o
                0x90009094                finsh_init
 .text.finsh_stack_bottom
                0x900090bc       0x18 ./rt-thread/components/finsh/finsh_init.o
                0x900090bc                finsh_stack_bottom
 .text.finsh_flush
                0x900090d4       0x20 ./rt-thread/components/finsh/finsh_init.o
                0x900090d4                finsh_flush
 .text.finsh_node_init
                0x900090f4       0x1c ./rt-thread/components/finsh/finsh_node.o
                0x900090f4                finsh_node_init
 .text.finsh_node_allocate
                0x90009110       0x70 ./rt-thread/components/finsh/finsh_node.o
                0x90009110                finsh_node_allocate
 .text.finsh_node_new_id
                0x90009180       0xac ./rt-thread/components/finsh/finsh_node.o
                0x90009180                finsh_node_new_id
 .text.finsh_node_new_char
                0x9000922c       0x34 ./rt-thread/components/finsh/finsh_node.o
                0x9000922c                finsh_node_new_char
 .text.finsh_node_new_int
                0x90009260       0x30 ./rt-thread/components/finsh/finsh_node.o
                0x90009260                finsh_node_new_int
 .text.finsh_node_new_long
                0x90009290       0x30 ./rt-thread/components/finsh/finsh_node.o
                0x90009290                finsh_node_new_long
 .text.finsh_node_new_string
                0x900092c0       0x68 ./rt-thread/components/finsh/finsh_node.o
                0x900092c0                finsh_node_new_string
 .text.finsh_node_new_ptr
                0x90009328       0x30 ./rt-thread/components/finsh/finsh_node.o
                0x90009328                finsh_node_new_ptr
 .text.OP_no_op
                0x90009358       0x10 ./rt-thread/components/finsh/finsh_ops.o
                0x90009358                OP_no_op
 .text.OP_add_byte
                0x90009368       0x38 ./rt-thread/components/finsh/finsh_ops.o
                0x90009368                OP_add_byte
 .text.OP_add_word
                0x900093a0       0x44 ./rt-thread/components/finsh/finsh_ops.o
                0x900093a0                OP_add_word
 .text.OP_add_dword
                0x900093e4       0x38 ./rt-thread/components/finsh/finsh_ops.o
                0x900093e4                OP_add_dword
 .text.OP_sub_byte
                0x9000941c       0x38 ./rt-thread/components/finsh/finsh_ops.o
                0x9000941c                OP_sub_byte
 .text.OP_sub_word
                0x90009454       0x44 ./rt-thread/components/finsh/finsh_ops.o
                0x90009454                OP_sub_word
 .text.OP_sub_dword
                0x90009498       0x38 ./rt-thread/components/finsh/finsh_ops.o
                0x90009498                OP_sub_dword
 .text.OP_div_byte
                0x900094d0       0x3c ./rt-thread/components/finsh/finsh_ops.o
                0x900094d0                OP_div_byte
 .text.OP_div_word
                0x9000950c       0x40 ./rt-thread/components/finsh/finsh_ops.o
                0x9000950c                OP_div_word
 .text.OP_div_dword
                0x9000954c       0x38 ./rt-thread/components/finsh/finsh_ops.o
                0x9000954c                OP_div_dword
 .text.OP_mod_byte
                0x90009584       0x44 ./rt-thread/components/finsh/finsh_ops.o
                0x90009584                OP_mod_byte
 .text.OP_mod_word
                0x900095c8       0x48 ./rt-thread/components/finsh/finsh_ops.o
                0x900095c8                OP_mod_word
 .text.OP_mod_dword
                0x90009610       0x40 ./rt-thread/components/finsh/finsh_ops.o
                0x90009610                OP_mod_dword
 .text.OP_mul_byte
                0x90009650       0x3c ./rt-thread/components/finsh/finsh_ops.o
                0x90009650                OP_mul_byte
 .text.OP_mul_word
                0x9000968c       0x44 ./rt-thread/components/finsh/finsh_ops.o
                0x9000968c                OP_mul_word
 .text.OP_mul_dword
                0x900096d0       0x38 ./rt-thread/components/finsh/finsh_ops.o
                0x900096d0                OP_mul_dword
 .text.OP_and_byte
                0x90009708       0x38 ./rt-thread/components/finsh/finsh_ops.o
                0x90009708                OP_and_byte
 .text.OP_and_word
                0x90009740       0x3c ./rt-thread/components/finsh/finsh_ops.o
                0x90009740                OP_and_word
 .text.OP_and_dword
                0x9000977c       0x38 ./rt-thread/components/finsh/finsh_ops.o
                0x9000977c                OP_and_dword
 .text.OP_or_byte
                0x900097b4       0x38 ./rt-thread/components/finsh/finsh_ops.o
                0x900097b4                OP_or_byte
 .text.OP_or_word
                0x900097ec       0x3c ./rt-thread/components/finsh/finsh_ops.o
                0x900097ec                OP_or_word
 .text.OP_or_dword
                0x90009828       0x38 ./rt-thread/components/finsh/finsh_ops.o
                0x90009828                OP_or_dword
 .text.OP_xor_byte
                0x90009860       0x38 ./rt-thread/components/finsh/finsh_ops.o
                0x90009860                OP_xor_byte
 .text.OP_xor_word
                0x90009898       0x3c ./rt-thread/components/finsh/finsh_ops.o
                0x90009898                OP_xor_word
 .text.OP_xor_dword
                0x900098d4       0x38 ./rt-thread/components/finsh/finsh_ops.o
                0x900098d4                OP_xor_dword
 .text.OP_bw_byte
                0x9000990c       0x28 ./rt-thread/components/finsh/finsh_ops.o
                0x9000990c                OP_bw_byte
 .text.OP_bw_word
                0x90009934       0x28 ./rt-thread/components/finsh/finsh_ops.o
                0x90009934                OP_bw_word
 .text.OP_bw_dword
                0x9000995c       0x24 ./rt-thread/components/finsh/finsh_ops.o
                0x9000995c                OP_bw_dword
 .text.OP_shl_byte
                0x90009980       0x3c ./rt-thread/components/finsh/finsh_ops.o
                0x90009980                OP_shl_byte
 .text.OP_shl_word
                0x900099bc       0x40 ./rt-thread/components/finsh/finsh_ops.o
                0x900099bc                OP_shl_word
 .text.OP_shl_dword
                0x900099fc       0x38 ./rt-thread/components/finsh/finsh_ops.o
                0x900099fc                OP_shl_dword
 .text.OP_shr_byte
                0x90009a34       0x3c ./rt-thread/components/finsh/finsh_ops.o
                0x90009a34                OP_shr_byte
 .text.OP_shr_word
                0x90009a70       0x40 ./rt-thread/components/finsh/finsh_ops.o
                0x90009a70                OP_shr_word
 .text.OP_shr_dword
                0x90009ab0       0x38 ./rt-thread/components/finsh/finsh_ops.o
                0x90009ab0                OP_shr_dword
 .text.OP_ld_byte
                0x90009ae8       0x38 ./rt-thread/components/finsh/finsh_ops.o
                0x90009ae8                OP_ld_byte
 .text.OP_ld_word
                0x90009b20       0x48 ./rt-thread/components/finsh/finsh_ops.o
                0x90009b20                OP_ld_word
 .text.OP_ld_dword
                0x90009b68       0x5c ./rt-thread/components/finsh/finsh_ops.o
                0x90009b68                OP_ld_dword
 .text.OP_ld_value_byte
                0x90009bc4       0x68 ./rt-thread/components/finsh/finsh_ops.o
                0x90009bc4                OP_ld_value_byte
 .text.OP_ld_value_byte_stack
                0x90009c2c       0x2c ./rt-thread/components/finsh/finsh_ops.o
                0x90009c2c                OP_ld_value_byte_stack
 .text.OP_ld_value_word
                0x90009c58       0x68 ./rt-thread/components/finsh/finsh_ops.o
                0x90009c58                OP_ld_value_word
 .text.OP_ld_value_word_stack
                0x90009cc0       0x30 ./rt-thread/components/finsh/finsh_ops.o
                0x90009cc0                OP_ld_value_word_stack
 .text.OP_ld_value_dword
                0x90009cf0       0x68 ./rt-thread/components/finsh/finsh_ops.o
                0x90009cf0                OP_ld_value_dword
 .text.OP_ld_value_dword_stack
                0x90009d58       0x2c ./rt-thread/components/finsh/finsh_ops.o
                0x90009d58                OP_ld_value_dword_stack
 .text.OP_st_byte
                0x90009d84       0x30 ./rt-thread/components/finsh/finsh_ops.o
                0x90009d84                OP_st_byte
 .text.OP_st_word
                0x90009db4       0x34 ./rt-thread/components/finsh/finsh_ops.o
                0x90009db4                OP_st_word
 .text.OP_st_dword
                0x90009de8       0x30 ./rt-thread/components/finsh/finsh_ops.o
                0x90009de8                OP_st_dword
 .text.OP_pop   0x90009e18       0x1c ./rt-thread/components/finsh/finsh_ops.o
                0x90009e18                OP_pop
 .text.OP_call  0x90009e34      0x3e8 ./rt-thread/components/finsh/finsh_ops.o
                0x90009e34                OP_call
 .text.proc_variable_decl
                0x9000a21c      0x2c0 ./rt-thread/components/finsh/finsh_parser.o
 .text.proc_type
                0x9000a4dc      0x198 ./rt-thread/components/finsh/finsh_parser.o
 .text.proc_identifier
                0x9000a674       0x44 ./rt-thread/components/finsh/finsh_parser.o
 .text.proc_expr_statement
                0x9000a6b8       0x58 ./rt-thread/components/finsh/finsh_parser.o
 .text.proc_expr
                0x9000a710       0x18 ./rt-thread/components/finsh/finsh_parser.o
 .text.proc_assign_expr
                0x9000a728       0x4c ./rt-thread/components/finsh/finsh_parser.o
 .text.proc_inclusive_or_expr
                0x9000a774       0x68 ./rt-thread/components/finsh/finsh_parser.o
 .text.proc_exclusive_or_expr
                0x9000a7dc       0x68 ./rt-thread/components/finsh/finsh_parser.o
 .text.proc_and_expr
                0x9000a844       0x68 ./rt-thread/components/finsh/finsh_parser.o
 .text.proc_shift_expr
                0x9000a8ac       0x90 ./rt-thread/components/finsh/finsh_parser.o
 .text.proc_additive_expr
                0x9000a93c       0x90 ./rt-thread/components/finsh/finsh_parser.o
 .text.proc_multiplicative_expr
                0x9000a9cc       0xa8 ./rt-thread/components/finsh/finsh_parser.o
 .text.proc_cast_expr
                0x9000aa74       0x74 ./rt-thread/components/finsh/finsh_parser.o
 .text.proc_unary_expr
                0x9000aae8      0x104 ./rt-thread/components/finsh/finsh_parser.o
 .text.proc_postfix_expr
                0x9000abec       0xd0 ./rt-thread/components/finsh/finsh_parser.o
 .text.proc_primary_expr
                0x9000acbc      0x14c ./rt-thread/components/finsh/finsh_parser.o
 .text.proc_param_list
                0x9000ae08       0x74 ./rt-thread/components/finsh/finsh_parser.o
 .text.make_sys_node
                0x9000ae7c       0x44 ./rt-thread/components/finsh/finsh_parser.o
 .text.finsh_parser_run
                0x9000aec0      0x160 ./rt-thread/components/finsh/finsh_parser.o
                0x9000aec0                finsh_parser_run
 .text.finsh_parser_init
                0x9000b020       0x1c ./rt-thread/components/finsh/finsh_parser.o
                0x9000b020                finsh_parser_init
 .text.finsh_token_init
                0x9000b03c       0x24 ./rt-thread/components/finsh/finsh_token.o
                0x9000b03c                finsh_token_init
 .text.finsh_token_token
                0x9000b060       0x2c ./rt-thread/components/finsh/finsh_token.o
                0x9000b060                finsh_token_token
 .text.token_get_string
                0x9000b08c       0xa8 ./rt-thread/components/finsh/finsh_token.o
                0x9000b08c                token_get_string
 .text.token_next_char
                0x9000b134       0x68 ./rt-thread/components/finsh/finsh_token.o
 .text.token_prev_char
                0x9000b19c       0x34 ./rt-thread/components/finsh/finsh_token.o
 .text.token_run
                0x9000b1d0      0x344 ./rt-thread/components/finsh/finsh_token.o
 .text.token_match_name
                0x9000b514       0x54 ./rt-thread/components/finsh/finsh_token.o
 .text.token_trim_space
                0x9000b568       0x34 ./rt-thread/components/finsh/finsh_token.o
 .text.token_proc_char
                0x9000b59c       0xd8 ./rt-thread/components/finsh/finsh_token.o
 .text.token_proc_string
                0x9000b674       0x70 ./rt-thread/components/finsh/finsh_token.o
 .text.token_proc_escape
                0x9000b6e4      0x24c ./rt-thread/components/finsh/finsh_token.o
 .text.token_proc_number
                0x9000b930      0x1f0 ./rt-thread/components/finsh/finsh_token.o
 .text.token_spec_number
                0x9000bb20      0x100 ./rt-thread/components/finsh/finsh_token.o
 .text.finsh_var_init
                0x9000bc20       0x18 ./rt-thread/components/finsh/finsh_var.o
                0x9000bc20                finsh_var_init
 .text.finsh_var_insert
                0x9000bc38       0xb4 ./rt-thread/components/finsh/finsh_var.o
                0x9000bc38                finsh_var_insert
 .text.finsh_var_lookup
                0x9000bcec       0x60 ./rt-thread/components/finsh/finsh_var.o
                0x9000bcec                finsh_var_lookup
 .text.finsh_sysvar_lookup
                0x9000bd4c       0x84 ./rt-thread/components/finsh/finsh_var.o
                0x9000bd4c                finsh_sysvar_lookup
 .text.finsh_vm_run
                0x9000bdd0       0x64 ./rt-thread/components/finsh/finsh_vm.o
                0x9000bdd0                finsh_vm_run
 .text.finsh_syscall_lookup
                0x9000be34       0x84 ./rt-thread/components/finsh/finsh_vm.o
                0x9000be34                finsh_syscall_lookup
 .text.msh_is_used
                0x9000beb8       0x18 ./rt-thread/components/finsh/msh.o
                0x9000beb8                msh_is_used
 .text.msh_exit
                0x9000bed0       0x24 ./rt-thread/components/finsh/msh.o
 .text.msh_enter
                0x9000bef4       0x1c ./rt-thread/components/finsh/msh.o
 .text.msh_help
                0x9000bf10       0x7c ./rt-thread/components/finsh/msh.o
                0x9000bf10                msh_help
 .text.cmd_ps   0x9000bf8c       0x18 ./rt-thread/components/finsh/msh.o
                0x9000bf8c                cmd_ps
 .text.cmd_free
                0x9000bfa4       0x18 ./rt-thread/components/finsh/msh.o
                0x9000bfa4                cmd_free
 .text.msh_split
                0x9000bfbc      0x170 ./rt-thread/components/finsh/msh.o
 .text.msh_get_cmd
                0x9000c12c       0x80 ./rt-thread/components/finsh/msh.o
 .text._msh_exec_cmd
                0x9000c1ac       0xd4 ./rt-thread/components/finsh/msh.o
 .text.msh_exec
                0x9000c280       0x98 ./rt-thread/components/finsh/msh.o
                0x9000c280                msh_exec
 .text.str_common
                0x9000c318       0x4c ./rt-thread/components/finsh/msh.o
 .text.msh_auto_complete_path
                0x9000c364      0x228 ./rt-thread/components/finsh/msh.o
                0x9000c364                msh_auto_complete_path
 .text.msh_auto_complete
                0x9000c58c      0x104 ./rt-thread/components/finsh/msh.o
                0x9000c58c                msh_auto_complete
 .text.msh_readline
                0x9000c690       0xa4 ./rt-thread/components/finsh/msh_file.o
 .text.msh_exec_script
                0x9000c734      0x17c ./rt-thread/components/finsh/msh_file.o
                0x9000c734                msh_exec_script
 .text.cmd_ls   0x9000c8b0       0x34 ./rt-thread/components/finsh/msh_file.o
                0x9000c8b0                cmd_ls
 .text.cmd_cp   0x9000c8e4       0x44 ./rt-thread/components/finsh/msh_file.o
                0x9000c8e4                cmd_cp
 .text.cmd_mv   0x9000c928      0x138 ./rt-thread/components/finsh/msh_file.o
                0x9000c928                cmd_mv
 .text.cmd_cat  0x9000ca60       0x58 ./rt-thread/components/finsh/msh_file.o
                0x9000ca60                cmd_cat
 .text.cmd_rm   0x9000cab8       0x58 ./rt-thread/components/finsh/msh_file.o
                0x9000cab8                cmd_rm
 .text.cmd_cd   0x9000cb10       0x58 ./rt-thread/components/finsh/msh_file.o
                0x9000cb10                cmd_cd
 .text.cmd_pwd  0x9000cb68       0x24 ./rt-thread/components/finsh/msh_file.o
                0x9000cb68                cmd_pwd
 .text.cmd_mkdir
                0x9000cb8c       0x40 ./rt-thread/components/finsh/msh_file.o
                0x9000cb8c                cmd_mkdir
 .text.cmd_mkfs
                0x9000cbcc       0x90 ./rt-thread/components/finsh/msh_file.o
                0x9000cbcc                cmd_mkfs
 .text.cmd_df   0x9000cc5c       0x70 ./rt-thread/components/finsh/msh_file.o
                0x9000cc5c                cmd_df
 .text.cmd_echo
                0x9000cccc       0x94 ./rt-thread/components/finsh/msh_file.o
                0x9000cccc                cmd_echo
 .text.finsh_get_prompt
                0x9000cd60       0xc0 ./rt-thread/components/finsh/shell.o
                0x9000cd60                finsh_get_prompt
 .text.finsh_set_prompt_mode
                0x9000ce20       0x48 ./rt-thread/components/finsh/shell.o
                0x9000ce20                finsh_set_prompt_mode
 .text.finsh_getchar
                0x9000ce68       0x44 ./rt-thread/components/finsh/shell.o
 .text.shell_auto_complete
                0x9000ceac       0x48 ./rt-thread/components/finsh/shell.o
 .text.finsh_run_line
                0x9000cef4       0xd8 ./rt-thread/components/finsh/shell.o
                0x9000cef4                finsh_run_line
 .text.shell_handle_history
                0x9000cfcc       0x34 ./rt-thread/components/finsh/shell.o
 .text.shell_push_history
                0x9000d000      0x160 ./rt-thread/components/finsh/shell.o
 .text.finsh_thread_entry
                0x9000d160      0x618 ./rt-thread/components/finsh/shell.o
                0x9000d160                finsh_thread_entry
 .text.finsh_system_function_init
                0x9000d778       0x2c ./rt-thread/components/finsh/shell.o
                0x9000d778                finsh_system_function_init
 .text.finsh_system_var_init
                0x9000d7a4       0x2c ./rt-thread/components/finsh/shell.o
                0x9000d7a4                finsh_system_var_init
 .text.finsh_system_init
                0x9000d7d0       0xac ./rt-thread/components/finsh/shell.o
                0x9000d7d0                finsh_system_init
 .text.rt_list_init
                0x9000d87c       0x24 ./rt-thread/components/drivers/src/completion.o
 .text.rt_list_insert_before
                0x9000d8a0       0x34 ./rt-thread/components/drivers/src/completion.o
 .text.rt_list_isempty
                0x9000d8d4       0x24 ./rt-thread/components/drivers/src/completion.o
 .text.rt_completion_init
                0x9000d8f8       0x44 ./rt-thread/components/drivers/src/completion.o
                0x9000d8f8                rt_completion_init
 .text.rt_completion_wait
                0x9000d93c       0xfc ./rt-thread/components/drivers/src/completion.o
                0x9000d93c                rt_completion_wait
 .text.rt_completion_done
                0x9000da38       0x70 ./rt-thread/components/drivers/src/completion.o
                0x9000da38                rt_completion_done
 .text.rt_list_init
                0x9000daa8       0x24 ./rt-thread/components/drivers/src/waitqueue.o
 .text.rt_list_insert_before
                0x9000dacc       0x34 ./rt-thread/components/drivers/src/waitqueue.o
 .text.rt_list_remove
                0x9000db00       0x38 ./rt-thread/components/drivers/src/waitqueue.o
 .text.rt_list_isempty
                0x9000db38       0x24 ./rt-thread/components/drivers/src/waitqueue.o
 .text.rt_wqueue_add
                0x9000db5c       0x30 ./rt-thread/components/drivers/src/waitqueue.o
                0x9000db5c                rt_wqueue_add
 .text.rt_wqueue_remove
                0x9000db8c       0x28 ./rt-thread/components/drivers/src/waitqueue.o
                0x9000db8c                rt_wqueue_remove
 .text.__wqueue_default_wake
                0x9000dbb4       0x18 ./rt-thread/components/drivers/src/waitqueue.o
                0x9000dbb4                __wqueue_default_wake
 .text.rt_wqueue_wakeup
                0x9000dbcc       0x80 ./rt-thread/components/drivers/src/waitqueue.o
                0x9000dbcc                rt_wqueue_wakeup
 .text.rt_wqueue_wait
                0x9000dc4c       0xf8 ./rt-thread/components/drivers/src/waitqueue.o
                0x9000dc4c                rt_wqueue_wait
 .text.rt_poll_add
                0x9000dd44       0x30 ./rt-thread/components/drivers/serial/serial.o
 .text.serial_fops_rx_ind
                0x9000dd74       0x20 ./rt-thread/components/drivers/serial/serial.o
 .text.serial_fops_open
                0x9000dd94       0xbc ./rt-thread/components/drivers/serial/serial.o
 .text.serial_fops_close
                0x9000de50       0x28 ./rt-thread/components/drivers/serial/serial.o
 .text.serial_fops_ioctl
                0x9000de78       0x40 ./rt-thread/components/drivers/serial/serial.o
 .text.serial_fops_read
                0x9000deb8       0x64 ./rt-thread/components/drivers/serial/serial.o
 .text.serial_fops_write
                0x9000df1c       0x2c ./rt-thread/components/drivers/serial/serial.o
 .text.serial_fops_poll
                0x9000df48       0xa4 ./rt-thread/components/drivers/serial/serial.o
 .text._serial_poll_rx
                0x9000dfec       0x74 ./rt-thread/components/drivers/serial/serial.o
 .text._serial_poll_tx
                0x9000e060       0x7c ./rt-thread/components/drivers/serial/serial.o
 .text._serial_int_rx
                0x9000e0dc       0xd8 ./rt-thread/components/drivers/serial/serial.o
 .text._serial_int_tx
                0x9000e1b4       0x90 ./rt-thread/components/drivers/serial/serial.o
 .text._serial_check_buffer_size
                0x9000e244       0x38 ./rt-thread/components/drivers/serial/serial.o
 .text._serial_fifo_calc_recved_len
                0x9000e27c       0x88 ./rt-thread/components/drivers/serial/serial.o
 .text.rt_serial_init
                0x9000e304       0x5c ./rt-thread/components/drivers/serial/serial.o
 .text.rt_serial_open
                0x9000e360      0x20c ./rt-thread/components/drivers/serial/serial.o
 .text.rt_serial_close
                0x9000e56c       0xe0 ./rt-thread/components/drivers/serial/serial.o
 .text.rt_serial_read
                0x9000e64c       0x68 ./rt-thread/components/drivers/serial/serial.o
 .text.rt_serial_write
                0x9000e6b4       0x68 ./rt-thread/components/drivers/serial/serial.o
 .text.rt_serial_control
                0x9000e71c      0x100 ./rt-thread/components/drivers/serial/serial.o
 .text.rt_hw_serial_register
                0x9000e81c       0xa4 ./rt-thread/components/drivers/serial/serial.o
                0x9000e81c                rt_hw_serial_register
 .text.rt_hw_serial_isr
                0x9000e8c0      0x14c ./rt-thread/components/drivers/serial/serial.o
                0x9000e8c0                rt_hw_serial_isr
 .text._adc_read
                0x9000ea0c       0x5c ./rt-thread/components/drivers/misc/adc.o
 .text._adc_control
                0x9000ea68       0x5c ./rt-thread/components/drivers/misc/adc.o
 .text.rt_hw_adc_register
                0x9000eac4       0x94 ./rt-thread/components/drivers/misc/adc.o
                0x9000eac4                rt_hw_adc_register
 .text.rt_adc_read
                0x9000eb58       0x3c ./rt-thread/components/drivers/misc/adc.o
                0x9000eb58                rt_adc_read
 .text.rt_adc_enable
                0x9000eb94       0x54 ./rt-thread/components/drivers/misc/adc.o
                0x9000eb94                rt_adc_enable
 .text.rt_adc_disable
                0x9000ebe8       0x54 ./rt-thread/components/drivers/misc/adc.o
                0x9000ebe8                rt_adc_disable
 .text.adc      0x9000ec3c      0x23c ./rt-thread/components/drivers/misc/adc.o
 .text._pin_read
                0x9000ee78       0x60 ./rt-thread/components/drivers/misc/pin.o
 .text._pin_write
                0x9000eed8       0x5c ./rt-thread/components/drivers/misc/pin.o
 .text._pin_control
                0x9000ef34       0x58 ./rt-thread/components/drivers/misc/pin.o
 .text.rt_device_pin_register
                0x9000ef8c       0x74 ./rt-thread/components/drivers/misc/pin.o
                0x9000ef8c                rt_device_pin_register
 .text.rt_pin_mode
                0x9000f000       0x40 ./rt-thread/components/drivers/misc/pin.o
                0x9000f000                rt_pin_mode
 .text.rt_pin_write
                0x9000f040       0x40 ./rt-thread/components/drivers/misc/pin.o
                0x9000f040                rt_pin_write
 .text.rt_pin_read
                0x9000f080       0x3c ./rt-thread/components/drivers/misc/pin.o
                0x9000f080                rt_pin_read
 .text.rt_pwm_enable
                0x9000f0bc       0x44 ./rt-thread/components/drivers/misc/rt_drv_pwm.o
                0x9000f0bc                rt_pwm_enable
 .text.rt_pwm_disable
                0x9000f100       0x44 ./rt-thread/components/drivers/misc/rt_drv_pwm.o
                0x9000f100                rt_pwm_disable
 .text.rt_pwm_set
                0x9000f144       0x50 ./rt-thread/components/drivers/misc/rt_drv_pwm.o
                0x9000f144                rt_pwm_set
 .text.pwm_enable
                0x9000f194       0x68 ./rt-thread/components/drivers/misc/rt_drv_pwm.o
 .text.pwm_disable
                0x9000f1fc       0x68 ./rt-thread/components/drivers/misc/rt_drv_pwm.o
 .text.pwm_set  0x9000f264       0x88 ./rt-thread/components/drivers/misc/rt_drv_pwm.o
 .text.dfs_init
                0x9000f2ec       0x9c ./rt-thread/components/dfs/src/dfs.o
                0x9000f2ec                dfs_init
 .text.dfs_lock
                0x9000f388       0x48 ./rt-thread/components/dfs/src/dfs.o
                0x9000f388                dfs_lock
 .text.dfs_unlock
                0x9000f3d0       0x14 ./rt-thread/components/dfs/src/dfs.o
                0x9000f3d0                dfs_unlock
 .text.fd_alloc
                0x9000f3e4      0x10c ./rt-thread/components/dfs/src/dfs.o
 .text.fd_new   0x9000f4f0       0x78 ./rt-thread/components/dfs/src/dfs.o
                0x9000f4f0                fd_new
 .text.fd_get   0x9000f568       0x80 ./rt-thread/components/dfs/src/dfs.o
                0x9000f568                fd_get
 .text.fd_put   0x9000f5e8       0x88 ./rt-thread/components/dfs/src/dfs.o
                0x9000f5e8                fd_put
 .text.fd_is_open
                0x9000f670       0xe8 ./rt-thread/components/dfs/src/dfs.o
                0x9000f670                fd_is_open
 .text.dfs_subdir
                0x9000f758       0x50 ./rt-thread/components/dfs/src/dfs.o
                0x9000f758                dfs_subdir
 .text.dfs_normalize_path
                0x9000f7a8      0x208 ./rt-thread/components/dfs/src/dfs.o
                0x9000f7a8                dfs_normalize_path
 .text.dfs_fdtable_get
                0x9000f9b0       0x1c ./rt-thread/components/dfs/src/dfs.o
                0x9000f9b0                dfs_fdtable_get
 .text.list_fd  0x9000f9cc      0x134 ./rt-thread/components/dfs/src/dfs.o
                0x9000f9cc                list_fd
 .text.dfs_file_open
                0x9000fb00      0x148 ./rt-thread/components/dfs/src/dfs_file.o
                0x9000fb00                dfs_file_open
 .text.dfs_file_close
                0x9000fc48       0x54 ./rt-thread/components/dfs/src/dfs_file.o
                0x9000fc48                dfs_file_close
 .text.dfs_file_read
                0x9000fc9c       0x58 ./rt-thread/components/dfs/src/dfs_file.o
                0x9000fc9c                dfs_file_read
 .text.dfs_file_getdents
                0x9000fcf4       0x48 ./rt-thread/components/dfs/src/dfs_file.o
                0x9000fcf4                dfs_file_getdents
 .text.dfs_file_unlink
                0x9000fd3c       0xcc ./rt-thread/components/dfs/src/dfs_file.o
                0x9000fd3c                dfs_file_unlink
 .text.dfs_file_write
                0x9000fe08       0x40 ./rt-thread/components/dfs/src/dfs_file.o
                0x9000fe08                dfs_file_write
 .text.dfs_file_lseek
                0x9000fe48       0x4c ./rt-thread/components/dfs/src/dfs_file.o
                0x9000fe48                dfs_file_lseek
 .text.dfs_file_stat
                0x9000fe94      0x12c ./rt-thread/components/dfs/src/dfs_file.o
                0x9000fe94                dfs_file_stat
 .text.dfs_file_rename
                0x9000ffc0       0xdc ./rt-thread/components/dfs/src/dfs_file.o
                0x9000ffc0                dfs_file_rename
 .text.ls       0x9001009c      0x120 ./rt-thread/components/dfs/src/dfs_file.o
                0x9001009c                ls
 .text.rm       0x900101bc       0x28 ./rt-thread/components/dfs/src/dfs_file.o
                0x900101bc                rm
 .text.cat      0x900101e4       0x74 ./rt-thread/components/dfs/src/dfs_file.o
                0x900101e4                cat
 .text.copyfile
                0x90010258       0xe0 ./rt-thread/components/dfs/src/dfs_file.o
 .text.copydir  0x90010338      0x18c ./rt-thread/components/dfs/src/dfs_file.o
 .text._get_path_lastname
                0x900104c4       0x2c ./rt-thread/components/dfs/src/dfs_file.o
 .text.copy     0x900104f0      0x15c ./rt-thread/components/dfs/src/dfs_file.o
                0x900104f0                copy
 .text.dfs_register
                0x9001064c       0xc0 ./rt-thread/components/dfs/src/dfs_fs.o
                0x9001064c                dfs_register
 .text.dfs_filesystem_lookup
                0x9001070c       0xc4 ./rt-thread/components/dfs/src/dfs_fs.o
                0x9001070c                dfs_filesystem_lookup
 .text.dfs_mount
                0x900107d0      0x244 ./rt-thread/components/dfs/src/dfs_fs.o
                0x900107d0                dfs_mount
 .text.dfs_mkfs
                0x90010a14      0x104 ./rt-thread/components/dfs/src/dfs_fs.o
                0x90010a14                dfs_mkfs
 .text.dfs_statfs
                0x90010b18       0x40 ./rt-thread/components/dfs/src/dfs_fs.o
                0x90010b18                dfs_statfs
 .text.mkfs     0x90010b58       0x1c ./rt-thread/components/dfs/src/dfs_fs.o
                0x90010b58                mkfs
 .text.df       0x90010b74      0x190 ./rt-thread/components/dfs/src/dfs_fs.o
                0x90010b74                df
 .text.open     0x90010d04       0x6c ./rt-thread/components/dfs/src/dfs_posix.o
                0x90010d04                open
 .text.close    0x90010d70       0x54 ./rt-thread/components/dfs/src/dfs_posix.o
                0x90010d70                close
 .text.read     0x90010dc4       0x5c ./rt-thread/components/dfs/src/dfs_posix.o
                0x90010dc4                read
 .text.write    0x90010e20       0x5c ./rt-thread/components/dfs/src/dfs_posix.o
                0x90010e20                write
 .text.lseek    0x90010e7c       0xb4 ./rt-thread/components/dfs/src/dfs_posix.o
                0x90010e7c                lseek
 .text.rename   0x90010f30       0x30 ./rt-thread/components/dfs/src/dfs_posix.o
                0x90010f30                rename
 .text.unlink   0x90010f60       0x2c ./rt-thread/components/dfs/src/dfs_posix.o
                0x90010f60                unlink
 .text.mkdir    0x90010f8c       0x78 ./rt-thread/components/dfs/src/dfs_posix.o
                0x90010f8c                mkdir
 .text.opendir  0x90011004       0x98 ./rt-thread/components/dfs/src/dfs_posix.o
                0x90011004                opendir
 .text.readdir  0x9001109c       0xbc ./rt-thread/components/dfs/src/dfs_posix.o
                0x9001109c                readdir
 .text.rewinddir
                0x90011158       0x54 ./rt-thread/components/dfs/src/dfs_posix.o
                0x90011158                rewinddir
 .text.closedir
                0x900111ac       0x60 ./rt-thread/components/dfs/src/dfs_posix.o
                0x900111ac                closedir
 .text.chdir    0x9001120c       0xac ./rt-thread/components/dfs/src/dfs_posix.o
                0x9001120c                chdir
 .text.getcwd   0x900112b8       0x2c ./rt-thread/components/dfs/src/dfs_posix.o
                0x900112b8                getcwd
 .text.dfs_device_fs_mount
                0x900112e4       0x1c ./rt-thread/components/dfs/filesystems/devfs/devfs.o
                0x900112e4                dfs_device_fs_mount
 .text.dfs_device_fs_ioctl
                0x90011300       0x60 ./rt-thread/components/dfs/filesystems/devfs/devfs.o
                0x90011300                dfs_device_fs_ioctl
 .text.dfs_device_fs_read
                0x90011360       0x68 ./rt-thread/components/dfs/filesystems/devfs/devfs.o
                0x90011360                dfs_device_fs_read
 .text.dfs_device_fs_write
                0x900113c8       0x68 ./rt-thread/components/dfs/filesystems/devfs/devfs.o
                0x900113c8                dfs_device_fs_write
 .text.dfs_device_fs_close
                0x90011430       0x8c ./rt-thread/components/dfs/filesystems/devfs/devfs.o
                0x90011430                dfs_device_fs_close
 .text.dfs_device_fs_open
                0x900114bc      0x16c ./rt-thread/components/dfs/filesystems/devfs/devfs.o
                0x900114bc                dfs_device_fs_open
 .text.dfs_device_fs_stat
                0x90011628       0xe0 ./rt-thread/components/dfs/filesystems/devfs/devfs.o
                0x90011628                dfs_device_fs_stat
 .text.dfs_device_fs_getdents
                0x90011708       0xdc ./rt-thread/components/dfs/filesystems/devfs/devfs.o
                0x90011708                dfs_device_fs_getdents
 .text.dfs_device_fs_poll
                0x900117e4       0x1c ./rt-thread/components/dfs/filesystems/devfs/devfs.o
 .text.devfs_init
                0x90011800       0x14 ./rt-thread/components/dfs/filesystems/devfs/devfs.o
                0x90011800                devfs_init
 .text.stm32_adc_enabled
                0x90011814       0x48 ./libraries/drivers/drv_adc.o
 .text.stm32_adc_get_channel
                0x9001185c      0x13c ./libraries/drivers/drv_adc.o
 .text.stm32_get_adc_value
                0x90011998       0xf8 ./libraries/drivers/drv_adc.o
 .text.stm32_adc_init
                0x90011a90      0x14c ./libraries/drivers/drv_adc.o
 .text.__NVIC_SetPriority
                0x90011bdc       0x54 ./libraries/drivers/drv_common.o
 .text.reboot   0x90011c30       0x18 ./libraries/drivers/drv_common.o
 .text.rt_hw_systick_init
                0x90011c48       0x30 ./libraries/drivers/drv_common.o
                0x90011c48                rt_hw_systick_init
 .text.SysTick_Handler
                0x90011c78       0x18 ./libraries/drivers/drv_common.o
                0x90011c78                SysTick_Handler
 .text.HAL_GetTick
                0x90011c90       0x24 ./libraries/drivers/drv_common.o
                0x90011c90                HAL_GetTick
 .text.HAL_InitTick
                0x90011cb4       0x18 ./libraries/drivers/drv_common.o
                0x90011cb4                HAL_InitTick
 .text._Error_Handler
                0x90011ccc        0xc ./libraries/drivers/drv_common.o
                0x90011ccc                _Error_Handler
 .text.hw_board_init
                0x90011cd8       0x44 ./libraries/drivers/drv_common.o
                0x90011cd8                hw_board_init
 .text.get_pin  0x90011d1c       0x48 ./libraries/drivers/drv_gpio.o
 .text.stm32_pin_write
                0x90011d64       0x3c ./libraries/drivers/drv_gpio.o
 .text.stm32_pin_read
                0x90011da0       0x44 ./libraries/drivers/drv_gpio.o
 .text.stm32_pin_mode
                0x90011de4       0x98 ./libraries/drivers/drv_gpio.o
 .text.bit2bitno
                0x90011e7c       0x40 ./libraries/drivers/drv_gpio.o
 .text.get_pin_irq_map
                0x90011ebc       0x34 ./libraries/drivers/drv_gpio.o
 .text.stm32_pin_attach_irq
                0x90011ef0      0x148 ./libraries/drivers/drv_gpio.o
 .text.stm32_pin_dettach_irq
                0x90012038       0xd0 ./libraries/drivers/drv_gpio.o
 .text.stm32_pin_irq_enable
                0x90012108      0x1e0 ./libraries/drivers/drv_gpio.o
 .text.pin_irq_hdr
                0x900122e8       0x54 ./libraries/drivers/drv_gpio.o
 .text.HAL_GPIO_EXTI_Callback
                0x9001233c       0x24 ./libraries/drivers/drv_gpio.o
                0x9001233c                HAL_GPIO_EXTI_Callback
 .text.EXTI0_IRQHandler
                0x90012360       0x18 ./libraries/drivers/drv_gpio.o
                0x90012360                EXTI0_IRQHandler
 .text.EXTI1_IRQHandler
                0x90012378       0x18 ./libraries/drivers/drv_gpio.o
                0x90012378                EXTI1_IRQHandler
 .text.EXTI2_IRQHandler
                0x90012390       0x18 ./libraries/drivers/drv_gpio.o
                0x90012390                EXTI2_IRQHandler
 .text.EXTI3_IRQHandler
                0x900123a8       0x18 ./libraries/drivers/drv_gpio.o
                0x900123a8                EXTI3_IRQHandler
 .text.EXTI4_IRQHandler
                0x900123c0       0x18 ./libraries/drivers/drv_gpio.o
                0x900123c0                EXTI4_IRQHandler
 .text.EXTI9_5_IRQHandler
                0x900123d8       0x34 ./libraries/drivers/drv_gpio.o
                0x900123d8                EXTI9_5_IRQHandler
 .text.EXTI15_10_IRQHandler
                0x9001240c       0x40 ./libraries/drivers/drv_gpio.o
                0x9001240c                EXTI15_10_IRQHandler
 .text.rt_hw_pin_init
                0x9001244c      0x170 ./libraries/drivers/drv_gpio.o
                0x9001244c                rt_hw_pin_init
 .text.__NVIC_EnableIRQ
                0x900125bc       0x3c ./libraries/drivers/drv_usart.o
 .text.__NVIC_DisableIRQ
                0x900125f8       0x44 ./libraries/drivers/drv_usart.o
 .text.stm32_uart_clk_enable
                0x9001263c       0x50 ./libraries/drivers/drv_usart.o
 .text.stm32_gpio_clk_enable
                0x9001268c      0x278 ./libraries/drivers/drv_usart.o
 .text.up_char  0x90012904       0x34 ./libraries/drivers/drv_usart.o
 .text.get_pin_by_name
                0x90012938       0x5c ./libraries/drivers/drv_usart.o
 .text.stm32_get_pin
                0x90012994       0x38 ./libraries/drivers/drv_usart.o
 .text.stm32_gpio_configure
                0x900129cc      0x120 ./libraries/drivers/drv_usart.o
 .text.stm32_configure
                0x90012aec      0x148 ./libraries/drivers/drv_usart.o
 .text.stm32_control
                0x90012c34       0x84 ./libraries/drivers/drv_usart.o
 .text.stm32_putc
                0x90012cb8       0x58 ./libraries/drivers/drv_usart.o
 .text.stm32_getc
                0x90012d10       0x50 ./libraries/drivers/drv_usart.o
 .text.stm32_dma_transmit
                0x90012d60       0x64 ./libraries/drivers/drv_usart.o
 .text.uart_isr
                0x90012dc4      0x108 ./libraries/drivers/drv_usart.o
 .text.UART4_IRQHandler
                0x90012ecc       0x1c ./libraries/drivers/drv_usart.o
                0x90012ecc                UART4_IRQHandler
 .text.stm32_uart_get_dma_config
                0x90012ee8       0x1c ./libraries/drivers/drv_usart.o
 .text.rt_hw_usart_init
                0x90012f04      0x104 ./libraries/drivers/drv_usart.o
                0x90012f04                rt_hw_usart_init
 .text.HAL_Init
                0x90013008       0x70 ./libraries/STM32H7xx_HAL/STM32H7xx_HAL_Driver/Src/stm32h7xx_hal.o
                0x90013008                HAL_Init
 .text.HAL_IncTick
                0x90013078       0x28 ./libraries/STM32H7xx_HAL/STM32H7xx_HAL_Driver/Src/stm32h7xx_hal.o
                0x90013078                HAL_IncTick
 .text.HAL_GetREVID
                0x900130a0       0x18 ./libraries/STM32H7xx_HAL/STM32H7xx_HAL_Driver/Src/stm32h7xx_hal.o
                0x900130a0                HAL_GetREVID
 .text.LL_ADC_SetCommonClock
                0x900130b8       0x28 ./libraries/STM32H7xx_HAL/STM32H7xx_HAL_Driver/Src/stm32h7xx_hal_adc.o
 .text.LL_ADC_SetCommonPathInternalCh
                0x900130e0       0x28 ./libraries/STM32H7xx_HAL/STM32H7xx_HAL_Driver/Src/stm32h7xx_hal_adc.o
 .text.LL_ADC_GetCommonPathInternalCh
                0x90013108       0x1c ./libraries/STM32H7xx_HAL/STM32H7xx_HAL_Driver/Src/stm32h7xx_hal_adc.o
 .text.LL_ADC_SetOffset
                0x90013124       0x3c ./libraries/STM32H7xx_HAL/STM32H7xx_HAL_Driver/Src/stm32h7xx_hal_adc.o
 .text.LL_ADC_SetDataRightShift
                0x90013160       0x34 ./libraries/STM32H7xx_HAL/STM32H7xx_HAL_Driver/Src/stm32h7xx_hal_adc.o
 .text.LL_ADC_SetOffsetSignedSaturation
                0x90013194       0x30 ./libraries/STM32H7xx_HAL/STM32H7xx_HAL_Driver/Src/stm32h7xx_hal_adc.o
 .text.LL_ADC_REG_IsTriggerSourceSWStart
                0x900131c4       0x28 ./libraries/STM32H7xx_HAL/STM32H7xx_HAL_Driver/Src/stm32h7xx_hal_adc.o
 .text.LL_ADC_REG_SetSequencerRanks
                0x900131ec       0x54 ./libraries/STM32H7xx_HAL/STM32H7xx_HAL_Driver/Src/stm32h7xx_hal_adc.o
 .text.LL_ADC_SetChannelSamplingTime
                0x90013240       0x50 ./libraries/STM32H7xx_HAL/STM32H7xx_HAL_Driver/Src/stm32h7xx_hal_adc.o
 .text.LL_ADC_SetChannelSingleDiff
                0x90013290       0x48 ./libraries/STM32H7xx_HAL/STM32H7xx_HAL_Driver/Src/stm32h7xx_hal_adc.o
 .text.LL_ADC_GetMultimode
                0x900132d8       0x1c ./libraries/STM32H7xx_HAL/STM32H7xx_HAL_Driver/Src/stm32h7xx_hal_adc.o
 .text.LL_ADC_GetMultiDMATransfer
                0x900132f4       0x1c ./libraries/STM32H7xx_HAL/STM32H7xx_HAL_Driver/Src/stm32h7xx_hal_adc.o
 .text.LL_ADC_DisableDeepPowerDown
                0x90013310       0x24 ./libraries/STM32H7xx_HAL/STM32H7xx_HAL_Driver/Src/stm32h7xx_hal_adc.o
 .text.LL_ADC_IsDeepPowerDownEnabled
                0x90013334       0x28 ./libraries/STM32H7xx_HAL/STM32H7xx_HAL_Driver/Src/stm32h7xx_hal_adc.o
 .text.LL_ADC_EnableInternalRegulator
                0x9001335c       0x28 ./libraries/STM32H7xx_HAL/STM32H7xx_HAL_Driver/Src/stm32h7xx_hal_adc.o
 .text.LL_ADC_IsInternalRegulatorEnabled
                0x90013384       0x28 ./libraries/STM32H7xx_HAL/STM32H7xx_HAL_Driver/Src/stm32h7xx_hal_adc.o
 .text.LL_ADC_Enable
                0x900133ac       0x28 ./libraries/STM32H7xx_HAL/STM32H7xx_HAL_Driver/Src/stm32h7xx_hal_adc.o
 .text.LL_ADC_Disable
                0x900133d4       0x28 ./libraries/STM32H7xx_HAL/STM32H7xx_HAL_Driver/Src/stm32h7xx_hal_adc.o
 .text.LL_ADC_IsEnabled
                0x900133fc       0x1c ./libraries/STM32H7xx_HAL/STM32H7xx_HAL_Driver/Src/stm32h7xx_hal_adc.o
 .text.LL_ADC_IsDisableOngoing
                0x90013418       0x28 ./libraries/STM32H7xx_HAL/STM32H7xx_HAL_Driver/Src/stm32h7xx_hal_adc.o
 .text.LL_ADC_REG_StartConversion
                0x90013440       0x28 ./libraries/STM32H7xx_HAL/STM32H7xx_HAL_Driver/Src/stm32h7xx_hal_adc.o
 .text.LL_ADC_REG_IsConversionOngoing
                0x90013468       0x28 ./libraries/STM32H7xx_HAL/STM32H7xx_HAL_Driver/Src/stm32h7xx_hal_adc.o
 .text.LL_ADC_INJ_IsConversionOngoing
                0x90013490       0x28 ./libraries/STM32H7xx_HAL/STM32H7xx_HAL_Driver/Src/stm32h7xx_hal_adc.o
 .text.HAL_ADC_Init
                0x900134b8      0x340 ./libraries/STM32H7xx_HAL/STM32H7xx_HAL_Driver/Src/stm32h7xx_hal_adc.o
                0x900134b8                HAL_ADC_Init
 .text.HAL_ADC_Start
                0x900137f8      0x190 ./libraries/STM32H7xx_HAL/STM32H7xx_HAL_Driver/Src/stm32h7xx_hal_adc.o
                0x900137f8                HAL_ADC_Start
 .text.HAL_ADC_PollForConversion
                0x90013988      0x1d8 ./libraries/STM32H7xx_HAL/STM32H7xx_HAL_Driver/Src/stm32h7xx_hal_adc.o
                0x90013988                HAL_ADC_PollForConversion
 .text.HAL_ADC_GetValue
                0x90013b60       0x1c ./libraries/STM32H7xx_HAL/STM32H7xx_HAL_Driver/Src/stm32h7xx_hal_adc.o
                0x90013b60                HAL_ADC_GetValue
 .text.HAL_ADC_ConfigChannel
                0x90013b7c      0x628 ./libraries/STM32H7xx_HAL/STM32H7xx_HAL_Driver/Src/stm32h7xx_hal_adc.o
                0x90013b7c                HAL_ADC_ConfigChannel
 .text.ADC_Enable
                0x900141a4      0x108 ./libraries/STM32H7xx_HAL/STM32H7xx_HAL_Driver/Src/stm32h7xx_hal_adc.o
                0x900141a4                ADC_Enable
 .text.ADC_Disable
                0x900142ac       0xb0 ./libraries/STM32H7xx_HAL/STM32H7xx_HAL_Driver/Src/stm32h7xx_hal_adc.o
                0x900142ac                ADC_Disable
 .text.ADC_ConfigureBoostMode
                0x9001435c      0x200 ./libraries/STM32H7xx_HAL/STM32H7xx_HAL_Driver/Src/stm32h7xx_hal_adc.o
                0x9001435c                ADC_ConfigureBoostMode
 .text.LL_ADC_StartCalibration
                0x9001455c       0x3c ./libraries/STM32H7xx_HAL/STM32H7xx_HAL_Driver/Src/stm32h7xx_hal_adc_ex.o
 .text.LL_ADC_IsCalibrationOnGoing
                0x90014598       0x24 ./libraries/STM32H7xx_HAL/STM32H7xx_HAL_Driver/Src/stm32h7xx_hal_adc_ex.o
 .text.HAL_ADCEx_Calibration_Start
                0x900145bc       0xc8 ./libraries/STM32H7xx_HAL/STM32H7xx_HAL_Driver/Src/stm32h7xx_hal_adc_ex.o
                0x900145bc                HAL_ADCEx_Calibration_Start
 .text.__NVIC_SetPriorityGrouping
                0x90014684       0x48 ./libraries/STM32H7xx_HAL/STM32H7xx_HAL_Driver/Src/stm32h7xx_hal_cortex.o
 .text.__NVIC_GetPriorityGrouping
                0x900146cc       0x1c ./libraries/STM32H7xx_HAL/STM32H7xx_HAL_Driver/Src/stm32h7xx_hal_cortex.o
 .text.__NVIC_EnableIRQ
                0x900146e8       0x3c ./libraries/STM32H7xx_HAL/STM32H7xx_HAL_Driver/Src/stm32h7xx_hal_cortex.o
 .text.__NVIC_DisableIRQ
                0x90014724       0x44 ./libraries/STM32H7xx_HAL/STM32H7xx_HAL_Driver/Src/stm32h7xx_hal_cortex.o
 .text.__NVIC_SetPriority
                0x90014768       0x54 ./libraries/STM32H7xx_HAL/STM32H7xx_HAL_Driver/Src/stm32h7xx_hal_cortex.o
 .text.NVIC_EncodePriority
                0x900147bc       0x64 ./libraries/STM32H7xx_HAL/STM32H7xx_HAL_Driver/Src/stm32h7xx_hal_cortex.o
 .text.SysTick_Config
                0x90014820       0x44 ./libraries/STM32H7xx_HAL/STM32H7xx_HAL_Driver/Src/stm32h7xx_hal_cortex.o
 .text.HAL_NVIC_SetPriorityGrouping
                0x90014864       0x18 ./libraries/STM32H7xx_HAL/STM32H7xx_HAL_Driver/Src/stm32h7xx_hal_cortex.o
                0x90014864                HAL_NVIC_SetPriorityGrouping
 .text.HAL_NVIC_SetPriority
                0x9001487c       0x34 ./libraries/STM32H7xx_HAL/STM32H7xx_HAL_Driver/Src/stm32h7xx_hal_cortex.o
                0x9001487c                HAL_NVIC_SetPriority
 .text.HAL_NVIC_EnableIRQ
                0x900148b0       0x1c ./libraries/STM32H7xx_HAL/STM32H7xx_HAL_Driver/Src/stm32h7xx_hal_cortex.o
                0x900148b0                HAL_NVIC_EnableIRQ
 .text.HAL_NVIC_DisableIRQ
                0x900148cc       0x1c ./libraries/STM32H7xx_HAL/STM32H7xx_HAL_Driver/Src/stm32h7xx_hal_cortex.o
                0x900148cc                HAL_NVIC_DisableIRQ
 .text.HAL_SYSTICK_Config
                0x900148e8       0x18 ./libraries/STM32H7xx_HAL/STM32H7xx_HAL_Driver/Src/stm32h7xx_hal_cortex.o
                0x900148e8                HAL_SYSTICK_Config
 .text.HAL_MPU_Disable
                0x90014900       0x2c ./libraries/STM32H7xx_HAL/STM32H7xx_HAL_Driver/Src/stm32h7xx_hal_cortex.o
                0x90014900                HAL_MPU_Disable
 .text.HAL_MPU_Enable
                0x9001492c       0x3c ./libraries/STM32H7xx_HAL/STM32H7xx_HAL_Driver/Src/stm32h7xx_hal_cortex.o
                0x9001492c                HAL_MPU_Enable
 .text.HAL_MPU_ConfigRegion
                0x90014968       0x88 ./libraries/STM32H7xx_HAL/STM32H7xx_HAL_Driver/Src/stm32h7xx_hal_cortex.o
                0x90014968                HAL_MPU_ConfigRegion
 .text.HAL_SYSTICK_CLKSourceConfig
                0x900149f0       0x38 ./libraries/STM32H7xx_HAL/STM32H7xx_HAL_Driver/Src/stm32h7xx_hal_cortex.o
                0x900149f0                HAL_SYSTICK_CLKSourceConfig
 .text.HAL_DMA_Start_IT
                0x90014a28      0x3b8 ./libraries/STM32H7xx_HAL/STM32H7xx_HAL_Driver/Src/stm32h7xx_hal_dma.o
                0x90014a28                HAL_DMA_Start_IT
 .text.DMA_SetConfig
                0x90014de0      0x23c ./libraries/STM32H7xx_HAL/STM32H7xx_HAL_Driver/Src/stm32h7xx_hal_dma.o
 .text.HAL_GPIO_Init
                0x9001501c      0x360 ./libraries/STM32H7xx_HAL/STM32H7xx_HAL_Driver/Src/stm32h7xx_hal_gpio.o
                0x9001501c                HAL_GPIO_Init
 .text.HAL_GPIO_DeInit
                0x9001537c      0x214 ./libraries/STM32H7xx_HAL/STM32H7xx_HAL_Driver/Src/stm32h7xx_hal_gpio.o
                0x9001537c                HAL_GPIO_DeInit
 .text.HAL_GPIO_ReadPin
                0x90015590       0x30 ./libraries/STM32H7xx_HAL/STM32H7xx_HAL_Driver/Src/stm32h7xx_hal_gpio.o
                0x90015590                HAL_GPIO_ReadPin
 .text.HAL_GPIO_WritePin
                0x900155c0       0x34 ./libraries/STM32H7xx_HAL/STM32H7xx_HAL_Driver/Src/stm32h7xx_hal_gpio.o
                0x900155c0                HAL_GPIO_WritePin
 .text.HAL_GPIO_EXTI_IRQHandler
                0x900155f4       0x30 ./libraries/STM32H7xx_HAL/STM32H7xx_HAL_Driver/Src/stm32h7xx_hal_gpio.o
                0x900155f4                HAL_GPIO_EXTI_IRQHandler
 .text.HAL_PWREx_ConfigSupply
                0x90015624       0x6c ./libraries/STM32H7xx_HAL/STM32H7xx_HAL_Driver/Src/stm32h7xx_hal_pwr_ex.o
                0x90015624                HAL_PWREx_ConfigSupply
 .text.HAL_PWREx_EnableUSBVoltageDetector
                0x90015690       0x20 ./libraries/STM32H7xx_HAL/STM32H7xx_HAL_Driver/Src/stm32h7xx_hal_pwr_ex.o
                0x90015690                HAL_PWREx_EnableUSBVoltageDetector
 .text.HAL_RCC_OscConfig
                0x900156b0      0x770 ./libraries/STM32H7xx_HAL/STM32H7xx_HAL_Driver/Src/stm32h7xx_hal_rcc.o
                0x900156b0                HAL_RCC_OscConfig
 .text.HAL_RCC_ClockConfig
                0x90015e20      0x348 ./libraries/STM32H7xx_HAL/STM32H7xx_HAL_Driver/Src/stm32h7xx_hal_rcc.o
                0x90015e20                HAL_RCC_ClockConfig
 .text.HAL_RCC_GetSysClockFreq
                0x90016168      0x2e8 ./libraries/STM32H7xx_HAL/STM32H7xx_HAL_Driver/Src/stm32h7xx_hal_rcc.o
                0x90016168                HAL_RCC_GetSysClockFreq
 .text.HAL_RCC_GetHCLKFreq
                0x90016450       0x38 ./libraries/STM32H7xx_HAL/STM32H7xx_HAL_Driver/Src/stm32h7xx_hal_rcc.o
                0x90016450                HAL_RCC_GetHCLKFreq
 .text.HAL_RCC_GetPCLK1Freq
                0x90016488       0x2c ./libraries/STM32H7xx_HAL/STM32H7xx_HAL_Driver/Src/stm32h7xx_hal_rcc.o
                0x90016488                HAL_RCC_GetPCLK1Freq
 .text.HAL_RCC_GetPCLK2Freq
                0x900164b4       0x2c ./libraries/STM32H7xx_HAL/STM32H7xx_HAL_Driver/Src/stm32h7xx_hal_rcc.o
                0x900164b4                HAL_RCC_GetPCLK2Freq
 .text.HAL_RCCEx_PeriphCLKConfig
                0x900164e0      0xde0 ./libraries/STM32H7xx_HAL/STM32H7xx_HAL_Driver/Src/stm32h7xx_hal_rcc_ex.o
                0x900164e0                HAL_RCCEx_PeriphCLKConfig
 .text.HAL_RCCEx_GetPeriphCLKFreq
                0x900172c0      0x46c ./libraries/STM32H7xx_HAL/STM32H7xx_HAL_Driver/Src/stm32h7xx_hal_rcc_ex.o
                0x900172c0                HAL_RCCEx_GetPeriphCLKFreq
 .text.HAL_RCCEx_GetD3PCLK1Freq
                0x9001772c       0x2c ./libraries/STM32H7xx_HAL/STM32H7xx_HAL_Driver/Src/stm32h7xx_hal_rcc_ex.o
                0x9001772c                HAL_RCCEx_GetD3PCLK1Freq
 .text.HAL_RCCEx_GetPLL2ClockFreq
                0x90017758      0x298 ./libraries/STM32H7xx_HAL/STM32H7xx_HAL_Driver/Src/stm32h7xx_hal_rcc_ex.o
                0x90017758                HAL_RCCEx_GetPLL2ClockFreq
 .text.HAL_RCCEx_GetPLL3ClockFreq
                0x900179f0      0x298 ./libraries/STM32H7xx_HAL/STM32H7xx_HAL_Driver/Src/stm32h7xx_hal_rcc_ex.o
                0x900179f0                HAL_RCCEx_GetPLL3ClockFreq
 .text.HAL_RCCEx_GetPLL1ClockFreq
                0x90017c88      0x298 ./libraries/STM32H7xx_HAL/STM32H7xx_HAL_Driver/Src/stm32h7xx_hal_rcc_ex.o
                0x90017c88                HAL_RCCEx_GetPLL1ClockFreq
 .text.HAL_RCCEx_GetD1SysClockFreq
                0x90017f20       0x38 ./libraries/STM32H7xx_HAL/STM32H7xx_HAL_Driver/Src/stm32h7xx_hal_rcc_ex.o
                0x90017f20                HAL_RCCEx_GetD1SysClockFreq
 .text.RCCEx_PLL2_Config
                0x90017f58      0x164 ./libraries/STM32H7xx_HAL/STM32H7xx_HAL_Driver/Src/stm32h7xx_hal_rcc_ex.o
 .text.RCCEx_PLL3_Config
                0x900180bc      0x164 ./libraries/STM32H7xx_HAL/STM32H7xx_HAL_Driver/Src/stm32h7xx_hal_rcc_ex.o
 .text.HAL_UART_Init
                0x90018220       0xa0 ./libraries/STM32H7xx_HAL/STM32H7xx_HAL_Driver/Src/stm32h7xx_hal_uart.o
                0x90018220                HAL_UART_Init
 .text.HAL_UART_Transmit_DMA
                0x900182c0      0x100 ./libraries/STM32H7xx_HAL/STM32H7xx_HAL_Driver/Src/stm32h7xx_hal_uart.o
                0x900182c0                HAL_UART_Transmit_DMA
 .text.HAL_UART_TxCpltCallback
                0x900183c0       0x14 ./libraries/STM32H7xx_HAL/STM32H7xx_HAL_Driver/Src/stm32h7xx_hal_uart.o
                0x900183c0                HAL_UART_TxCpltCallback
 .text.HAL_UART_TxHalfCpltCallback
                0x900183d4       0x14 ./libraries/STM32H7xx_HAL/STM32H7xx_HAL_Driver/Src/stm32h7xx_hal_uart.o
                0x900183d4                HAL_UART_TxHalfCpltCallback
 .text.HAL_UART_ErrorCallback
                0x900183e8       0x14 ./libraries/STM32H7xx_HAL/STM32H7xx_HAL_Driver/Src/stm32h7xx_hal_uart.o
                0x900183e8                HAL_UART_ErrorCallback
 *fill*         0x900183fc        0x4 00000000
 .text.UART_SetConfig
                0x90018400     0x22bc ./libraries/STM32H7xx_HAL/STM32H7xx_HAL_Driver/Src/stm32h7xx_hal_uart.o
                0x90018400                UART_SetConfig
 .text.UART_AdvFeatureConfig
                0x9001a6bc      0x144 ./libraries/STM32H7xx_HAL/STM32H7xx_HAL_Driver/Src/stm32h7xx_hal_uart.o
                0x9001a6bc                UART_AdvFeatureConfig
 .text.UART_CheckIdleState
                0x9001a800       0x90 ./libraries/STM32H7xx_HAL/STM32H7xx_HAL_Driver/Src/stm32h7xx_hal_uart.o
                0x9001a800                UART_CheckIdleState
 .text.UART_WaitOnFlagUntilTimeout
                0x9001a890      0x100 ./libraries/STM32H7xx_HAL/STM32H7xx_HAL_Driver/Src/stm32h7xx_hal_uart.o
                0x9001a890                UART_WaitOnFlagUntilTimeout
 .text.UART_EndTxTransfer
                0x9001a990       0x3c ./libraries/STM32H7xx_HAL/STM32H7xx_HAL_Driver/Src/stm32h7xx_hal_uart.o
 .text.UART_EndRxTransfer
                0x9001a9cc       0x48 ./libraries/STM32H7xx_HAL/STM32H7xx_HAL_Driver/Src/stm32h7xx_hal_uart.o